Archive member included to satisfy reference by file (symbol)

c:/program files/microchip/xc8/v2.32/avr/bin/../lib/gcc/avr/5.4.0/avrxmega4/memx-const\libgcc.a(_exit.o)
                              C:/Users/M68150/.mchp_packs/Microchip/AVR-Dx_DFP/2.1.152/xc8/avr/lib/avrxmega4/memx-const/crtavr128da48.o (exit)
c:/program files/microchip/xc8/v2.32/avr/bin/../lib/gcc/avr/5.4.0/avrxmega4/memx-const\libgcc.a(_copy_data.o)
                              build/default/production/mcc_generated_files/system/src/config_bits.o (__do_copy_data)
c:/program files/microchip/xc8/v2.32/avr/bin/../lib/gcc/avr/5.4.0/avrxmega4/memx-const\libgcc.a(_xload_1.o)
                              build/default/production/main.o (__xload_1)
c:/program files/microchip/xc8/v2.32/avr/bin/../lib/gcc/avr/5.4.0/avrxmega4/memx-const\libgcc.a(_xload_2.o)
                              build/default/production/mcc_generated_files/i2c_host/src/twi0.o (__xload_2)
c:/program files/microchip/xc8/v2.32/avr/bin/../lib/gcc/avr/5.4.0/../../../../avr/lib/avrxmega4/memx-const\libc.a(memcpy_M.o)
                              build/default/production/main.o (memcpy)
c:/program files/microchip/xc8/v2.32/avr/bin/../lib/gcc/avr/5.4.0/../../../../avr/lib/avrxmega4/memx-const\libc.a(strchr_M.o)
                              build/default/production/main.o (strchr)
c:/program files/microchip/xc8/v2.32/avr/bin/../lib/gcc/avr/5.4.0/../../../../avr/lib/avrxmega4/memx-const\libc.a(strcmp_M.o)
                              build/default/production/main.o (strcmp)
c:/program files/microchip/xc8/v2.32/avr/bin/../lib/gcc/avr/5.4.0/../../../../avr/lib/avrxmega4/memx-const\libc.a(strlen_M.o)
                              build/default/production/main.o (strlen)
c:/program files/microchip/xc8/v2.32/avr/bin/../lib/gcc/avr/5.4.0/../../../../avr/lib/avrxmega4/memx-const\libc.a(strncat_M.o)
                              build/default/production/main.o (strncat)
c:/program files/microchip/xc8/v2.32/avr/bin/../lib/gcc/avr/5.4.0/../../../../avr/lib/avrxmega4/memx-const\libc.a(iob.o)
                              build/default/production/mcc_generated_files/uart/src/usart1.o (__iob)
c:/program files/microchip/xc8/v2.32/avr/bin/../lib/gcc/avr/5.4.0/../../../../avr/lib/avrxmega4/memx-const\libc.a(printf.o)
                              build/default/production/main.o (printf)
c:/program files/microchip/xc8/v2.32/avr/bin/../lib/gcc/avr/5.4.0/../../../../avr/lib/avrxmega4/memx-const\libc.a(puts.o)
                              build/default/production/main.o (puts)
c:/program files/microchip/xc8/v2.32/avr/bin/../lib/gcc/avr/5.4.0/../../../../avr/lib/avrxmega4/memx-const\libc.a(snprintf.o)
                              build/default/production/main.o (snprintf)
c:/program files/microchip/xc8/v2.32/avr/bin/../lib/gcc/avr/5.4.0/../../../../avr/lib/avrxmega4/memx-const\libc.a(vfprintf_std.o)
                              c:/program files/microchip/xc8/v2.32/avr/bin/../lib/gcc/avr/5.4.0/../../../../avr/lib/avrxmega4/memx-const\libc.a(printf.o) (vfprintf)
c:/program files/microchip/xc8/v2.32/avr/bin/../lib/gcc/avr/5.4.0/../../../../avr/lib/avrxmega4/memx-const\libc.a(strnlen_M.o)
                              c:/program files/microchip/xc8/v2.32/avr/bin/../lib/gcc/avr/5.4.0/../../../../avr/lib/avrxmega4/memx-const\libc.a(vfprintf_std.o) (strnlen)
c:/program files/microchip/xc8/v2.32/avr/bin/../lib/gcc/avr/5.4.0/../../../../avr/lib/avrxmega4/memx-const\libc.a(fputc.o)
                              c:/program files/microchip/xc8/v2.32/avr/bin/../lib/gcc/avr/5.4.0/../../../../avr/lib/avrxmega4/memx-const\libc.a(vfprintf_std.o) (fputc)
c:/program files/microchip/xc8/v2.32/avr/bin/../lib/gcc/avr/5.4.0/../../../../avr/lib/avrxmega4/memx-const\libc.a(ultoa_invert.o)
                              c:/program files/microchip/xc8/v2.32/avr/bin/../lib/gcc/avr/5.4.0/../../../../avr/lib/avrxmega4/memx-const\libc.a(vfprintf_std.o) (__ultoa_invert)

Allocating common symbols
Common symbol       size              file

USART1_TxInterruptHandler
                    0x2               build/default/production/mcc_generated_files/uart/src/usart1.o
Get_GPS_Cnt_String  0x5               build/default/production/main.o
USART_DummyBuffer   0x1               build/default/production/main.o
USART1_RxInterruptHandler
                    0x2               build/default/production/mcc_generated_files/uart/src/usart1.o
USART0_RxInterruptHandler
                    0x2               build/default/production/mcc_generated_files/uart/src/usart0.o
USART1_FramingErrorHandler
                    0x2               build/default/production/mcc_generated_files/uart/src/usart1.o
USART1_OverrunErrorHandler
                    0x2               build/default/production/mcc_generated_files/uart/src/usart1.o
USART0_TxInterruptHandler
                    0x2               build/default/production/mcc_generated_files/uart/src/usart0.o
usart1TxBufferRemaining
[...]
Memory Configuration

Name             Origin             Length             Attributes
text             0x0000000000000000 0x0000000000020000 xr
data             0x0000000000804000 0x0000000000004000 rw !x
eeprom           0x0000000000810000 0x0000000000000200 rw !x
fuse             0x0000000000820000 0x0000000000000010 rw !x
lock             0x0000000000830000 0x0000000000000400 rw !x
signature        0x0000000000840000 0x0000000000000400 rw !x
user_signatures  0x0000000000850000 0x0000000000000400 rw !x
*default*        0x0000000000000000 0xffffffffffffffff

Linker script and memory map

Address of section .data set to 0x804000
                0x0000000000008000                __RODATA_PM_OFFSET__ = 0x8000
LOAD C:/Users/M68150/.mchp_packs/Microchip/AVR-Dx_DFP/2.1.152/xc8/avr/lib/avrxmega4/memx-const/crtavr128da48.o
                0x0000000000000001                __MPLAB_BUILD = 0x1
LOAD build/default/production/mcc_generated_files/system/src/pins.o
LOAD build/default/production/mcc_generated_files/system/src/clock.o
LOAD build/default/production/mcc_generated_files/system/src/config_bits.o
LOAD build/default/production/mcc_generated_files/system/src/system.o
LOAD build/default/production/mcc_generated_files/system/src/protected_io.o
LOAD build/default/production/mcc_generated_files/system/src/interrupt.o
LOAD build/default/production/mcc_generated_files/timer/src/rtc.o
LOAD build/default/production/mcc_generated_files/timer/src/delay.o
LOAD build/default/production/mcc_generated_files/uart/src/usart0.o
LOAD build/default/production/mcc_generated_files/uart/src/usart1.o
LOAD build/default/production/main.o
LOAD build/default/production/src/BMI160_INIT.o
LOAD build/default/production/mcc_generated_files/i2c_host/src/twi0.o
START GROUP
LOAD c:/program files/microchip/xc8/v2.32/avr/bin/../lib/gcc/avr/5.4.0/../../../../avr/lib/avrxmega4/memx-const\libm.a
END GROUP
START GROUP
LOAD c:/program files/microchip/xc8/v2.32/avr/bin/../lib/gcc/avr/5.4.0/avrxmega4/memx-const\libgcc.a
LOAD c:/program files/microchip/xc8/v2.32/avr/bin/../lib/gcc/avr/5.4.0/../../../../avr/lib/avrxmega4/memx-const\libm.a
LOAD c:/program files/microchip/xc8/v2.32/avr/bin/../lib/gcc/avr/5.4.0/../../../../avr/lib/avrxmega4/memx-const\libc.a
LOAD C:/Users/M68150/.mchp_packs/Microchip/AVR-Dx_DFP/2.1.152/xc8/avr/lib/avrxmega4/memx-const\libavr128da48.a
END GROUP
                [0x0000000000000000]                __TEXT_REGION_ORIGIN__ = DEFINED (__TEXT_REGION_ORIGIN__)?__TEXT_REGION_ORIGIN__:0x0
                [0x0000000000804000]                __DATA_REGION_ORIGIN__ = DEFINED (__DATA_REGION_ORIGIN__)?__DATA_REGION_ORIGIN__:0x802000
                [0x0000000000020000]                __TEXT_REGION_LENGTH__ = DEFINED (__TEXT_REGION_LENGTH__)?__TEXT_REGION_LENGTH__:0x100000
                [0x0000000000004000]                __DATA_REGION_LENGTH__ = DEFINED (__DATA_REGION_LENGTH__)?__DATA_REGION_LENGTH__:0xffa0
                [0x0000000000000200]                __EEPROM_REGION_LENGTH__ = DEFINED (__EEPROM_REGION_LENGTH__)?__EEPROM_REGION_LENGTH__:0x10000
                [0x0000000000000010]                __FUSE_REGION_LENGTH__ = DEFINED (__FUSE_REGION_LENGTH__)?__FUSE_REGION_LENGTH__:0x400
                0x0000000000000400                __LOCK_REGION_LENGTH__ = DEFINED (__LOCK_REGION_LENGTH__)?__LOCK_REGION_LENGTH__:0x400
                0x0000000000000400                __SIGNATURE_REGION_LENGTH__ = DEFINED (__SIGNATURE_REGION_LENGTH__)?__SIGNATURE_REGION_LENGTH__:0x400
                0x0000000000000400                __USER_SIGNATURE_REGION_LENGTH__ = DEFINED (__USER_SIGNATURE_REGION_LENGTH__)?__USER_SIGNATURE_REGION_LENGTH__:0x400

.hash
 *(.hash)

.dynsym
 *(.dynsym)

.dynstr
 *(.dynstr)

.gnu.version
 *(.gnu.version)

.gnu.version_d
 *(.gnu.version_d)

.gnu.version_r
 *(.gnu.version_r)

.rel.init
 *(.rel.init)

.rela.init
 *(.rela.init)

.rel.text
 *(.rel.text)
 *(.rel.text.*)
 *(.rel.gnu.linkonce.t*)

.rela.text
 *(.rela.text)
 *(.rela.text.*)
 *(.rela.gnu.linkonce.t*)

.rel.fini
 *(.rel.fini)

.rela.fini
 *(.rela.fini)

.rel.rodata
 *(.rel.rodata)
 *(.rel.rodata.*)
 *(.rel.gnu.linkonce.r*)

.rela.rodata
 *(.rela.rodata)
 *(.rela.rodata.*)
 *(.rela.gnu.linkonce.r*)

.rel.data
 *(.rel.data)
 *(.rel.data.*)
 *(.rel.gnu.linkonce.d*)

.rela.data
 *(.rela.data)
 *(.rela.data.*)
 *(.rela.gnu.linkonce.d*)

.rel.ctors
 *(.rel.ctors)

.rela.ctors
 *(.rela.ctors)

.rel.dtors
 *(.rel.dtors)

.rela.dtors
 *(.rela.dtors)

.rel.got
 *(.rel.got)

.rela.got
 *(.rela.got)

.rel.bss
 *(.rel.bss)

.rela.bss
 *(.rela.bss)

.rel.plt
 *(.rel.plt)

.rela.plt
 *(.rela.plt)

.text           0x0000000000000000      0x15e
 *(.vectors)
 .vectors       0x0000000000000000       0xe8 C:/Users/M68150/.mchp_packs/Microchip/AVR-Dx_DFP/2.1.152/xc8/avr/lib/avrxmega4/memx-const/crtavr128da48.o
                0x0000000000000000                __vector_default
                0x0000000000000000                __vectors
 *(.vectors)
 *(.progmem.gcc*)
 *(.dinit)
 .dinit         0x00000000000000e8       0x1d data_init
                0x0000000000000106                . = ALIGN (0x2)
 *fill*         0x0000000000000105        0x1 
                0x0000000000000106                __trampolines_start = .
 *(.trampolines)
 .trampolines   0x0000000000000106        0x0 linker stubs
 *(.trampolines*)
                0x0000000000000106                __trampolines_end = .
 *libprintf_flt.a:*(.progmem.data)
 *libc.a:*(.progmem.data)
                0x0000000000000106                . = ALIGN (0x2)
 *(.jumptables)
 *(.jumptables*)
 *(.lowtext)
 *(.lowtext*)
                0x0000000000000106                __ctors_start = .
 *(.ctors)
                0x0000000000000106                __ctors_end = .
                0x0000000000000106                __dtors_start = .
 *(.dtors)
                0x0000000000000106                __dtors_end = .
 SORT(*)(.ctors)
 SORT(*)(.dtors)
 *(.init0)
 .init0         0x0000000000000106        0x0 C:/Users/M68150/.mchp_packs/Microchip/AVR-Dx_DFP/2.1.152/xc8/avr/lib/avrxmega4/memx-const/crtavr128da48.o
                0x0000000000000106                __init
 *(.init0)
 *(.init1)
 *(.init1)
 *(.init2)
 .init2         0x0000000000000106        0xc C:/Users/M68150/.mchp_packs/Microchip/AVR-Dx_DFP/2.1.152/xc8/avr/lib/avrxmega4/memx-const/crtavr128da48.o
 *(.init2)
 *(.init3)
 *(.init3)
 *(.init4)
 .init4         0x0000000000000112       0x40 c:/program files/microchip/xc8/v2.32/avr/bin/../lib/gcc/avr/5.4.0/avrxmega4/memx-const\libgcc.a(_copy_data.o)
                0x0000000000000112                __do_copy_data
                0x0000000000000144                __do_clear_bss
 *(.init4)
 *(.init5)
 *(.init5)
 *(.init6)
 *(.init6)
 *(.init7)
 *(.init7)
 *(.init8)
 *(.init8)
 *(.init9)
 .init9         0x0000000000000152        0x8 C:/Users/M68150/.mchp_packs/Microchip/AVR-Dx_DFP/2.1.152/xc8/avr/lib/avrxmega4/memx-const/crtavr128da48.o
 *(.init9)
                0x000000000000015a                . = ALIGN (0x2)
 *(.fini9)
 .fini9         0x000000000000015a        0x0 c:/program files/microchip/xc8/v2.32/avr/bin/../lib/gcc/avr/5.4.0/avrxmega4/memx-const\libgcc.a(_exit.o)
                0x000000000000015a                _exit
                0x000000000000015a                exit
 *(.fini9)
 *(.fini8)
 *(.fini8)
 *(.fini7)
 *(.fini7)
 *(.fini6)
 *(.fini6)
 *(.fini5)
 *(.fini5)
 *(.fini4)
 *(.fini4)
 *(.fini3)
 *(.fini3)
 *(.fini2)
 *(.fini2)
 *(.fini1)
 *(.fini1)
 *(.fini0)
 .fini0         0x000000000000015a        0x4 c:/program files/microchip/xc8/v2.32/avr/bin/../lib/gcc/avr/5.4.0/avrxmega4/memx-const\libgcc.a(_exit.o)
 *(.fini0)
                0x000000000000015e                _etext = .

.data           0x0000000000804000        0x0 load address 0x000000000000015e
                [!provide]                        PROVIDE (__data_start, .)
 *(.gnu.linkonce.d*)
 *(.gnu.linkonce.r*)
                0x0000000000804000                . = ALIGN (0x2)
                0x0000000000804000                _edata = .
                [!provide]                        PROVIDE (__data_end, .)

.bss            0x0000000000804000      0x169
                [!provide]                        PROVIDE (__bss_start, .)
 *(COMMON)
 COMMON         0x0000000000804000        0xc build/default/production/mcc_generated_files/uart/src/usart0.o
                0x0000000000804000                USART0_RxInterruptHandler
                0x0000000000804002                USART0_TxInterruptHandler
                0x0000000000804004                USART0_OverrunErrorHandler
                0x0000000000804006                usart0TxBufferRemaining
                0x0000000000804007                usart0RxCount
                0x0000000000804008                USART0_FramingErrorHandler
                0x000000000080400a                USART0_ParityErrorHandler
 COMMON         0x000000000080400c        0xc build/default/production/mcc_generated_files/uart/src/usart1.o
                0x000000000080400c                USART1_TxInterruptHandler
                0x000000000080400e                USART1_RxInterruptHandler
                0x0000000000804010                USART1_FramingErrorHandler
                0x0000000000804012                USART1_OverrunErrorHandler
                0x0000000000804014                usart1TxBufferRemaining
                0x0000000000804015                usart1RxCount
                0x0000000000804016                USART1_ParityErrorHandler
 COMMON         0x0000000000804018      0x14b build/default/production/main.o
                0x0000000000804018                Get_GPS_Cnt_String
                0x000000000080401d                USART_DummyBuffer
                0x000000000080401e                GPS_USART0_Buffer
                0x00000000008040e6                receiveData
                0x00000000008040e7                GPS_Data
                0x000000000080414b                GPRMC_Fields
 COMMON         0x0000000000804163        0x6 c:/program files/microchip/xc8/v2.32/avr/bin/../lib/gcc/avr/5.4.0/../../../../avr/lib/avrxmega4/memx-const\libc.a(iob.o)
                0x0000000000804163                __iob
                [!provide]                        PROVIDE (__bss_end, .)
                0x000000000000015e                __data_load_start = LOADADDR (.data)
                0x000000000000015e                __data_load_end = (__data_load_start + SIZEOF (.data))

.noinit         0x0000000000804169        0x0
                [!provide]                        PROVIDE (__noinit_start, .)
 *(.noinit*)
                [!provide]                        PROVIDE (__noinit_end, .)
                0x0000000000804169                _end = .

.eeprom         0x0000000000810000        0x0
 *(.eeprom*)
                0x0000000000810000                __eeprom_end = .

.fuse           0x0000000000820000        0x9
 *(.fuse)
 .fuse          0x0000000000820000        0x9 build/default/production/mcc_generated_files/system/src/config_bits.o
                0x0000000000820000                __fuse
 *(.lfuse)
 *(.hfuse)
 *(.efuse)

.lock
 *(.lock*)

.signature
 *(.signature*)

.user_signatures
 *(.user_signatures*)

.stab
 *(.stab)

.stabstr
 *(.stabstr)

.stab.excl
 *(.stab.excl)

.stab.exclstr
 *(.stab.exclstr)

.stab.index
 *(.stab.index)

.stab.indexstr
 *(.stab.indexstr)

.comment        0x0000000000000000       0x5b
 *(.comment)
 .comment       0x0000000000000000       0x2f build/default/production/mcc_generated_files/system/src/pins.o
                                         0x30 (size before relaxing)
 .comment       0x000000000000002f       0x30 build/default/production/mcc_generated_files/system/src/clock.o
 .comment       0x000000000000002f       0x30 build/default/production/mcc_generated_files/system/src/config_bits.o
 .comment       0x000000000000002f       0x30 build/default/production/mcc_generated_files/system/src/system.o
 .comment       0x000000000000002f       0x30 build/default/production/mcc_generated_files/system/src/interrupt.o
 .comment       0x000000000000002f       0x30 build/default/production/mcc_generated_files/timer/src/rtc.o
 .comment       0x000000000000002f       0x30 build/default/production/mcc_generated_files/timer/src/delay.o
 .comment       0x000000000000002f       0x30 build/default/production/mcc_generated_files/uart/src/usart0.o
 .comment       0x000000000000002f       0x30 build/default/production/mcc_generated_files/uart/src/usart1.o
 .comment       0x000000000000002f       0x30 build/default/production/main.o
 .comment       0x000000000000002f       0x30 build/default/production/src/BMI160_INIT.o
 .comment       0x000000000000002f       0x30 build/default/production/mcc_generated_files/i2c_host/src/twi0.o
 .comment       0x000000000000002f       0x2c c:/program files/microchip/xc8/v2.32/avr/bin/../lib/gcc/avr/5.4.0/../../../../avr/lib/avrxmega4/memx-const\libc.a(memcpy_M.o)
                                         0x2d (size before relaxing)
 .comment       0x000000000000005b       0x2d c:/program files/microchip/xc8/v2.32/avr/bin/../lib/gcc/avr/5.4.0/../../../../avr/lib/avrxmega4/memx-const\libc.a(strchr_M.o)
 .comment       0x000000000000005b       0x2d c:/program files/microchip/xc8/v2.32/avr/bin/../lib/gcc/avr/5.4.0/../../../../avr/lib/avrxmega4/memx-const\libc.a(strcmp_M.o)
 .comment       0x000000000000005b       0x2d c:/program files/microchip/xc8/v2.32/avr/bin/../lib/gcc/avr/5.4.0/../../../../avr/lib/avrxmega4/memx-const\libc.a(strlen_M.o)
 .comment       0x000000000000005b       0x2d c:/program files/microchip/xc8/v2.32/avr/bin/../lib/gcc/avr/5.4.0/../../../../avr/lib/avrxmega4/memx-const\libc.a(strncat_M.o)
 .comment       0x000000000000005b       0x2d c:/program files/microchip/xc8/v2.32/avr/bin/../lib/gcc/avr/5.4.0/../../../../avr/lib/avrxmega4/memx-const\libc.a(iob.o)
 .comment       0x000000000000005b       0x2d c:/program files/microchip/xc8/v2.32/avr/bin/../lib/gcc/avr/5.4.0/../../../../avr/lib/avrxmega4/memx-const\libc.a(printf.o)
 .comment       0x000000000000005b       0x2d c:/program files/microchip/xc8/v2.32/avr/bin/../lib/gcc/avr/5.4.0/../../../../avr/lib/avrxmega4/memx-const\libc.a(puts.o)
 .comment       0x000000000000005b       0x2d c:/program files/microchip/xc8/v2.32/avr/bin/../lib/gcc/avr/5.4.0/../../../../avr/lib/avrxmega4/memx-const\libc.a(snprintf.o)
 .comment       0x000000000000005b       0x2d c:/program files/microchip/xc8/v2.32/avr/bin/../lib/gcc/avr/5.4.0/../../../../avr/lib/avrxmega4/memx-const\libc.a(vfprintf_std.o)
 .comment       0x000000000000005b       0x2d c:/program files/microchip/xc8/v2.32/avr/bin/../lib/gcc/avr/5.4.0/../../../../avr/lib/avrxmega4/memx-const\libc.a(strnlen_M.o)
 .comment       0x000000000000005b       0x2d c:/program files/microchip/xc8/v2.32/avr/bin/../lib/gcc/avr/5.4.0/../../../../avr/lib/avrxmega4/memx-const\libc.a(fputc.o)

.stack.descriptors.hdr
                0x0000000000000000       0xe0
 .stack.descriptors.hdr
                0x0000000000000000        0xe c:/program files/microchip/xc8/v2.32/avr/bin/../lib/gcc/avr/5.4.0/avrxmega4/memx-const\libgcc.a(_exit.o)
 .stack.descriptors.hdr
                0x000000000000000e        0xe c:/program files/microchip/xc8/v2.32/avr/bin/../lib/gcc/avr/5.4.0/avrxmega4/memx-const\libgcc.a(_xload_1.o)
 .stack.descriptors.hdr
                0x000000000000001c        0xe c:/program files/microchip/xc8/v2.32/avr/bin/../lib/gcc/avr/5.4.0/avrxmega4/memx-const\libgcc.a(_xload_2.o)
 .stack.descriptors.hdr
                0x000000000000002a        0xe c:/program files/microchip/xc8/v2.32/avr/bin/../lib/gcc/avr/5.4.0/../../../../avr/lib/avrxmega4/memx-const\libc.a(memcpy_M.o)
 .stack.descriptors.hdr
                0x0000000000000038        0xe c:/program files/microchip/xc8/v2.32/avr/bin/../lib/gcc/avr/5.4.0/../../../../avr/lib/avrxmega4/memx-const\libc.a(strchr_M.o)
 .stack.descriptors.hdr
                0x0000000000000046        0xe c:/program files/microchip/xc8/v2.32/avr/bin/../lib/gcc/avr/5.4.0/../../../../avr/lib/avrxmega4/memx-const\libc.a(strcmp_M.o)
 .stack.descriptors.hdr
                0x0000000000000054        0xe c:/program files/microchip/xc8/v2.32/avr/bin/../lib/gcc/avr/5.4.0/../../../../avr/lib/avrxmega4/memx-const\libc.a(strlen_M.o)
 .stack.descriptors.hdr
                0x0000000000000062        0xe c:/program files/microchip/xc8/v2.32/avr/bin/../lib/gcc/avr/5.4.0/../../../../avr/lib/avrxmega4/memx-const\libc.a(strncat_M.o)
 .stack.descriptors.hdr
                0x0000000000000070        0xe c:/program files/microchip/xc8/v2.32/avr/bin/../lib/gcc/avr/5.4.0/../../../../avr/lib/avrxmega4/memx-const\libc.a(iob.o)
 .stack.descriptors.hdr
                0x000000000000007e        0xe c:/program files/microchip/xc8/v2.32/avr/bin/../lib/gcc/avr/5.4.0/../../../../avr/lib/avrxmega4/memx-const\libc.a(printf.o)
 .stack.descriptors.hdr
                0x000000000000008c        0xe c:/program files/microchip/xc8/v2.32/avr/bin/../lib/gcc/avr/5.4.0/../../../../avr/lib/avrxmega4/memx-const\libc.a(puts.o)
 .stack.descriptors.hdr
                0x000000000000009a        0xe c:/program files/microchip/xc8/v2.32/avr/bin/../lib/gcc/avr/5.4.0/../../../../avr/lib/avrxmega4/memx-const\libc.a(snprintf.o)
 .stack.descriptors.hdr
                0x00000000000000a8        0xe c:/program files/microchip/xc8/v2.32/avr/bin/../lib/gcc/avr/5.4.0/../../../../avr/lib/avrxmega4/memx-const\libc.a(vfprintf_std.o)
 .stack.descriptors.hdr
                0x00000000000000b6        0xe c:/program files/microchip/xc8/v2.32/avr/bin/../lib/gcc/avr/5.4.0/../../../../avr/lib/avrxmega4/memx-const\libc.a(strnlen_M.o)
 .stack.descriptors.hdr
                0x00000000000000c4        0xe c:/program files/microchip/xc8/v2.32/avr/bin/../lib/gcc/avr/5.4.0/../../../../avr/lib/avrxmega4/memx-const\libc.a(fputc.o)
 .stack.descriptors.hdr
                0x00000000000000d2        0xe c:/program files/microchip/xc8/v2.32/avr/bin/../lib/gcc/avr/5.4.0/../../../../avr/lib/avrxmega4/memx-const\libc.a(ultoa_invert.o)

.note.gnu.build-id
 *(.note.gnu.build-id)

.debug
 *(.debug)

.line
 *(.line)

.debug_srcinfo
 *(.debug_srcinfo)

.debug_sfnames
 *(.debug_sfnames)

.debug_aranges  0x0000000000000000      0x608
 *(.debug_aranges)
 .debug_aranges
                0x0000000000000000       0xf0 build/default/production/mcc_generated_files/system/src/pins.o
 .debug_aranges
                0x00000000000000f0       0x20 build/default/production/mcc_generated_files/system/src/clock.o
 .debug_aranges
                0x0000000000000110       0x18 build/default/production/mcc_generated_files/system/src/config_bits.o
 .debug_aranges
                0x0000000000000128       0x20 build/default/production/mcc_generated_files/system/src/system.o
 .debug_aranges
                0x0000000000000148       0x20 build/default/production/mcc_generated_files/system/src/protected_io.o
 .debug_aranges
                0x0000000000000168       0x20 build/default/production/mcc_generated_files/system/src/interrupt.o
 .debug_aranges
                0x0000000000000188       0xb8 build/default/production/mcc_generated_files/timer/src/rtc.o
 .debug_aranges
                0x0000000000000240       0x28 build/default/production/mcc_generated_files/timer/src/delay.o
 .debug_aranges
                0x0000000000000268      0x110 build/default/production/mcc_generated_files/uart/src/usart0.o
 .debug_aranges
                0x0000000000000378      0x118 build/default/production/mcc_generated_files/uart/src/usart1.o
 .debug_aranges
                0x0000000000000490       0x80 build/default/production/main.o
 .debug_aranges
                0x0000000000000510       0x40 build/default/production/src/BMI160_INIT.o
 .debug_aranges
                0x0000000000000550       0xb8 build/default/production/mcc_generated_files/i2c_host/src/twi0.o

.debug_pubnames
 *(.debug_pubnames)

.debug_info     0x0000000000000000     0xb519
 *(.debug_info .gnu.linkonce.wi.*)
 .debug_info    0x0000000000000000     0x3227 C:/Users/M68150/.mchp_packs/Microchip/AVR-Dx_DFP/2.1.152/xc8/avr/lib/avrxmega4/memx-const/crtavr128da48.o
 .debug_info    0x0000000000003227      0xe01 build/default/production/mcc_generated_files/system/src/pins.o
 .debug_info    0x0000000000004028      0x738 build/default/production/mcc_generated_files/system/src/clock.o
 .debug_info    0x0000000000004760      0x859 build/default/production/mcc_generated_files/system/src/config_bits.o
 .debug_info    0x0000000000004fb9      0x342 build/default/production/mcc_generated_files/system/src/system.o
 .debug_info    0x00000000000052fb       0xbb build/default/production/mcc_generated_files/system/src/protected_io.o
 .debug_info    0x00000000000053b6      0x3f1 build/default/production/mcc_generated_files/system/src/interrupt.o
 .debug_info    0x00000000000057a7      0x8d2 build/default/production/mcc_generated_files/timer/src/rtc.o
 .debug_info    0x0000000000006079      0x43e build/default/production/mcc_generated_files/timer/src/delay.o
 .debug_info    0x00000000000064b7     0x1192 build/default/production/mcc_generated_files/uart/src/usart0.o
 .debug_info    0x0000000000007649     0x133b build/default/production/mcc_generated_files/uart/src/usart1.o
 .debug_info    0x0000000000008984     0x1029 build/default/production/main.o
 .debug_info    0x00000000000099ad      0x9af build/default/production/src/BMI160_INIT.o
 .debug_info    0x000000000000a35c     0x11bd build/default/production/mcc_generated_files/i2c_host/src/twi0.o

.debug_abbrev   0x0000000000000000     0x449e
 *(.debug_abbrev)
 .debug_abbrev  0x0000000000000000     0x2f80 C:/Users/M68150/.mchp_packs/Microchip/AVR-Dx_DFP/2.1.152/xc8/avr/lib/avrxmega4/memx-const/crtavr128da48.o
 .debug_abbrev  0x0000000000002f80      0x182 build/default/production/mcc_generated_files/system/src/pins.o
 .debug_abbrev  0x0000000000003102      0x11d build/default/production/mcc_generated_files/system/src/clock.o
 .debug_abbrev  0x000000000000321f       0x97 build/default/production/mcc_generated_files/system/src/config_bits.o
 .debug_abbrev  0x00000000000032b6       0x58 build/default/production/mcc_generated_files/system/src/system.o
 .debug_abbrev  0x000000000000330e       0x14 build/default/production/mcc_generated_files/system/src/protected_io.o
 .debug_abbrev  0x0000000000003322       0xfa build/default/production/mcc_generated_files/system/src/interrupt.o
 .debug_abbrev  0x000000000000341c      0x14c build/default/production/mcc_generated_files/timer/src/rtc.o
 .debug_abbrev  0x0000000000003568      0x11e build/default/production/mcc_generated_files/timer/src/delay.o
 .debug_abbrev  0x0000000000003686      0x2de build/default/production/mcc_generated_files/uart/src/usart0.o
 .debug_abbrev  0x0000000000003964      0x39f build/default/production/mcc_generated_files/uart/src/usart1.o
 .debug_abbrev  0x0000000000003d03      0x2b5 build/default/production/main.o
 .debug_abbrev  0x0000000000003fb8      0x1c8 build/default/production/src/BMI160_INIT.o
 .debug_abbrev  0x0000000000004180      0x31e build/default/production/mcc_generated_files/i2c_host/src/twi0.o

.debug_line     0x0000000000000000     0x2e11
 *(.debug_line .debug_line.* .debug_line_end)
 .debug_line    0x0000000000000000      0x1f6 C:/Users/M68150/.mchp_packs/Microchip/AVR-Dx_DFP/2.1.152/xc8/avr/lib/avrxmega4/memx-const/crtavr128da48.o
 .debug_line    0x00000000000001f6      0x59c build/default/production/mcc_generated_files/system/src/pins.o
 .debug_line    0x0000000000000792      0x165 build/default/production/mcc_generated_files/system/src/clock.o
 .debug_line    0x00000000000008f7       0xea build/default/production/mcc_generated_files/system/src/config_bits.o
 .debug_line    0x00000000000009e1      0x17d build/default/production/mcc_generated_files/system/src/system.o
 .debug_line    0x0000000000000b5e       0x73 build/default/production/mcc_generated_files/system/src/protected_io.o
 .debug_line    0x0000000000000bd1      0x183 build/default/production/mcc_generated_files/system/src/interrupt.o
 .debug_line    0x0000000000000d54      0x38e build/default/production/mcc_generated_files/timer/src/rtc.o
 .debug_line    0x00000000000010e2      0x137 build/default/production/mcc_generated_files/timer/src/delay.o
 .debug_line    0x0000000000001219      0x66d build/default/production/mcc_generated_files/uart/src/usart0.o
 .debug_line    0x0000000000001886      0x6b1 build/default/production/mcc_generated_files/uart/src/usart1.o
 .debug_line    0x0000000000001f37      0x517 build/default/production/main.o
 .debug_line    0x000000000000244e      0x2bb build/default/production/src/BMI160_INIT.o
 .debug_line    0x0000000000002709      0x708 build/default/production/mcc_generated_files/i2c_host/src/twi0.o

.debug_frame    0x0000000000000000      0xf50
 *(.debug_frame)
 .debug_frame   0x0000000000000000      0x2d8 build/default/production/mcc_generated_files/system/src/pins.o
 .debug_frame   0x00000000000002d8       0x24 build/default/production/mcc_generated_files/system/src/clock.o
 .debug_frame   0x00000000000002fc       0x24 build/default/production/mcc_generated_files/system/src/system.o
 .debug_frame   0x0000000000000320       0x24 build/default/production/mcc_generated_files/system/src/interrupt.o
 .debug_frame   0x0000000000000344      0x1e4 build/default/production/mcc_generated_files/timer/src/rtc.o
 .debug_frame   0x0000000000000528       0x34 build/default/production/mcc_generated_files/timer/src/delay.o
 .debug_frame   0x000000000000055c      0x2b0 build/default/production/mcc_generated_files/uart/src/usart0.o
 .debug_frame   0x000000000000080c      0x2c0 build/default/production/mcc_generated_files/uart/src/usart1.o
 .debug_frame   0x0000000000000acc      0x1a0 build/default/production/main.o
 .debug_frame   0x0000000000000c6c       0xa8 build/default/production/src/BMI160_INIT.o
 .debug_frame   0x0000000000000d14      0x23c build/default/production/mcc_generated_files/i2c_host/src/twi0.o

.debug_str      0x0000000000000000     0x17ab
 *(.debug_str)
 .debug_str     0x0000000000000000     0x153f C:/Users/M68150/.mchp_packs/Microchip/AVR-Dx_DFP/2.1.152/xc8/avr/lib/avrxmega4/memx-const/crtavr128da48.o
 .debug_str     0x000000000000153f       0x25 build/default/production/mcc_generated_files/system/src/pins.o
 .debug_str     0x0000000000001564       0x13 build/default/production/mcc_generated_files/system/src/clock.o
 .debug_str     0x0000000000001577        0x0 build/default/production/mcc_generated_files/system/src/config_bits.o
 .debug_str     0x0000000000001577       0x7d build/default/production/mcc_generated_files/system/src/system.o
 .debug_str     0x00000000000015f4       0x13 build/default/production/mcc_generated_files/system/src/interrupt.o
 .debug_str     0x0000000000001607        0x9 build/default/production/mcc_generated_files/timer/src/rtc.o
 .debug_str     0x0000000000001610       0x26 build/default/production/mcc_generated_files/timer/src/delay.o
 .debug_str     0x0000000000001636       0x10 build/default/production/mcc_generated_files/uart/src/usart0.o
 .debug_str     0x0000000000001646       0x10 build/default/production/mcc_generated_files/uart/src/usart1.o
 .debug_str     0x0000000000001656       0xc9 build/default/production/main.o
 .debug_str     0x000000000000171f       0x4a build/default/production/src/BMI160_INIT.o
 .debug_str     0x0000000000001769       0x42 build/default/production/mcc_generated_files/i2c_host/src/twi0.o

.debug_loc      0x0000000000000000      0xd8f
 *(.debug_loc)
 .debug_loc     0x0000000000000000      0x171 build/default/production/mcc_generated_files/system/src/clock.o
 .debug_loc     0x0000000000000171       0x2a build/default/production/mcc_generated_files/system/src/interrupt.o
 .debug_loc     0x000000000000019b      0x15d build/default/production/mcc_generated_files/timer/src/delay.o
 .debug_loc     0x00000000000002f8       0xb9 build/default/production/mcc_generated_files/uart/src/usart0.o
 .debug_loc     0x00000000000003b1      0x100 build/default/production/mcc_generated_files/uart/src/usart1.o
 .debug_loc     0x00000000000004b1      0x31f build/default/production/main.o
 .debug_loc     0x00000000000007d0      0x246 build/default/production/src/BMI160_INIT.o
 .debug_loc     0x0000000000000a16      0x379 build/default/production/mcc_generated_files/i2c_host/src/twi0.o

.debug_macinfo
 *(.debug_macinfo)

.debug_weaknames
 *(.debug_weaknames)

.debug_funcnames
 *(.debug_funcnames)

.debug_typenames
 *(.debug_typenames)

.debug_varnames
 *(.debug_varnames)

.debug_pubtypes
 *(.debug_pubtypes)

.debug_ranges   0x0000000000000000      0x520
 *(.debug_ranges)
 .debug_ranges  0x0000000000000000       0xe0 build/default/production/mcc_generated_files/system/src/pins.o
 .debug_ranges  0x00000000000000e0       0x10 build/default/production/mcc_generated_files/system/src/clock.o
 .debug_ranges  0x00000000000000f0       0x10 build/default/production/mcc_generated_files/system/src/system.o
 .debug_ranges  0x0000000000000100       0x10 build/default/production/mcc_generated_files/system/src/interrupt.o
 .debug_ranges  0x0000000000000110       0xa8 build/default/production/mcc_generated_files/timer/src/rtc.o
 .debug_ranges  0x00000000000001b8       0x18 build/default/production/mcc_generated_files/timer/src/delay.o
 .debug_ranges  0x00000000000001d0      0x100 build/default/production/mcc_generated_files/uart/src/usart0.o
 .debug_ranges  0x00000000000002d0      0x108 build/default/production/mcc_generated_files/uart/src/usart1.o
 .debug_ranges  0x00000000000003d8       0x70 build/default/production/main.o
 .debug_ranges  0x0000000000000448       0x30 build/default/production/src/BMI160_INIT.o
 .debug_ranges  0x0000000000000478       0xa8 build/default/production/mcc_generated_files/i2c_host/src/twi0.o

.debug_macro
 *(.debug_macro)
OUTPUT(dist/default/production/gps_tracker_p.X.production.elf elf32-avr)
LOAD linker stubs
LOAD data_init

.note.gnu.avr.deviceinfo
                0x0000000000000000       0x40
 .note.gnu.avr.deviceinfo
                0x0000000000000000       0x40 C:/Users/M68150/.mchp_packs/Microchip/AVR-Dx_DFP/2.1.152/xc8/avr/lib/avrxmega4/memx-const/crtavr128da48.o

.bss.PC6_InterruptHandler
                0x0000000000804586        0x2
 .bss.PC6_InterruptHandler
                0x0000000000804586        0x2 build/default/production/mcc_generated_files/system/src/pins.o

.bss.PC5_InterruptHandler
                0x0000000000804588        0x2
 .bss.PC5_InterruptHandler
                0x0000000000804588        0x2 build/default/production/mcc_generated_files/system/src/pins.o

.bss.PC4_InterruptHandler
                0x000000000080458a        0x2
 .bss.PC4_InterruptHandler
                0x000000000080458a        0x2 build/default/production/mcc_generated_files/system/src/pins.o

.bss.PD6_InterruptHandler
                0x000000000080458c        0x2
 .bss.PD6_InterruptHandler
                0x000000000080458c        0x2 build/default/production/mcc_generated_files/system/src/pins.o

.bss.PC0_InterruptHandler
                0x000000000080458e        0x2
 .bss.PC0_InterruptHandler
                0x000000000080458e        0x2 build/default/production/mcc_generated_files/system/src/pins.o

.bss.PC1_InterruptHandler
                0x0000000000804590        0x2
 .bss.PC1_InterruptHandler
                0x0000000000804590        0x2 build/default/production/mcc_generated_files/system/src/pins.o

.bss.PC2_InterruptHandler
                0x0000000000804592        0x2
 .bss.PC2_InterruptHandler
                0x0000000000804592        0x2 build/default/production/mcc_generated_files/system/src/pins.o

.bss.PC3_InterruptHandler
                0x0000000000804594        0x2
 .bss.PC3_InterruptHandler
                0x0000000000804594        0x2 build/default/production/mcc_generated_files/system/src/pins.o

.bss.PA0_InterruptHandler
                0x0000000000804596        0x2
 .bss.PA0_InterruptHandler
                0x0000000000804596        0x2 build/default/production/mcc_generated_files/system/src/pins.o

.bss.PA1_InterruptHandler
                0x0000000000804598        0x2
 .bss.PA1_InterruptHandler
                0x0000000000804598        0x2 build/default/production/mcc_generated_files/system/src/pins.o

.bss.RTC_PIT_isr_cb
                0x000000000080459a        0x2
 .bss.RTC_PIT_isr_cb
                0x000000000080459a        0x2 build/default/production/mcc_generated_files/timer/src/rtc.o
                0x000000000080459a                RTC_PIT_isr_cb

.bss.RTC_CMP_isr_cb
                0x000000000080459c        0x2
 .bss.RTC_CMP_isr_cb
                0x000000000080459c        0x2 build/default/production/mcc_generated_files/timer/src/rtc.o
                0x000000000080459c                RTC_CMP_isr_cb

.bss.RTC_OVF_isr_cb
                0x000000000080459e        0x2
 .bss.RTC_OVF_isr_cb
                0x000000000080459e        0x2 build/default/production/mcc_generated_files/timer/src/rtc.o
                0x000000000080459e                RTC_OVF_isr_cb

.bss.usart0RxLastError
                0x00000000008045a0        0x2
 .bss.usart0RxLastError
                0x00000000008045a0        0x2 build/default/production/mcc_generated_files/uart/src/usart0.o

.bss.usart0RxStatusBuffer
                0x0000000000804169      0x100
 .bss.usart0RxStatusBuffer
                0x0000000000804169      0x100 build/default/production/mcc_generated_files/uart/src/usart0.o

.bss.usart0RxBuffer
                0x0000000000804369       0x80
 .bss.usart0RxBuffer
                0x0000000000804369       0x80 build/default/production/mcc_generated_files/uart/src/usart0.o

.bss.usart0RxTail
                0x00000000008045a8        0x1
 .bss.usart0RxTail
                0x00000000008045a8        0x1 build/default/production/mcc_generated_files/uart/src/usart0.o

.bss.usart0RxHead
                0x00000000008045a9        0x1
 .bss.usart0RxHead
                0x00000000008045a9        0x1 build/default/production/mcc_generated_files/uart/src/usart0.o

.bss.usart0TxBuffer
                0x00000000008043e9       0x80
 .bss.usart0TxBuffer
                0x00000000008043e9       0x80 build/default/production/mcc_generated_files/uart/src/usart0.o

.bss.usart0TxTail
                0x00000000008045aa        0x1
 .bss.usart0TxTail
                0x00000000008045aa        0x1 build/default/production/mcc_generated_files/uart/src/usart0.o

.bss.usart0TxHead
                0x00000000008045ab        0x1
 .bss.usart0TxHead
                0x00000000008045ab        0x1 build/default/production/mcc_generated_files/uart/src/usart0.o

.bss.usart1RxLastError
                0x00000000008045a2        0x2
 .bss.usart1RxLastError
                0x00000000008045a2        0x2 build/default/production/mcc_generated_files/uart/src/usart1.o

.bss.usart1RxStatusBuffer
                0x0000000000804269      0x100
 .bss.usart1RxStatusBuffer
                0x0000000000804269      0x100 build/default/production/mcc_generated_files/uart/src/usart1.o

.bss.usart1RxBuffer
                0x0000000000804469       0x80
 .bss.usart1RxBuffer
                0x0000000000804469       0x80 build/default/production/mcc_generated_files/uart/src/usart1.o

.bss.usart1RxTail
                0x00000000008045ac        0x1
 .bss.usart1RxTail
                0x00000000008045ac        0x1 build/default/production/mcc_generated_files/uart/src/usart1.o

.bss.usart1RxHead
                0x00000000008045ad        0x1
 .bss.usart1RxHead
                0x00000000008045ad        0x1 build/default/production/mcc_generated_files/uart/src/usart1.o

.bss.usart1TxBuffer
                0x00000000008044e9       0x80
 .bss.usart1TxBuffer
                0x00000000008044e9       0x80 build/default/production/mcc_generated_files/uart/src/usart1.o

.bss.usart1TxTail
                0x00000000008045ae        0x1
 .bss.usart1TxTail
                0x00000000008045ae        0x1 build/default/production/mcc_generated_files/uart/src/usart1.o

.bss.usart1TxHead
                0x00000000008045af        0x1
 .bss.usart1TxHead
                0x00000000008045af        0x1 build/default/production/mcc_generated_files/uart/src/usart1.o

.bss.do_once_flag
                0x00000000008045b1        0x1
 .bss.do_once_flag
                0x00000000008045b1        0x1 build/default/production/main.o
                0x00000000008045b1                do_once_flag

.bss.Movement_Sensor_Status
                0x00000000008045b2        0x1
 .bss.Movement_Sensor_Status
                0x00000000008045b2        0x1 build/default/production/main.o
                0x00000000008045b2                Movement_Sensor_Status

.bss.GPS_Info_Flag
                0x00000000008045b3        0x1
 .bss.GPS_Info_Flag
                0x00000000008045b3        0x1 build/default/production/main.o
                0x00000000008045b3                GPS_Info_Flag

.bss.Delay_Flag
                0x00000000008045b4        0x1
 .bss.Delay_Flag
                0x00000000008045b4        0x1 build/default/production/main.o
                0x00000000008045b4                Delay_Flag

.bss.GPS_Buffer_Index
                0x00000000008045a4        0x2
 .bss.GPS_Buffer_Index
                0x00000000008045a4        0x2 build/default/production/main.o
                0x00000000008045a4                GPS_Buffer_Index

.bss.twi0_Status
                0x0000000000804578        0xe
 .bss.twi0_Status
                0x0000000000804578        0xe build/default/production/mcc_generated_files/i2c_host/src/twi0.o
                0x0000000000804578                twi0_Status

.bss.TWI0_Callback
                0x00000000008045a6        0x2
 .bss.TWI0_Callback
                0x00000000008045a6        0x2 build/default/production/mcc_generated_files/i2c_host/src/twi0.o

.progmemx.data  0x000000000000015e       0xe3
 .progmemx.data
                0x000000000000015e       0xe3 build/default/production/main.o

.progmemx.data.twi0_eventTable
                0x0000000000000241       0x12
 .progmemx.data.twi0_eventTable
                0x0000000000000241       0x12 build/default/production/mcc_generated_files/i2c_host/src/twi0.o
                0x0000000000000241                twi0_eventTable

.data.Get_GPS_Cnt
                0x00000000008045b0        0x1 load address 0x0000000000000253
 .data.Get_GPS_Cnt
                0x00000000008045b0        0x1 build/default/production/main.o
                0x00000000008045b0                Get_GPS_Cnt

.text.avrlibc   0x0000000000000254      0x444
 .text.avrlibc  0x0000000000000254      0x444 c:/program files/microchip/xc8/v2.32/avr/bin/../lib/gcc/avr/5.4.0/../../../../avr/lib/avrxmega4/memx-const\libc.a(vfprintf_std.o)
                0x0000000000000254                vfprintf

.text.NMEA_Parse
                0x0000000000000698      0x16e
 .text.NMEA_Parse
                0x0000000000000698      0x16e build/default/production/main.o
                0x0000000000000698                NMEA_Parse

.text.PIN_MANAGER_Initialize
                0x0000000000000806      0x16c
 .text.PIN_MANAGER_Initialize
                0x0000000000000806      0x16c build/default/production/mcc_generated_files/system/src/pins.o
                0x0000000000000806                PIN_MANAGER_Initialize

.text.BMI_160_INIT
                0x0000000000000972      0x120
 .text.BMI_160_INIT
                0x0000000000000972      0x120 build/default/production/src/BMI160_INIT.o
                0x0000000000000972                BMI_160_INIT

.text.TWI0_ErrorEventHandler
                0x0000000000000a92       0xce
 .text.TWI0_ErrorEventHandler
                0x0000000000000a92       0xce build/default/production/mcc_generated_files/i2c_host/src/twi0.o

.text.__vector_17
                0x0000000000000b60       0xc2
 .text.__vector_17
                0x0000000000000b60       0xc2 build/default/production/mcc_generated_files/i2c_host/src/twi0.o
                0x0000000000000b60                __vector_17

.text.parse_comma_delimited_str
                0x0000000000000c22       0xbe
 .text.parse_comma_delimited_str
                0x0000000000000c22       0xbe build/default/production/main.o
                0x0000000000000c22                parse_comma_delimited_str

.text.avrlibc   0x0000000000000ce0       0xbc
 .text.avrlibc  0x0000000000000ce0       0xbc c:/program files/microchip/xc8/v2.32/avr/bin/../lib/gcc/avr/5.4.0/../../../../avr/lib/avrxmega4/memx-const\libc.a(ultoa_invert.o)
                0x0000000000000ce0                __ultoa_invert

.text.__vector_29
                0x0000000000000d9c       0xb2
 .text.__vector_29
                0x0000000000000d9c       0xb2 build/default/production/mcc_generated_files/system/src/pins.o
                0x0000000000000d9c                __vector_29

.text.USART0_ReceiveISR
                0x0000000000000e4e       0xb2
 .text.USART0_ReceiveISR
                0x0000000000000e4e       0xb2 build/default/production/mcc_generated_files/uart/src/usart0.o
                0x0000000000000e4e                USART0_ReceiveISR

.text.USART1_ReceiveISR
                0x0000000000000f00       0xb2
 .text.USART1_ReceiveISR
                0x0000000000000f00       0xb2 build/default/production/mcc_generated_files/uart/src/usart1.o
                0x0000000000000f00                USART1_ReceiveISR

.text.GPS_Coordonates_Send
                0x0000000000000fb2       0xac
 .text.GPS_Coordonates_Send
                0x0000000000000fb2       0xac build/default/production/main.o
                0x0000000000000fb2                GPS_Coordonates_Send

.text.USART1_Initialize
                0x000000000000105e       0x9e
 .text.USART1_Initialize
                0x000000000000105e       0x9e build/default/production/mcc_generated_files/uart/src/usart1.o
                0x000000000000105e                USART1_Initialize

.text.USART0_Initialize
                0x00000000000010fc       0x92
 .text.USART0_Initialize
                0x00000000000010fc       0x92 build/default/production/mcc_generated_files/uart/src/usart0.o
                0x00000000000010fc                USART0_Initialize

.text.main      0x000000000000118e       0x92
 .text.main     0x000000000000118e       0x92 build/default/production/main.o
                0x000000000000118e                main

.text.avrlibc   0x0000000000001220       0x92
 .text.avrlibc  0x0000000000001220       0x92 c:/program files/microchip/xc8/v2.32/avr/bin/../lib/gcc/avr/5.4.0/../../../../avr/lib/avrxmega4/memx-const\libc.a(puts.o)
                0x0000000000001220                puts

.text.__vector_3
                0x00000000000012b2       0x7e
 .text.__vector_3
                0x00000000000012b2       0x7e build/default/production/mcc_generated_files/timer/src/rtc.o
                0x00000000000012b2                __vector_3

.text.avrlibc   0x0000000000001330       0x78
 .text.avrlibc  0x0000000000001330       0x78 c:/program files/microchip/xc8/v2.32/avr/bin/../lib/gcc/avr/5.4.0/../../../../avr/lib/avrxmega4/memx-const\libc.a(fputc.o)
                0x0000000000001330                fputc

.text.I2C_EVENT_RX
                0x00000000000013a8       0x76
 .text.I2C_EVENT_RX
                0x00000000000013a8       0x76 build/default/production/mcc_generated_files/i2c_host/src/twi0.o

.text.avrlibc   0x000000000000141e       0x70
 .text.avrlibc  0x000000000000141e       0x70 c:/program files/microchip/xc8/v2.32/avr/bin/../lib/gcc/avr/5.4.0/../../../../avr/lib/avrxmega4/memx-const\libc.a(snprintf.o)
                0x000000000000141e                snprintf

.text.CLOCK_Initialize
                0x000000000000148e       0x6e
 .text.CLOCK_Initialize
                0x000000000000148e       0x6e build/default/production/mcc_generated_files/system/src/clock.o
                0x000000000000148e                CLOCK_Initialize

.text.__vector_6
                0x00000000000014fc       0x6c
 .text.__vector_6
                0x00000000000014fc       0x6c build/default/production/mcc_generated_files/system/src/pins.o
                0x00000000000014fc                __vector_6

.text.__vector_4
                0x0000000000001568       0x60
 .text.__vector_4
                0x0000000000001568       0x60 build/default/production/mcc_generated_files/timer/src/rtc.o
                0x0000000000001568                __vector_4

.text.SIM808_RECIEVE
                0x00000000000015c8       0x60
 .text.SIM808_RECIEVE
                0x00000000000015c8       0x60 build/default/production/main.o
                0x00000000000015c8                SIM808_RECIEVE

.text.__vector_22
                0x0000000000001628       0x5e
 .text.__vector_22
                0x0000000000001628       0x5e build/default/production/mcc_generated_files/system/src/pins.o
                0x0000000000001628                __vector_22

.text.Sleep_Mode_Init
                0x0000000000001686       0x5e
 .text.Sleep_Mode_Init
                0x0000000000001686       0x5e build/default/production/main.o
                0x0000000000001686                Sleep_Mode_Init

.text.TWI0_Write
                0x00000000000016e4       0x5c
 .text.TWI0_Write
                0x00000000000016e4       0x5c build/default/production/mcc_generated_files/i2c_host/src/twi0.o
                0x00000000000016e4                TWI0_Write

.text.__vector_19
                0x0000000000001740       0x5a
 .text.__vector_19
                0x0000000000001740       0x5a build/default/production/mcc_generated_files/uart/src/usart0.o
                0x0000000000001740                __vector_19

.text.__vector_20
                0x000000000000179a       0x5a
 .text.__vector_20
                0x000000000000179a       0x5a build/default/production/mcc_generated_files/uart/src/usart0.o
                0x000000000000179a                __vector_20

.text.__vector_31
                0x00000000000017f4       0x5a
 .text.__vector_31
                0x00000000000017f4       0x5a build/default/production/mcc_generated_files/uart/src/usart1.o
                0x00000000000017f4                __vector_31

.text.__vector_32
                0x000000000000184e       0x5a
 .text.__vector_32
                0x000000000000184e       0x5a build/default/production/mcc_generated_files/uart/src/usart1.o
                0x000000000000184e                __vector_32

.text.avrlibc   0x00000000000018a8       0x52
 .text.avrlibc  0x00000000000018a8       0x52 c:/program files/microchip/xc8/v2.32/avr/bin/../lib/gcc/avr/5.4.0/../../../../avr/lib/avrxmega4/memx-const\libc.a(strncat_M.o)
                0x00000000000018a8                strncat

.text.USART0_Write
                0x00000000000018fa       0x4c
 .text.USART0_Write
                0x00000000000018fa       0x4c build/default/production/mcc_generated_files/uart/src/usart0.o
                0x00000000000018fa                USART0_Write

.text.USART1_Write
                0x0000000000001946       0x4c
 .text.USART1_Write
                0x0000000000001946       0x4c build/default/production/mcc_generated_files/uart/src/usart1.o
                0x0000000000001946                USART1_Write

.text.USART0_Print
                0x0000000000001992       0x4c
 .text.USART0_Print
                0x0000000000001992       0x4c build/default/production/main.o
                0x0000000000001992                USART0_Print

.text.I2C_EVENT_TX
                0x00000000000019de       0x46
 .text.I2C_EVENT_TX
                0x00000000000019de       0x46 build/default/production/mcc_generated_files/i2c_host/src/twi0.o

.text.send_sms_message_AT
                0x0000000000001a24       0x44
 .text.send_sms_message_AT
                0x0000000000001a24       0x44 build/default/production/main.o
                0x0000000000001a24                send_sms_message_AT

.text.avrlibc   0x0000000000001a68       0x44
 .text.avrlibc  0x0000000000001a68       0x44 c:/program files/microchip/xc8/v2.32/avr/bin/../lib/gcc/avr/5.4.0/../../../../avr/lib/avrxmega4/memx-const\libc.a(strcmp_M.o)
                0x0000000000001a68                strcmp

.text.I2C_EVENT_STOP
                0x0000000000001aac       0x40
 .text.I2C_EVENT_STOP
                0x0000000000001aac       0x40 build/default/production/mcc_generated_files/i2c_host/src/twi0.o

.text.USART0_TransmitISR
                0x0000000000001aec       0x38
 .text.USART0_TransmitISR
                0x0000000000001aec       0x38 build/default/production/mcc_generated_files/uart/src/usart0.o
                0x0000000000001aec                USART0_TransmitISR

.text.USART1_TransmitISR
                0x0000000000001b24       0x38
 .text.USART1_TransmitISR
                0x0000000000001b24       0x38 build/default/production/mcc_generated_files/uart/src/usart1.o
                0x0000000000001b24                USART1_TransmitISR

.text.avrlibc   0x0000000000001b5c       0x38
 .text.avrlibc  0x0000000000001b5c       0x38 c:/program files/microchip/xc8/v2.32/avr/bin/../lib/gcc/avr/5.4.0/../../../../avr/lib/avrxmega4/memx-const\libc.a(strnlen_M.o)
                0x0000000000001b5c                strnlen

.text.RTC_Initialize
                0x0000000000001b94       0x34
 .text.RTC_Initialize
                0x0000000000001b94       0x34 build/default/production/mcc_generated_files/timer/src/rtc.o
                0x0000000000001b94                RTC_Initialize

.text.__vector_21
                0x0000000000001bc8       0x32
 .text.__vector_21
                0x0000000000001bc8       0x32 build/default/production/mcc_generated_files/uart/src/usart0.o
                0x0000000000001bc8                __vector_21

.text.__vector_33
                0x0000000000001bfa       0x32
 .text.__vector_33
                0x0000000000001bfa       0x32 build/default/production/mcc_generated_files/uart/src/usart1.o
                0x0000000000001bfa                __vector_33

.text.TWI0_Initialize
                0x0000000000001c2c       0x32
 .text.TWI0_Initialize
                0x0000000000001c2c       0x32 build/default/production/mcc_generated_files/i2c_host/src/twi0.o
                0x0000000000001c2c                TWI0_Initialize

.text.avrlibc   0x0000000000001c5e       0x32
 .text.avrlibc  0x0000000000001c5e       0x32 c:/program files/microchip/xc8/v2.32/avr/bin/../lib/gcc/avr/5.4.0/../../../../avr/lib/avrxmega4/memx-const\libc.a(memcpy_M.o)
                0x0000000000001c5e                memcpy

.text.avrlibc   0x0000000000001c90       0x2a
 .text.avrlibc  0x0000000000001c90       0x2a c:/program files/microchip/xc8/v2.32/avr/bin/../lib/gcc/avr/5.4.0/../../../../avr/lib/avrxmega4/memx-const\libc.a(printf.o)
                0x0000000000001c90                printf

.text.avrlibc   0x0000000000001cba       0x28
 .text.avrlibc  0x0000000000001cba       0x28 c:/program files/microchip/xc8/v2.32/avr/bin/../lib/gcc/avr/5.4.0/../../../../avr/lib/avrxmega4/memx-const\libc.a(strchr_M.o)
                0x0000000000001cba                strchr

.text.avrlibc   0x0000000000001ce2       0x24
 .text.avrlibc  0x0000000000001ce2       0x24 c:/program files/microchip/xc8/v2.32/avr/bin/../lib/gcc/avr/5.4.0/../../../../avr/lib/avrxmega4/memx-const\libc.a(strlen_M.o)
                0x0000000000001ce2                strlen

.text.SYSTEM_Initialize
                0x0000000000001d06       0x1e
 .text.SYSTEM_Initialize
                0x0000000000001d06       0x1e build/default/production/mcc_generated_files/system/src/system.o
                0x0000000000001d06                SYSTEM_Initialize

.text.__vector_44
                0x0000000000001d24       0x1c
 .text.__vector_44
                0x0000000000001d24       0x1c build/default/production/mcc_generated_files/system/src/pins.o
                0x0000000000001d24                __vector_44

.text.__vector_45
                0x0000000000001d40       0x1c
 .text.__vector_45
                0x0000000000001d40       0x1c build/default/production/mcc_generated_files/system/src/pins.o
                0x0000000000001d40                __vector_45

.text.__vector_34
                0x0000000000001d5c       0x1c
 .text.__vector_34
                0x0000000000001d5c       0x1c build/default/production/mcc_generated_files/system/src/pins.o
                0x0000000000001d5c                __vector_34

.text.CPUINT_Initialize
                0x0000000000001d78       0x1a
 .text.CPUINT_Initialize
                0x0000000000001d78       0x1a build/default/production/mcc_generated_files/system/src/interrupt.o
                0x0000000000001d78                CPUINT_Initialize

.text.i2c_MasterResetBus
                0x0000000000001d92       0x18
 .text.i2c_MasterResetBus
                0x0000000000001d92       0x18 build/default/production/src/BMI160_INIT.o
                0x0000000000001d92                i2c_MasterResetBus

.text.I2C_0_EndSession
                0x0000000000001daa       0x18
 .text.I2C_0_EndSession
                0x0000000000001daa       0x18 build/default/production/src/BMI160_INIT.o
                0x0000000000001daa                I2C_0_EndSession

.text.TWI0_IsBusy
                0x0000000000001dc2       0x18
 .text.TWI0_IsBusy
                0x0000000000001dc2       0x18 build/default/production/mcc_generated_files/i2c_host/src/twi0.o
                0x0000000000001dc2                TWI0_IsBusy

.text.I2C_EVENT_RESET
                0x0000000000001dda       0x18
 .text.I2C_EVENT_RESET
                0x0000000000001dda       0x18 build/default/production/mcc_generated_files/i2c_host/src/twi0.o

.text.DELAY_milliseconds
                0x0000000000001df2       0x16
 .text.DELAY_milliseconds
                0x0000000000001df2       0x16 build/default/production/mcc_generated_files/timer/src/delay.o
                0x0000000000001df2                DELAY_milliseconds

.text.I2C_EVENT_SEND_RD_ADDR
                0x0000000000001e08       0x14
 .text.I2C_EVENT_SEND_RD_ADDR
                0x0000000000001e08       0x14 build/default/production/mcc_generated_files/i2c_host/src/twi0.o

.text.USART1_printCHAR
                0x0000000000001e1c       0x12
 .text.USART1_printCHAR
                0x0000000000001e1c       0x12 build/default/production/mcc_generated_files/uart/src/usart1.o
                0x0000000000001e1c                USART1_printCHAR

.text.I2C_EVENT_IDLE
                0x0000000000001e2e       0x12
 .text.I2C_EVENT_IDLE
                0x0000000000001e2e       0x12 build/default/production/mcc_generated_files/i2c_host/src/twi0.o

.text.I2C_EVENT_SEND_WR_ADDR
                0x0000000000001e40       0x12
 .text.I2C_EVENT_SEND_WR_ADDR
                0x0000000000001e40       0x12 build/default/production/mcc_generated_files/i2c_host/src/twi0.o

.text.libgcc    0x0000000000001e52       0x12
 .text.libgcc   0x0000000000001e52       0x12 c:/program files/microchip/xc8/v2.32/avr/bin/../lib/gcc/avr/5.4.0/avrxmega4/memx-const\libgcc.a(_xload_2.o)
                0x0000000000001e52                __xload_2

.text.i2c_write
                0x0000000000001e64       0x10
 .text.i2c_write
                0x0000000000001e64       0x10 build/default/production/src/BMI160_INIT.o
                0x0000000000001e64                i2c_write

.text.I2C_EVENT_ERROR
                0x0000000000001e74       0x10
 .text.I2C_EVENT_ERROR
                0x0000000000001e74       0x10 build/default/production/mcc_generated_files/i2c_host/src/twi0.o

.text.USART0_RxCompleteCallbackRegister
                0x0000000000001e84        0xe
 .text.USART0_RxCompleteCallbackRegister
                0x0000000000001e84        0xe build/default/production/mcc_generated_files/uart/src/usart0.o
                0x0000000000001e84                USART0_RxCompleteCallbackRegister

.text.USART1_RxCompleteCallbackRegister
                0x0000000000001e92        0xe
 .text.USART1_RxCompleteCallbackRegister
                0x0000000000001e92        0xe build/default/production/mcc_generated_files/uart/src/usart1.o
                0x0000000000001e92                USART1_RxCompleteCallbackRegister

.text.Motion_Detected
                0x0000000000001ea0        0xe
 .text.Motion_Detected
                0x0000000000001ea0        0xe build/default/production/main.o
                0x0000000000001ea0                Motion_Detected

.text.libgcc    0x0000000000001eae        0xe
 .text.libgcc   0x0000000000001eae        0xe c:/program files/microchip/xc8/v2.32/avr/bin/../lib/gcc/avr/5.4.0/avrxmega4/memx-const\libgcc.a(_xload_1.o)
                0x0000000000001eae                __xload_1

.text.PD6_SetInterruptHandler
                0x0000000000001ebc        0xa
 .text.PD6_SetInterruptHandler
                0x0000000000001ebc        0xa build/default/production/mcc_generated_files/system/src/pins.o
                0x0000000000001ebc                PD6_SetInterruptHandler

.text.protected_write_io
                0x0000000000001ec6        0xa
 .text.protected_write_io
                0x0000000000001ec6        0xa build/default/production/mcc_generated_files/system/src/protected_io.o
                0x0000000000001ec6                protected_write_io

.text.RTC_SetOVFIsrCallback
                0x0000000000001ed0        0xa
 .text.RTC_SetOVFIsrCallback
                0x0000000000001ed0        0xa build/default/production/mcc_generated_files/timer/src/rtc.o
                0x0000000000001ed0                RTC_SetOVFIsrCallback

.text.CDC_TX    0x0000000000001eda        0xa
 .text.CDC_TX   0x0000000000001eda        0xa build/default/production/main.o
                0x0000000000001eda                CDC_TX

.text.GPS_ACQUIRE_TIMESTAMP
                0x0000000000001ee4        0x8
 .text.GPS_ACQUIRE_TIMESTAMP
                0x0000000000001ee4        0x8 build/default/production/main.o
                0x0000000000001ee4                GPS_ACQUIRE_TIMESTAMP

.text.I2C_EVENT_NACK
                0x0000000000001eec        0x6
 .text.I2C_EVENT_NACK
                0x0000000000001eec        0x6 build/default/production/mcc_generated_files/i2c_host/src/twi0.o

.text           0x0000000000001ef2        0x4
 .text          0x0000000000001ef2        0x4 C:/Users/M68150/.mchp_packs/Microchip/AVR-Dx_DFP/2.1.152/xc8/avr/lib/avrxmega4/memx-const/crtavr128da48.o
                0x0000000000001ef2                __vector_38
                0x0000000000001ef2                __vector_28
                0x0000000000001ef2                __vector_1
                0x0000000000001ef2                __vector_24
                0x0000000000001ef2                __vector_12
                0x0000000000001ef2                __vector_55
                0x0000000000001ef2                __vector_46
                0x0000000000001ef2                __bad_interrupt
                0x0000000000001ef2                __vector_35
                0x0000000000001ef2                __vector_39
                0x0000000000001ef2                __vector_23
                0x0000000000001ef2                __vector_30
                0x0000000000001ef2                __vector_25
                0x0000000000001ef2                __vector_11
                0x0000000000001ef2                __vector_54
                0x0000000000001ef2                __vector_13
                0x0000000000001ef2                __vector_56
                0x0000000000001ef2                __vector_7
                0x0000000000001ef2                __vector_49
                0x0000000000001ef2                __vector_41
                0x0000000000001ef2                __vector_43
                0x0000000000001ef2                __vector_27
                0x0000000000001ef2                __vector_5
                0x0000000000001ef2                __vector_47
                0x0000000000001ef2                __vector_52
                0x0000000000001ef2                __vector_37
                0x0000000000001ef2                __vector_51
                0x0000000000001ef2                __vector_9
                0x0000000000001ef2                __vector_2
                0x0000000000001ef2                __vector_15
                0x0000000000001ef2                __vector_36
                0x0000000000001ef2                __vector_40
                0x0000000000001ef2                __vector_8
                0x0000000000001ef2                __vector_26
                0x0000000000001ef2                __vector_48
                0x0000000000001ef2                __vector_14
                0x0000000000001ef2                __vector_57
                0x0000000000001ef2                __vector_53
                0x0000000000001ef2                __vector_10
                0x0000000000001ef2                __vector_50
                0x0000000000001ef2                __vector_16
                0x0000000000001ef2                __vector_18
                0x0000000000001ef2                __vector_42

.text.PA1_DefaultInterruptHandler
                0x0000000000001ef6        0x2
 .text.PA1_DefaultInterruptHandler
                0x0000000000001ef6        0x2 build/default/production/mcc_generated_files/system/src/pins.o
                0x0000000000001ef6                PA1_DefaultInterruptHandler

.text.PA0_DefaultInterruptHandler
                0x0000000000001ef8        0x2
 .text.PA0_DefaultInterruptHandler
                0x0000000000001ef8        0x2 build/default/production/mcc_generated_files/system/src/pins.o
                0x0000000000001ef8                PA0_DefaultInterruptHandler

.text.PC3_DefaultInterruptHandler
                0x0000000000001efa        0x2
 .text.PC3_DefaultInterruptHandler
                0x0000000000001efa        0x2 build/default/production/mcc_generated_files/system/src/pins.o
                0x0000000000001efa                PC3_DefaultInterruptHandler

.text.PC2_DefaultInterruptHandler
                0x0000000000001efc        0x2
 .text.PC2_DefaultInterruptHandler
                0x0000000000001efc        0x2 build/default/production/mcc_generated_files/system/src/pins.o
                0x0000000000001efc                PC2_DefaultInterruptHandler

.text.PC1_DefaultInterruptHandler
                0x0000000000001efe        0x2
 .text.PC1_DefaultInterruptHandler
                0x0000000000001efe        0x2 build/default/production/mcc_generated_files/system/src/pins.o
                0x0000000000001efe                PC1_DefaultInterruptHandler

.text.PC0_DefaultInterruptHandler
                0x0000000000001f00        0x2
 .text.PC0_DefaultInterruptHandler
                0x0000000000001f00        0x2 build/default/production/mcc_generated_files/system/src/pins.o
                0x0000000000001f00                PC0_DefaultInterruptHandler

.text.PD6_DefaultInterruptHandler
                0x0000000000001f02        0x2
 .text.PD6_DefaultInterruptHandler
                0x0000000000001f02        0x2 build/default/production/mcc_generated_files/system/src/pins.o
                0x0000000000001f02                PD6_DefaultInterruptHandler

.text.PC4_DefaultInterruptHandler
                0x0000000000001f04        0x2
 .text.PC4_DefaultInterruptHandler
                0x0000000000001f04        0x2 build/default/production/mcc_generated_files/system/src/pins.o
                0x0000000000001f04                PC4_DefaultInterruptHandler

.text.PC5_DefaultInterruptHandler
                0x0000000000001f06        0x2
 .text.PC5_DefaultInterruptHandler
                0x0000000000001f06        0x2 build/default/production/mcc_generated_files/system/src/pins.o
                0x0000000000001f06                PC5_DefaultInterruptHandler

.text.PC6_DefaultInterruptHandler
                0x0000000000001f08        0x2
 .text.PC6_DefaultInterruptHandler
                0x0000000000001f08        0x2 build/default/production/mcc_generated_files/system/src/pins.o
                0x0000000000001f08                PC6_DefaultInterruptHandler

.text.USART0_DefaultFramingErrorCallback
                0x0000000000001f0a        0x2
 .text.USART0_DefaultFramingErrorCallback
                0x0000000000001f0a        0x2 build/default/production/mcc_generated_files/uart/src/usart0.o

.text.USART0_DefaultOverrunErrorCallback
                0x0000000000001f0c        0x2
 .text.USART0_DefaultOverrunErrorCallback
                0x0000000000001f0c        0x2 build/default/production/mcc_generated_files/uart/src/usart0.o

.text.USART0_DefaultParityErrorCallback
                0x0000000000001f0e        0x2
 .text.USART0_DefaultParityErrorCallback
                0x0000000000001f0e        0x2 build/default/production/mcc_generated_files/uart/src/usart0.o

.text.USART1_DefaultFramingErrorCallback
                0x0000000000001f10        0x2
 .text.USART1_DefaultFramingErrorCallback
                0x0000000000001f10        0x2 build/default/production/mcc_generated_files/uart/src/usart1.o

.text.USART1_DefaultOverrunErrorCallback
                0x0000000000001f12        0x2
 .text.USART1_DefaultOverrunErrorCallback
                0x0000000000001f12        0x2 build/default/production/mcc_generated_files/uart/src/usart1.o

.text.USART1_DefaultParityErrorCallback
                0x0000000000001f14        0x2
 .text.USART1_DefaultParityErrorCallback
                0x0000000000001f14        0x2 build/default/production/mcc_generated_files/uart/src/usart1.o

.text.TWI0_DefaultCallback
                0x0000000000001f16        0x2
 .text.TWI0_DefaultCallback
                0x0000000000001f16        0x2 build/default/production/mcc_generated_files/i2c_host/src/twi0.o

.data.USART1_stream
                0x0000000000804569        0xf load address 0x0000000000001f18
 .data.USART1_stream
                0x0000000000804569        0xf build/default/production/mcc_generated_files/uart/src/usart1.o
                0x0000000000804569                USART1_stream
