Archive member included to satisfy reference by file (symbol)

c:/program files/microchip/xc8/v2.32/avr/bin/../lib/gcc/avr/5.4.0/avrxmega4/memx-const\libgcc.a(_exit.o)
                              C:/Users/M68150/.mchp_packs/Microchip/AVR-Dx_DFP/2.1.152/xc8/avr/lib/avrxmega4/memx-const/crtavr128da48.o (exit)
c:/program files/microchip/xc8/v2.32/avr/bin/../lib/gcc/avr/5.4.0/avrxmega4/memx-const\libgcc.a(_copy_data.o)
                              build/default/production/mcc_generated_files/system/src/config_bits.o (__do_copy_data)
c:/program files/microchip/xc8/v2.32/avr/bin/../lib/gcc/avr/5.4.0/avrxmega4/memx-const\libgcc.a(_xload_1.o)
                              build/default/production/main.o (__xload_1)
c:/program files/microchip/xc8/v2.32/avr/bin/../lib/gcc/avr/5.4.0/avrxmega4/memx-const\libgcc.a(_xload_2.o)
                              build/default/production/mcc_generated_files/i2c_host/src/twi0.o (__xload_2)
c:/program files/microchip/xc8/v2.32/avr/bin/../lib/gcc/avr/5.4.0/../../../../avr/lib/avrxmega4/memx-const\libc.a(memcpy_M.o)
                              build/default/production/main.o (memcpy)
c:/program files/microchip/xc8/v2.32/avr/bin/../lib/gcc/avr/5.4.0/../../../../avr/lib/avrxmega4/memx-const\libc.a(strchr_M.o)
                              build/default/production/main.o (strchr)
c:/program files/microchip/xc8/v2.32/avr/bin/../lib/gcc/avr/5.4.0/../../../../avr/lib/avrxmega4/memx-const\libc.a(strcmp_M.o)
                              build/default/production/main.o (strcmp)
c:/program files/microchip/xc8/v2.32/avr/bin/../lib/gcc/avr/5.4.0/../../../../avr/lib/avrxmega4/memx-const\libc.a(strlen_M.o)
                              build/default/production/main.o (strlen)
c:/program files/microchip/xc8/v2.32/avr/bin/../lib/gcc/avr/5.4.0/../../../../avr/lib/avrxmega4/memx-const\libc.a(iob.o)
                              build/default/production/mcc_generated_files/uart/src/usart1.o (__iob)
c:/program files/microchip/xc8/v2.32/avr/bin/../lib/gcc/avr/5.4.0/../../../../avr/lib/avrxmega4/memx-const\libc.a(printf.o)
                              build/default/production/main.o (printf)
c:/program files/microchip/xc8/v2.32/avr/bin/../lib/gcc/avr/5.4.0/../../../../avr/lib/avrxmega4/memx-const\libc.a(puts.o)
                              build/default/production/main.o (puts)
c:/program files/microchip/xc8/v2.32/avr/bin/../lib/gcc/avr/5.4.0/../../../../avr/lib/avrxmega4/memx-const\libc.a(snprintf.o)
                              build/default/production/main.o (snprintf)
c:/program files/microchip/xc8/v2.32/avr/bin/../lib/gcc/avr/5.4.0/../../../../avr/lib/avrxmega4/memx-const\libc.a(vfprintf_std.o)
                              c:/program files/microchip/xc8/v2.32/avr/bin/../lib/gcc/avr/5.4.0/../../../../avr/lib/avrxmega4/memx-const\libc.a(printf.o) (vfprintf)
c:/program files/microchip/xc8/v2.32/avr/bin/../lib/gcc/avr/5.4.0/../../../../avr/lib/avrxmega4/memx-const\libc.a(strnlen_M.o)
                              c:/program files/microchip/xc8/v2.32/avr/bin/../lib/gcc/avr/5.4.0/../../../../avr/lib/avrxmega4/memx-const\libc.a(vfprintf_std.o) (strnlen)
c:/program files/microchip/xc8/v2.32/avr/bin/../lib/gcc/avr/5.4.0/../../../../avr/lib/avrxmega4/memx-const\libc.a(fputc.o)
                              c:/program files/microchip/xc8/v2.32/avr/bin/../lib/gcc/avr/5.4.0/../../../../avr/lib/avrxmega4/memx-const\libc.a(vfprintf_std.o) (fputc)
c:/program files/microchip/xc8/v2.32/avr/bin/../lib/gcc/avr/5.4.0/../../../../avr/lib/avrxmega4/memx-const\libc.a(ultoa_invert.o)
                              c:/program files/microchip/xc8/v2.32/avr/bin/../lib/gcc/avr/5.4.0/../../../../avr/lib/avrxmega4/memx-const\libc.a(vfprintf_std.o) (__ultoa_invert)

Allocating common symbols
Common symbol       size              file

USART1_TxInterruptHandler
                    0x2               build/default/production/mcc_generated_files/uart/src/usart1.o
Get_GPS_Cnt_String  0x5               build/default/production/main.o
USART_DummyBuffer   0x1               build/default/production/main.o
USART1_RxInterruptHandler
                    0x2               build/default/production/mcc_generated_files/uart/src/usart1.o
USART0_RxInterruptHandler
                    0x2               build/default/production/mcc_generated_files/uart/src/usart0.o
USART1_FramingErrorHandler
                    0x2               build/default/production/mcc_generated_files/uart/src/usart1.o
Coordinates         0x18              build/default/production/main.o
USART1_OverrunErrorHandler
                    0x2               build/default/production/mcc_generated_files/uart/src/usart1.o
USART0_TxInterruptHandler
                    0x2               build/default/production/mcc_generated_files/uart/src/usart0.o
usart1TxBufferRemaining
                    0x1               build/default/production/mcc_generated_files/uart/src/usart1.o
GPS_USART0_Buffer   0xc8              build/default/production/main.o
USART0_OverrunErrorHandler
[...]
Memory Configuration

Name             Origin             Length             Attributes
text             0x0000000000000000 0x0000000000020000 xr
data             0x0000000000804000 0x0000000000004000 rw !x
eeprom           0x0000000000810000 0x0000000000000200 rw !x
fuse             0x0000000000820000 0x0000000000000010 rw !x
lock             0x0000000000830000 0x0000000000000400 rw !x
signature        0x0000000000840000 0x0000000000000400 rw !x
user_signatures  0x0000000000850000 0x0000000000000400 rw !x
*default*        0x0000000000000000 0xffffffffffffffff

Linker script and memory map

Address of section .data set to 0x804000
                0x0000000000008000                __RODATA_PM_OFFSET__ = 0x8000
LOAD C:/Users/M68150/.mchp_packs/Microchip/AVR-Dx_DFP/2.1.152/xc8/avr/lib/avrxmega4/memx-const/crtavr128da48.o
                0x0000000000000001                __MPLAB_BUILD = 0x1
LOAD build/default/production/mcc_generated_files/i2c_host/src/twi0.o
LOAD build/default/production/mcc_generated_files/system/src/pins.o
LOAD build/default/production/mcc_generated_files/system/src/clock.o
LOAD build/default/production/mcc_generated_files/system/src/config_bits.o
LOAD build/default/production/mcc_generated_files/system/src/system.o
LOAD build/default/production/mcc_generated_files/system/src/protected_io.o
LOAD build/default/production/mcc_generated_files/system/src/interrupt.o
LOAD build/default/production/mcc_generated_files/timer/src/rtc.o
LOAD build/default/production/mcc_generated_files/timer/src/delay.o
LOAD build/default/production/mcc_generated_files/uart/src/usart0.o
LOAD build/default/production/mcc_generated_files/uart/src/usart1.o
LOAD build/default/production/main.o
LOAD build/default/production/src/BMI160_INIT.o
LOAD build/default/production/src/i2c.o
START GROUP
LOAD c:/program files/microchip/xc8/v2.32/avr/bin/../lib/gcc/avr/5.4.0/../../../../avr/lib/avrxmega4/memx-const\libm.a
END GROUP
START GROUP
LOAD c:/program files/microchip/xc8/v2.32/avr/bin/../lib/gcc/avr/5.4.0/avrxmega4/memx-const\libgcc.a
LOAD c:/program files/microchip/xc8/v2.32/avr/bin/../lib/gcc/avr/5.4.0/../../../../avr/lib/avrxmega4/memx-const\libm.a
LOAD c:/program files/microchip/xc8/v2.32/avr/bin/../lib/gcc/avr/5.4.0/../../../../avr/lib/avrxmega4/memx-const\libc.a
LOAD C:/Users/M68150/.mchp_packs/Microchip/AVR-Dx_DFP/2.1.152/xc8/avr/lib/avrxmega4/memx-const\libavr128da48.a
END GROUP
                [0x0000000000000000]                __TEXT_REGION_ORIGIN__ = DEFINED (__TEXT_REGION_ORIGIN__)?__TEXT_REGION_ORIGIN__:0x0
                [0x0000000000804000]                __DATA_REGION_ORIGIN__ = DEFINED (__DATA_REGION_ORIGIN__)?__DATA_REGION_ORIGIN__:0x802000
                [0x0000000000020000]                __TEXT_REGION_LENGTH__ = DEFINED (__TEXT_REGION_LENGTH__)?__TEXT_REGION_LENGTH__:0x100000
                [0x0000000000004000]                __DATA_REGION_LENGTH__ = DEFINED (__DATA_REGION_LENGTH__)?__DATA_REGION_LENGTH__:0xffa0
                [0x0000000000000200]                __EEPROM_REGION_LENGTH__ = DEFINED (__EEPROM_REGION_LENGTH__)?__EEPROM_REGION_LENGTH__:0x10000
                [0x0000000000000010]                __FUSE_REGION_LENGTH__ = DEFINED (__FUSE_REGION_LENGTH__)?__FUSE_REGION_LENGTH__:0x400
                0x0000000000000400                __LOCK_REGION_LENGTH__ = DEFINED (__LOCK_REGION_LENGTH__)?__LOCK_REGION_LENGTH__:0x400
                0x0000000000000400                __SIGNATURE_REGION_LENGTH__ = DEFINED (__SIGNATURE_REGION_LENGTH__)?__SIGNATURE_REGION_LENGTH__:0x400
                0x0000000000000400                __USER_SIGNATURE_REGION_LENGTH__ = DEFINED (__USER_SIGNATURE_REGION_LENGTH__)?__USER_SIGNATURE_REGION_LENGTH__:0x400

.hash
 *(.hash)

.dynsym
 *(.dynsym)

.dynstr
 *(.dynstr)

.gnu.version
 *(.gnu.version)

.gnu.version_d
 *(.gnu.version_d)

.gnu.version_r
 *(.gnu.version_r)

.rel.init
 *(.rel.init)

.rela.init
 *(.rela.init)

.rel.text
 *(.rel.text)
 *(.rel.text.*)
 *(.rel.gnu.linkonce.t*)

.rela.text
 *(.rela.text)
 *(.rela.text.*)
 *(.rela.gnu.linkonce.t*)

.rel.fini
 *(.rel.fini)

.rela.fini
 *(.rela.fini)

.rel.rodata
 *(.rel.rodata)
 *(.rel.rodata.*)
 *(.rel.gnu.linkonce.r*)

.rela.rodata
 *(.rela.rodata)
 *(.rela.rodata.*)
 *(.rela.gnu.linkonce.r*)

.rel.data
 *(.rel.data)
 *(.rel.data.*)
 *(.rel.gnu.linkonce.d*)

.rela.data
 *(.rela.data)
 *(.rela.data.*)
 *(.rela.gnu.linkonce.d*)

.rel.ctors
 *(.rel.ctors)

.rela.ctors
 *(.rela.ctors)

.rel.dtors
 *(.rel.dtors)

.rela.dtors
 *(.rela.dtors)

.rel.got
 *(.rel.got)

.rela.got
 *(.rela.got)

.rel.bss
 *(.rel.bss)

.rela.bss
 *(.rela.bss)

.rel.plt
 *(.rel.plt)

.rela.plt
 *(.rela.plt)

.text           0x0000000000000000      0x15e
 *(.vectors)
 .vectors       0x0000000000000000       0xe8 C:/Users/M68150/.mchp_packs/Microchip/AVR-Dx_DFP/2.1.152/xc8/avr/lib/avrxmega4/memx-const/crtavr128da48.o
                0x0000000000000000                __vector_default
                0x0000000000000000                __vectors
 *(.vectors)
 *(.progmem.gcc*)
 *(.dinit)
 .dinit         0x00000000000000e8       0x1d data_init
                0x0000000000000106                . = ALIGN (0x2)
 *fill*         0x0000000000000105        0x1 
                0x0000000000000106                __trampolines_start = .
 *(.trampolines)
 .trampolines   0x0000000000000106        0x0 linker stubs
 *(.trampolines*)
                0x0000000000000106                __trampolines_end = .
 *libprintf_flt.a:*(.progmem.data)
 *libc.a:*(.progmem.data)
                0x0000000000000106                . = ALIGN (0x2)
 *(.jumptables)
 *(.jumptables*)
 *(.lowtext)
 *(.lowtext*)
                0x0000000000000106                __ctors_start = .
 *(.ctors)
                0x0000000000000106                __ctors_end = .
                0x0000000000000106                __dtors_start = .
 *(.dtors)
                0x0000000000000106                __dtors_end = .
 SORT(*)(.ctors)
 SORT(*)(.dtors)
 *(.init0)
 .init0         0x0000000000000106        0x0 C:/Users/M68150/.mchp_packs/Microchip/AVR-Dx_DFP/2.1.152/xc8/avr/lib/avrxmega4/memx-const/crtavr128da48.o
                0x0000000000000106                __init
 *(.init0)
 *(.init1)
 *(.init1)
 *(.init2)
 .init2         0x0000000000000106        0xc C:/Users/M68150/.mchp_packs/Microchip/AVR-Dx_DFP/2.1.152/xc8/avr/lib/avrxmega4/memx-const/crtavr128da48.o
 *(.init2)
 *(.init3)
 *(.init3)
 *(.init4)
 .init4         0x0000000000000112       0x40 c:/program files/microchip/xc8/v2.32/avr/bin/../lib/gcc/avr/5.4.0/avrxmega4/memx-const\libgcc.a(_copy_data.o)
                0x0000000000000112                __do_copy_data
                0x0000000000000144                __do_clear_bss
 *(.init4)
 *(.init5)
 *(.init5)
 *(.init6)
 *(.init6)
 *(.init7)
 *(.init7)
 *(.init8)
 *(.init8)
 *(.init9)
 .init9         0x0000000000000152        0x8 C:/Users/M68150/.mchp_packs/Microchip/AVR-Dx_DFP/2.1.152/xc8/avr/lib/avrxmega4/memx-const/crtavr128da48.o
 *(.init9)
                0x000000000000015a                . = ALIGN (0x2)
 *(.fini9)
 .fini9         0x000000000000015a        0x0 c:/program files/microchip/xc8/v2.32/avr/bin/../lib/gcc/avr/5.4.0/avrxmega4/memx-const\libgcc.a(_exit.o)
                0x000000000000015a                _exit
                0x000000000000015a                exit
 *(.fini9)
 *(.fini8)
 *(.fini8)
 *(.fini7)
 *(.fini7)
 *(.fini6)
 *(.fini6)
 *(.fini5)
 *(.fini5)
 *(.fini4)
 *(.fini4)
 *(.fini3)
 *(.fini3)
 *(.fini2)
 *(.fini2)
 *(.fini1)
 *(.fini1)
 *(.fini0)
 .fini0         0x000000000000015a        0x4 c:/program files/microchip/xc8/v2.32/avr/bin/../lib/gcc/avr/5.4.0/avrxmega4/memx-const\libgcc.a(_exit.o)
 *(.fini0)
                0x000000000000015e                _etext = .

.data           0x0000000000804000        0x0 load address 0x000000000000015e
                [!provide]                        PROVIDE (__data_start, .)
 *(.gnu.linkonce.d*)
 *(.gnu.linkonce.r*)
                0x0000000000804000                . = ALIGN (0x2)
                0x0000000000804000                _edata = .
                [!provide]                        PROVIDE (__data_end, .)

.bss            0x0000000000804000      0x199
                [!provide]                        PROVIDE (__bss_start, .)
 *(COMMON)
 COMMON         0x0000000000804000        0xc build/default/production/mcc_generated_files/uart/src/usart0.o
                0x0000000000804000                USART0_RxInterruptHandler
                0x0000000000804002                USART0_TxInterruptHandler
                0x0000000000804004                USART0_OverrunErrorHandler
                0x0000000000804006                usart0TxBufferRemaining
                0x0000000000804007                usart0RxCount
                0x0000000000804008                USART0_FramingErrorHandler
                0x000000000080400a                USART0_ParityErrorHandler
 COMMON         0x000000000080400c        0xc build/default/production/mcc_generated_files/uart/src/usart1.o
                0x000000000080400c                USART1_TxInterruptHandler
                0x000000000080400e                USART1_RxInterruptHandler
                0x0000000000804010                USART1_FramingErrorHandler
                0x0000000000804012                USART1_OverrunErrorHandler
                0x0000000000804014                usart1TxBufferRemaining
                0x0000000000804015                usart1RxCount
                0x0000000000804016                USART1_ParityErrorHandler
 COMMON         0x0000000000804018      0x17b build/default/production/main.o
                0x0000000000804018                Get_GPS_Cnt_String
                0x000000000080401d                USART_DummyBuffer
                0x000000000080401e                Coordinates
                0x0000000000804036                GPS_USART0_Buffer
                0x00000000008040fe                GPS_Validity
                0x0000000000804162                receiveData
                0x0000000000804163                DecimalDegrees_and_Minutes
                0x000000000080417b                GPRMC_Fields
 COMMON         0x0000000000804193        0x6 c:/program files/microchip/xc8/v2.32/avr/bin/../lib/gcc/avr/5.4.0/../../../../avr/lib/avrxmega4/memx-const\libc.a(iob.o)
                0x0000000000804193                __iob
                [!provide]                        PROVIDE (__bss_end, .)
                0x000000000000015e                __data_load_start = LOADADDR (.data)
                0x000000000000015e                __data_load_end = (__data_load_start + SIZEOF (.data))

.noinit         0x0000000000804199        0x0
                [!provide]                        PROVIDE (__noinit_start, .)
 *(.noinit*)
                [!provide]                        PROVIDE (__noinit_end, .)
                0x0000000000804199                _end = .

.eeprom         0x0000000000810000        0x0
 *(.eeprom*)
                0x0000000000810000                __eeprom_end = .

.fuse           0x0000000000820000        0x9
 *(.fuse)
 .fuse          0x0000000000820000        0x9 build/default/production/mcc_generated_files/system/src/config_bits.o
                0x0000000000820000                __fuse
 *(.lfuse)
 *(.hfuse)
 *(.efuse)

.lock
 *(.lock*)

.signature
 *(.signature*)

.user_signatures
 *(.user_signatures*)

.stab
 *(.stab)

.stabstr
 *(.stabstr)

.stab.excl
 *(.stab.excl)

.stab.exclstr
 *(.stab.exclstr)

.stab.index
 *(.stab.index)

.stab.indexstr
 *(.stab.indexstr)

.comment        0x0000000000000000       0x5b
 *(.comment)
 .comment       0x0000000000000000       0x2f build/default/production/mcc_generated_files/i2c_host/src/twi0.o
                                         0x30 (size before relaxing)
 .comment       0x000000000000002f       0x30 build/default/production/mcc_generated_files/system/src/pins.o
 .comment       0x000000000000002f       0x30 build/default/production/mcc_generated_files/system/src/clock.o
 .comment       0x000000000000002f       0x30 build/default/production/mcc_generated_files/system/src/config_bits.o
 .comment       0x000000000000002f       0x30 build/default/production/mcc_generated_files/system/src/system.o
 .comment       0x000000000000002f       0x30 build/default/production/mcc_generated_files/system/src/interrupt.o
 .comment       0x000000000000002f       0x30 build/default/production/mcc_generated_files/timer/src/rtc.o
 .comment       0x000000000000002f       0x30 build/default/production/mcc_generated_files/timer/src/delay.o
 .comment       0x000000000000002f       0x30 build/default/production/mcc_generated_files/uart/src/usart0.o
 .comment       0x000000000000002f       0x30 build/default/production/mcc_generated_files/uart/src/usart1.o
 .comment       0x000000000000002f       0x30 build/default/production/main.o
 .comment       0x000000000000002f       0x30 build/default/production/src/BMI160_INIT.o
 .comment       0x000000000000002f       0x30 build/default/production/src/i2c.o
 .comment       0x000000000000002f       0x2c c:/program files/microchip/xc8/v2.32/avr/bin/../lib/gcc/avr/5.4.0/../../../../avr/lib/avrxmega4/memx-const\libc.a(memcpy_M.o)
                                         0x2d (size before relaxing)
 .comment       0x000000000000005b       0x2d c:/program files/microchip/xc8/v2.32/avr/bin/../lib/gcc/avr/5.4.0/../../../../avr/lib/avrxmega4/memx-const\libc.a(strchr_M.o)
 .comment       0x000000000000005b       0x2d c:/program files/microchip/xc8/v2.32/avr/bin/../lib/gcc/avr/5.4.0/../../../../avr/lib/avrxmega4/memx-const\libc.a(strcmp_M.o)
 .comment       0x000000000000005b       0x2d c:/program files/microchip/xc8/v2.32/avr/bin/../lib/gcc/avr/5.4.0/../../../../avr/lib/avrxmega4/memx-const\libc.a(strlen_M.o)
 .comment       0x000000000000005b       0x2d c:/program files/microchip/xc8/v2.32/avr/bin/../lib/gcc/avr/5.4.0/../../../../avr/lib/avrxmega4/memx-const\libc.a(iob.o)
 .comment       0x000000000000005b       0x2d c:/program files/microchip/xc8/v2.32/avr/bin/../lib/gcc/avr/5.4.0/../../../../avr/lib/avrxmega4/memx-const\libc.a(printf.o)
 .comment       0x000000000000005b       0x2d c:/program files/microchip/xc8/v2.32/avr/bin/../lib/gcc/avr/5.4.0/../../../../avr/lib/avrxmega4/memx-const\libc.a(puts.o)
 .comment       0x000000000000005b       0x2d c:/program files/microchip/xc8/v2.32/avr/bin/../lib/gcc/avr/5.4.0/../../../../avr/lib/avrxmega4/memx-const\libc.a(snprintf.o)
 .comment       0x000000000000005b       0x2d c:/program files/microchip/xc8/v2.32/avr/bin/../lib/gcc/avr/5.4.0/../../../../avr/lib/avrxmega4/memx-const\libc.a(vfprintf_std.o)
 .comment       0x000000000000005b       0x2d c:/program files/microchip/xc8/v2.32/avr/bin/../lib/gcc/avr/5.4.0/../../../../avr/lib/avrxmega4/memx-const\libc.a(strnlen_M.o)
 .comment       0x000000000000005b       0x2d c:/program files/microchip/xc8/v2.32/avr/bin/../lib/gcc/avr/5.4.0/../../../../avr/lib/avrxmega4/memx-const\libc.a(fputc.o)

.stack.descriptors.hdr
                0x0000000000000000       0xd2
 .stack.descriptors.hdr
                0x0000000000000000        0xe c:/program files/microchip/xc8/v2.32/avr/bin/../lib/gcc/avr/5.4.0/avrxmega4/memx-const\libgcc.a(_exit.o)
 .stack.descriptors.hdr
                0x000000000000000e        0xe c:/program files/microchip/xc8/v2.32/avr/bin/../lib/gcc/avr/5.4.0/avrxmega4/memx-const\libgcc.a(_xload_1.o)
 .stack.descriptors.hdr
                0x000000000000001c        0xe c:/program files/microchip/xc8/v2.32/avr/bin/../lib/gcc/avr/5.4.0/avrxmega4/memx-const\libgcc.a(_xload_2.o)
 .stack.descriptors.hdr
                0x000000000000002a        0xe c:/program files/microchip/xc8/v2.32/avr/bin/../lib/gcc/avr/5.4.0/../../../../avr/lib/avrxmega4/memx-const\libc.a(memcpy_M.o)
 .stack.descriptors.hdr
                0x0000000000000038        0xe c:/program files/microchip/xc8/v2.32/avr/bin/../lib/gcc/avr/5.4.0/../../../../avr/lib/avrxmega4/memx-const\libc.a(strchr_M.o)
 .stack.descriptors.hdr
                0x0000000000000046        0xe c:/program files/microchip/xc8/v2.32/avr/bin/../lib/gcc/avr/5.4.0/../../../../avr/lib/avrxmega4/memx-const\libc.a(strcmp_M.o)
 .stack.descriptors.hdr
                0x0000000000000054        0xe c:/program files/microchip/xc8/v2.32/avr/bin/../lib/gcc/avr/5.4.0/../../../../avr/lib/avrxmega4/memx-const\libc.a(strlen_M.o)
 .stack.descriptors.hdr
                0x0000000000000062        0xe c:/program files/microchip/xc8/v2.32/avr/bin/../lib/gcc/avr/5.4.0/../../../../avr/lib/avrxmega4/memx-const\libc.a(iob.o)
 .stack.descriptors.hdr
                0x0000000000000070        0xe c:/program files/microchip/xc8/v2.32/avr/bin/../lib/gcc/avr/5.4.0/../../../../avr/lib/avrxmega4/memx-const\libc.a(printf.o)
 .stack.descriptors.hdr
                0x000000000000007e        0xe c:/program files/microchip/xc8/v2.32/avr/bin/../lib/gcc/avr/5.4.0/../../../../avr/lib/avrxmega4/memx-const\libc.a(puts.o)
 .stack.descriptors.hdr
                0x000000000000008c        0xe c:/program files/microchip/xc8/v2.32/avr/bin/../lib/gcc/avr/5.4.0/../../../../avr/lib/avrxmega4/memx-const\libc.a(snprintf.o)
 .stack.descriptors.hdr
                0x000000000000009a        0xe c:/program files/microchip/xc8/v2.32/avr/bin/../lib/gcc/avr/5.4.0/../../../../avr/lib/avrxmega4/memx-const\libc.a(vfprintf_std.o)
 .stack.descriptors.hdr
                0x00000000000000a8        0xe c:/program files/microchip/xc8/v2.32/avr/bin/../lib/gcc/avr/5.4.0/../../../../avr/lib/avrxmega4/memx-const\libc.a(strnlen_M.o)
 .stack.descriptors.hdr
                0x00000000000000b6        0xe c:/program files/microchip/xc8/v2.32/avr/bin/../lib/gcc/avr/5.4.0/../../../../avr/lib/avrxmega4/memx-const\libc.a(fputc.o)
 .stack.descriptors.hdr
                0x00000000000000c4        0xe c:/program files/microchip/xc8/v2.32/avr/bin/../lib/gcc/avr/5.4.0/../../../../avr/lib/avrxmega4/memx-const\libc.a(ultoa_invert.o)

.note.gnu.build-id
 *(.note.gnu.build-id)

.debug
 *(.debug)

.line
 *(.line)

.debug_srcinfo
 *(.debug_srcinfo)

.debug_sfnames
 *(.debug_sfnames)

.debug_aranges  0x0000000000000000      0x648
 *(.debug_aranges)
 .debug_aranges
                0x0000000000000000       0xb8 build/default/production/mcc_generated_files/i2c_host/src/twi0.o
 .debug_aranges
                0x00000000000000b8       0xf0 build/default/production/mcc_generated_files/system/src/pins.o
 .debug_aranges
                0x00000000000001a8       0x20 build/default/production/mcc_generated_files/system/src/clock.o
 .debug_aranges
                0x00000000000001c8       0x18 build/default/production/mcc_generated_files/system/src/config_bits.o
 .debug_aranges
                0x00000000000001e0       0x20 build/default/production/mcc_generated_files/system/src/system.o
 .debug_aranges
                0x0000000000000200       0x20 build/default/production/mcc_generated_files/system/src/protected_io.o
 .debug_aranges
                0x0000000000000220       0x20 build/default/production/mcc_generated_files/system/src/interrupt.o
 .debug_aranges
                0x0000000000000240       0xb8 build/default/production/mcc_generated_files/timer/src/rtc.o
 .debug_aranges
                0x00000000000002f8       0x28 build/default/production/mcc_generated_files/timer/src/delay.o
 .debug_aranges
                0x0000000000000320      0x110 build/default/production/mcc_generated_files/uart/src/usart0.o
 .debug_aranges
                0x0000000000000430      0x118 build/default/production/mcc_generated_files/uart/src/usart1.o
 .debug_aranges
                0x0000000000000548       0x88 build/default/production/main.o
 .debug_aranges
                0x00000000000005d0       0x40 build/default/production/src/BMI160_INIT.o
 .debug_aranges
                0x0000000000000610       0x38 build/default/production/src/i2c.o

.debug_pubnames
 *(.debug_pubnames)

.debug_info     0x0000000000000000     0xc301
 *(.debug_info .gnu.linkonce.wi.*)
 .debug_info    0x0000000000000000     0x3227 C:/Users/M68150/.mchp_packs/Microchip/AVR-Dx_DFP/2.1.152/xc8/avr/lib/avrxmega4/memx-const/crtavr128da48.o
 .debug_info    0x0000000000003227     0x11db build/default/production/mcc_generated_files/i2c_host/src/twi0.o
 .debug_info    0x0000000000004402      0xe1f build/default/production/mcc_generated_files/system/src/pins.o
 .debug_info    0x0000000000005221      0x756 build/default/production/mcc_generated_files/system/src/clock.o
 .debug_info    0x0000000000005977      0x877 build/default/production/mcc_generated_files/system/src/config_bits.o
 .debug_info    0x00000000000061ee      0x360 build/default/production/mcc_generated_files/system/src/system.o
 .debug_info    0x000000000000654e       0xd9 build/default/production/mcc_generated_files/system/src/protected_io.o
 .debug_info    0x0000000000006627      0x40f build/default/production/mcc_generated_files/system/src/interrupt.o
 .debug_info    0x0000000000006a36      0x8f0 build/default/production/mcc_generated_files/timer/src/rtc.o
 .debug_info    0x0000000000007326      0x45c build/default/production/mcc_generated_files/timer/src/delay.o
 .debug_info    0x0000000000007782     0x11b0 build/default/production/mcc_generated_files/uart/src/usart0.o
 .debug_info    0x0000000000008932     0x1359 build/default/production/mcc_generated_files/uart/src/usart1.o
 .debug_info    0x0000000000009c8b     0x14f9 build/default/production/main.o
 .debug_info    0x000000000000b184      0x9c1 build/default/production/src/BMI160_INIT.o
 .debug_info    0x000000000000bb45      0x7bc build/default/production/src/i2c.o

.debug_abbrev   0x0000000000000000     0x465e
 *(.debug_abbrev)
 .debug_abbrev  0x0000000000000000     0x2f80 C:/Users/M68150/.mchp_packs/Microchip/AVR-Dx_DFP/2.1.152/xc8/avr/lib/avrxmega4/memx-const/crtavr128da48.o
 .debug_abbrev  0x0000000000002f80      0x31e build/default/production/mcc_generated_files/i2c_host/src/twi0.o
 .debug_abbrev  0x000000000000329e      0x182 build/default/production/mcc_generated_files/system/src/pins.o
 .debug_abbrev  0x0000000000003420      0x11d build/default/production/mcc_generated_files/system/src/clock.o
 .debug_abbrev  0x000000000000353d       0x97 build/default/production/mcc_generated_files/system/src/config_bits.o
 .debug_abbrev  0x00000000000035d4       0x58 build/default/production/mcc_generated_files/system/src/system.o
 .debug_abbrev  0x000000000000362c       0x14 build/default/production/mcc_generated_files/system/src/protected_io.o
 .debug_abbrev  0x0000000000003640       0xfa build/default/production/mcc_generated_files/system/src/interrupt.o
 .debug_abbrev  0x000000000000373a      0x14c build/default/production/mcc_generated_files/timer/src/rtc.o
 .debug_abbrev  0x0000000000003886      0x11e build/default/production/mcc_generated_files/timer/src/delay.o
 .debug_abbrev  0x00000000000039a4      0x2de build/default/production/mcc_generated_files/uart/src/usart0.o
 .debug_abbrev  0x0000000000003c82      0x39f build/default/production/mcc_generated_files/uart/src/usart1.o
 .debug_abbrev  0x0000000000004021      0x2f0 build/default/production/main.o
 .debug_abbrev  0x0000000000004311      0x1c8 build/default/production/src/BMI160_INIT.o
 .debug_abbrev  0x00000000000044d9      0x185 build/default/production/src/i2c.o

.debug_line     0x0000000000000000     0x30ee
 *(.debug_line .debug_line.* .debug_line_end)
 .debug_line    0x0000000000000000      0x1f6 C:/Users/M68150/.mchp_packs/Microchip/AVR-Dx_DFP/2.1.152/xc8/avr/lib/avrxmega4/memx-const/crtavr128da48.o
 .debug_line    0x00000000000001f6      0x708 build/default/production/mcc_generated_files/i2c_host/src/twi0.o
 .debug_line    0x00000000000008fe      0x59c build/default/production/mcc_generated_files/system/src/pins.o
 .debug_line    0x0000000000000e9a      0x165 build/default/production/mcc_generated_files/system/src/clock.o
 .debug_line    0x0000000000000fff       0xea build/default/production/mcc_generated_files/system/src/config_bits.o
 .debug_line    0x00000000000010e9      0x17d build/default/production/mcc_generated_files/system/src/system.o
 .debug_line    0x0000000000001266       0x73 build/default/production/mcc_generated_files/system/src/protected_io.o
 .debug_line    0x00000000000012d9      0x183 build/default/production/mcc_generated_files/system/src/interrupt.o
 .debug_line    0x000000000000145c      0x38e build/default/production/mcc_generated_files/timer/src/rtc.o
 .debug_line    0x00000000000017ea      0x137 build/default/production/mcc_generated_files/timer/src/delay.o
 .debug_line    0x0000000000001921      0x66d build/default/production/mcc_generated_files/uart/src/usart0.o
 .debug_line    0x0000000000001f8e      0x6b1 build/default/production/mcc_generated_files/uart/src/usart1.o
 .debug_line    0x000000000000263f      0x5be build/default/production/main.o
 .debug_line    0x0000000000002bfd      0x2d3 build/default/production/src/BMI160_INIT.o
 .debug_line    0x0000000000002ed0      0x21e build/default/production/src/i2c.o

.debug_frame    0x0000000000000000     0x1050
 *(.debug_frame)
 .debug_frame   0x0000000000000000      0x23c build/default/production/mcc_generated_files/i2c_host/src/twi0.o
 .debug_frame   0x000000000000023c      0x2d8 build/default/production/mcc_generated_files/system/src/pins.o
 .debug_frame   0x0000000000000514       0x24 build/default/production/mcc_generated_files/system/src/clock.o
 .debug_frame   0x0000000000000538       0x24 build/default/production/mcc_generated_files/system/src/system.o
 .debug_frame   0x000000000000055c       0x24 build/default/production/mcc_generated_files/system/src/interrupt.o
 .debug_frame   0x0000000000000580      0x1e4 build/default/production/mcc_generated_files/timer/src/rtc.o
 .debug_frame   0x0000000000000764       0x34 build/default/production/mcc_generated_files/timer/src/delay.o
 .debug_frame   0x0000000000000798      0x2b0 build/default/production/mcc_generated_files/uart/src/usart0.o
 .debug_frame   0x0000000000000a48      0x2c0 build/default/production/mcc_generated_files/uart/src/usart1.o
 .debug_frame   0x0000000000000d08      0x214 build/default/production/main.o
 .debug_frame   0x0000000000000f1c       0xa8 build/default/production/src/BMI160_INIT.o
 .debug_frame   0x0000000000000fc4       0x8c build/default/production/src/i2c.o

.debug_str      0x0000000000000000     0x17ba
 *(.debug_str)
 .debug_str     0x0000000000000000     0x153f C:/Users/M68150/.mchp_packs/Microchip/AVR-Dx_DFP/2.1.152/xc8/avr/lib/avrxmega4/memx-const/crtavr128da48.o
 .debug_str     0x000000000000153f       0x42 build/default/production/mcc_generated_files/i2c_host/src/twi0.o
 .debug_str     0x0000000000001581       0x25 build/default/production/mcc_generated_files/system/src/pins.o
 .debug_str     0x00000000000015a6       0x13 build/default/production/mcc_generated_files/system/src/clock.o
 .debug_str     0x00000000000015b9        0x0 build/default/production/mcc_generated_files/system/src/config_bits.o
 .debug_str     0x00000000000015b9       0x7d build/default/production/mcc_generated_files/system/src/system.o
 .debug_str     0x0000000000001636       0x13 build/default/production/mcc_generated_files/system/src/interrupt.o
 .debug_str     0x0000000000001649        0x9 build/default/production/mcc_generated_files/timer/src/rtc.o
 .debug_str     0x0000000000001652       0x26 build/default/production/mcc_generated_files/timer/src/delay.o
 .debug_str     0x0000000000001678       0x10 build/default/production/mcc_generated_files/uart/src/usart0.o
 .debug_str     0x0000000000001688       0x10 build/default/production/mcc_generated_files/uart/src/usart1.o
 .debug_str     0x0000000000001698       0xc9 build/default/production/main.o
 .debug_str     0x0000000000001761       0x4e build/default/production/src/BMI160_INIT.o
 .debug_str     0x00000000000017af        0xb build/default/production/src/i2c.o

.debug_loc      0x0000000000000000     0x118b
 *(.debug_loc)
 .debug_loc     0x0000000000000000      0x379 build/default/production/mcc_generated_files/i2c_host/src/twi0.o
 .debug_loc     0x0000000000000379      0x171 build/default/production/mcc_generated_files/system/src/clock.o
 .debug_loc     0x00000000000004ea       0x2a build/default/production/mcc_generated_files/system/src/interrupt.o
 .debug_loc     0x0000000000000514      0x15d build/default/production/mcc_generated_files/timer/src/delay.o
 .debug_loc     0x0000000000000671       0xb9 build/default/production/mcc_generated_files/uart/src/usart0.o
 .debug_loc     0x000000000000072a      0x100 build/default/production/mcc_generated_files/uart/src/usart1.o
 .debug_loc     0x000000000000082a      0x3f7 build/default/production/main.o
 .debug_loc     0x0000000000000c21      0x246 build/default/production/src/BMI160_INIT.o
 .debug_loc     0x0000000000000e67      0x324 build/default/production/src/i2c.o

.debug_macinfo
 *(.debug_macinfo)

.debug_weaknames
 *(.debug_weaknames)

.debug_funcnames
 *(.debug_funcnames)

.debug_typenames
 *(.debug_typenames)

.debug_varnames
 *(.debug_varnames)

.debug_pubtypes
 *(.debug_pubtypes)

.debug_ranges   0x0000000000000000      0x570
 *(.debug_ranges)
 .debug_ranges  0x0000000000000000       0xa8 build/default/production/mcc_generated_files/i2c_host/src/twi0.o
 .debug_ranges  0x00000000000000a8       0xe0 build/default/production/mcc_generated_files/system/src/pins.o
 .debug_ranges  0x0000000000000188       0x10 build/default/production/mcc_generated_files/system/src/clock.o
 .debug_ranges  0x0000000000000198       0x10 build/default/production/mcc_generated_files/system/src/system.o
 .debug_ranges  0x00000000000001a8       0x10 build/default/production/mcc_generated_files/system/src/interrupt.o
 .debug_ranges  0x00000000000001b8       0xa8 build/default/production/mcc_generated_files/timer/src/rtc.o
 .debug_ranges  0x0000000000000260       0x18 build/default/production/mcc_generated_files/timer/src/delay.o
 .debug_ranges  0x0000000000000278      0x100 build/default/production/mcc_generated_files/uart/src/usart0.o
 .debug_ranges  0x0000000000000378      0x108 build/default/production/mcc_generated_files/uart/src/usart1.o
 .debug_ranges  0x0000000000000480       0x78 build/default/production/main.o
 .debug_ranges  0x00000000000004f8       0x30 build/default/production/src/BMI160_INIT.o
 .debug_ranges  0x0000000000000528       0x48 build/default/production/src/i2c.o

.debug_macro
 *(.debug_macro)
OUTPUT(dist/default/production/gps_tracker_p.X.production.elf elf32-avr)
LOAD linker stubs
LOAD data_init

.note.gnu.avr.deviceinfo
                0x0000000000000000       0x40
 .note.gnu.avr.deviceinfo
                0x0000000000000000       0x40 C:/Users/M68150/.mchp_packs/Microchip/AVR-Dx_DFP/2.1.152/xc8/avr/lib/avrxmega4/memx-const/crtavr128da48.o

.bss.twi0_Status
                0x00000000008045a8        0xe
 .bss.twi0_Status
                0x00000000008045a8        0xe build/default/production/mcc_generated_files/i2c_host/src/twi0.o
                0x00000000008045a8                twi0_Status

.bss.TWI0_Callback
                0x00000000008045b6        0x2
 .bss.TWI0_Callback
                0x00000000008045b6        0x2 build/default/production/mcc_generated_files/i2c_host/src/twi0.o

.bss.PC6_InterruptHandler
                0x00000000008045b8        0x2
 .bss.PC6_InterruptHandler
                0x00000000008045b8        0x2 build/default/production/mcc_generated_files/system/src/pins.o

.bss.PC5_InterruptHandler
                0x00000000008045ba        0x2
 .bss.PC5_InterruptHandler
                0x00000000008045ba        0x2 build/default/production/mcc_generated_files/system/src/pins.o

.bss.PC4_InterruptHandler
                0x00000000008045bc        0x2
 .bss.PC4_InterruptHandler
                0x00000000008045bc        0x2 build/default/production/mcc_generated_files/system/src/pins.o

.bss.PD6_InterruptHandler
                0x00000000008045be        0x2
 .bss.PD6_InterruptHandler
                0x00000000008045be        0x2 build/default/production/mcc_generated_files/system/src/pins.o

.bss.PC0_InterruptHandler
                0x00000000008045c0        0x2
 .bss.PC0_InterruptHandler
                0x00000000008045c0        0x2 build/default/production/mcc_generated_files/system/src/pins.o

.bss.PC1_InterruptHandler
                0x00000000008045c2        0x2
 .bss.PC1_InterruptHandler
                0x00000000008045c2        0x2 build/default/production/mcc_generated_files/system/src/pins.o

.bss.PC2_InterruptHandler
                0x00000000008045c4        0x2
 .bss.PC2_InterruptHandler
                0x00000000008045c4        0x2 build/default/production/mcc_generated_files/system/src/pins.o

.bss.PC3_InterruptHandler
                0x00000000008045c6        0x2
 .bss.PC3_InterruptHandler
                0x00000000008045c6        0x2 build/default/production/mcc_generated_files/system/src/pins.o

.bss.PA0_InterruptHandler
                0x00000000008045c8        0x2
 .bss.PA0_InterruptHandler
                0x00000000008045c8        0x2 build/default/production/mcc_generated_files/system/src/pins.o

.bss.PA1_InterruptHandler
                0x00000000008045ca        0x2
 .bss.PA1_InterruptHandler
                0x00000000008045ca        0x2 build/default/production/mcc_generated_files/system/src/pins.o

.bss.RTC_PIT_isr_cb
                0x00000000008045cc        0x2
 .bss.RTC_PIT_isr_cb
                0x00000000008045cc        0x2 build/default/production/mcc_generated_files/timer/src/rtc.o
                0x00000000008045cc                RTC_PIT_isr_cb

.bss.RTC_CMP_isr_cb
                0x00000000008045ce        0x2
 .bss.RTC_CMP_isr_cb
                0x00000000008045ce        0x2 build/default/production/mcc_generated_files/timer/src/rtc.o
                0x00000000008045ce                RTC_CMP_isr_cb

.bss.RTC_OVF_isr_cb
                0x00000000008045d0        0x2
 .bss.RTC_OVF_isr_cb
                0x00000000008045d0        0x2 build/default/production/mcc_generated_files/timer/src/rtc.o
                0x00000000008045d0                RTC_OVF_isr_cb

.bss.usart0RxLastError
                0x00000000008045d2        0x2
 .bss.usart0RxLastError
                0x00000000008045d2        0x2 build/default/production/mcc_generated_files/uart/src/usart0.o

.bss.usart0RxStatusBuffer
                0x0000000000804199      0x100
 .bss.usart0RxStatusBuffer
                0x0000000000804199      0x100 build/default/production/mcc_generated_files/uart/src/usart0.o

.bss.usart0RxBuffer
                0x0000000000804399       0x80
 .bss.usart0RxBuffer
                0x0000000000804399       0x80 build/default/production/mcc_generated_files/uart/src/usart0.o

.bss.usart0RxTail
                0x00000000008045d8        0x1
 .bss.usart0RxTail
                0x00000000008045d8        0x1 build/default/production/mcc_generated_files/uart/src/usart0.o

.bss.usart0RxHead
                0x00000000008045d9        0x1
 .bss.usart0RxHead
                0x00000000008045d9        0x1 build/default/production/mcc_generated_files/uart/src/usart0.o

.bss.usart0TxBuffer
                0x0000000000804419       0x80
 .bss.usart0TxBuffer
                0x0000000000804419       0x80 build/default/production/mcc_generated_files/uart/src/usart0.o

.bss.usart0TxTail
                0x00000000008045da        0x1
 .bss.usart0TxTail
                0x00000000008045da        0x1 build/default/production/mcc_generated_files/uart/src/usart0.o

.bss.usart0TxHead
                0x00000000008045db        0x1
 .bss.usart0TxHead
                0x00000000008045db        0x1 build/default/production/mcc_generated_files/uart/src/usart0.o

.bss.usart1RxLastError
                0x00000000008045d4        0x2
 .bss.usart1RxLastError
                0x00000000008045d4        0x2 build/default/production/mcc_generated_files/uart/src/usart1.o

.bss.usart1RxStatusBuffer
                0x0000000000804299      0x100
 .bss.usart1RxStatusBuffer
                0x0000000000804299      0x100 build/default/production/mcc_generated_files/uart/src/usart1.o

.bss.usart1RxBuffer
                0x0000000000804499       0x80
 .bss.usart1RxBuffer
                0x0000000000804499       0x80 build/default/production/mcc_generated_files/uart/src/usart1.o

.bss.usart1RxTail
                0x00000000008045dc        0x1
 .bss.usart1RxTail
                0x00000000008045dc        0x1 build/default/production/mcc_generated_files/uart/src/usart1.o

.bss.usart1RxHead
                0x00000000008045dd        0x1
 .bss.usart1RxHead
                0x00000000008045dd        0x1 build/default/production/mcc_generated_files/uart/src/usart1.o

.bss.usart1TxBuffer
                0x0000000000804519       0x80
 .bss.usart1TxBuffer
                0x0000000000804519       0x80 build/default/production/mcc_generated_files/uart/src/usart1.o

.bss.usart1TxTail
                0x00000000008045de        0x1
 .bss.usart1TxTail
                0x00000000008045de        0x1 build/default/production/mcc_generated_files/uart/src/usart1.o

.bss.usart1TxHead
                0x00000000008045df        0x1
 .bss.usart1TxHead
                0x00000000008045df        0x1 build/default/production/mcc_generated_files/uart/src/usart1.o

.bss.do_once_flag
                0x00000000008045e1        0x1
 .bss.do_once_flag
                0x00000000008045e1        0x1 build/default/production/main.o
                0x00000000008045e1                do_once_flag

.bss.Movement_Sensor_Status
                0x00000000008045e2        0x1
 .bss.Movement_Sensor_Status
                0x00000000008045e2        0x1 build/default/production/main.o
                0x00000000008045e2                Movement_Sensor_Status

.bss.GPS_Info_Flag
                0x00000000008045e3        0x1
 .bss.GPS_Info_Flag
                0x00000000008045e3        0x1 build/default/production/main.o
                0x00000000008045e3                GPS_Info_Flag

.bss.Delay_Flag
                0x00000000008045e4        0x1
 .bss.Delay_Flag
                0x00000000008045e4        0x1 build/default/production/main.o
                0x00000000008045e4                Delay_Flag

.bss.GPS_Buffer_Index
                0x00000000008045d6        0x2
 .bss.GPS_Buffer_Index
                0x00000000008045d6        0x2 build/default/production/main.o
                0x00000000008045d6                GPS_Buffer_Index

.progmemx.data  0x000000000000015e      0x1e2
 .progmemx.data
                0x000000000000015e      0x1e2 build/default/production/main.o

.progmemx.data.Website_URL
                0x0000000000000340       0x34
 .progmemx.data.Website_URL
                0x0000000000000340       0x34 build/default/production/main.o
                0x0000000000000340                Website_URL

.progmemx.data.twi0_eventTable
                0x0000000000000374       0x12
 .progmemx.data.twi0_eventTable
                0x0000000000000374       0x12 build/default/production/mcc_generated_files/i2c_host/src/twi0.o
                0x0000000000000374                twi0_eventTable

.text.avrlibc   0x0000000000000386      0x444
 .text.avrlibc  0x0000000000000386      0x444 c:/program files/microchip/xc8/v2.32/avr/bin/../lib/gcc/avr/5.4.0/../../../../avr/lib/avrxmega4/memx-const\libc.a(vfprintf_std.o)
                0x0000000000000386                vfprintf

.text.PIN_MANAGER_Initialize
                0x00000000000007ca      0x16c
 .text.PIN_MANAGER_Initialize
                0x00000000000007ca      0x16c build/default/production/mcc_generated_files/system/src/pins.o
                0x00000000000007ca                PIN_MANAGER_Initialize

.text.send_lat_and_long_gprs
                0x0000000000000936      0x14c
 .text.send_lat_and_long_gprs
                0x0000000000000936      0x14c build/default/production/main.o
                0x0000000000000936                send_lat_and_long_gprs

.text.BMI_160_INIT
                0x0000000000000a82      0x120
 .text.BMI_160_INIT
                0x0000000000000a82      0x120 build/default/production/src/BMI160_INIT.o
                0x0000000000000a82                BMI_160_INIT

.text.NMEA_Parse
                0x0000000000000ba2       0xf6
 .text.NMEA_Parse
                0x0000000000000ba2       0xf6 build/default/production/main.o
                0x0000000000000ba2                NMEA_Parse

.text.TWI0_ErrorEventHandler
                0x0000000000000c98       0xce
 .text.TWI0_ErrorEventHandler
                0x0000000000000c98       0xce build/default/production/mcc_generated_files/i2c_host/src/twi0.o

.text.__vector_17
                0x0000000000000d66       0xc2
 .text.__vector_17
                0x0000000000000d66       0xc2 build/default/production/mcc_generated_files/i2c_host/src/twi0.o
                0x0000000000000d66                __vector_17

.text.parse_comma_delimited_str
                0x0000000000000e28       0xbe
 .text.parse_comma_delimited_str
                0x0000000000000e28       0xbe build/default/production/main.o
                0x0000000000000e28                parse_comma_delimited_str

.text.avrlibc   0x0000000000000ee6       0xbc
 .text.avrlibc  0x0000000000000ee6       0xbc c:/program files/microchip/xc8/v2.32/avr/bin/../lib/gcc/avr/5.4.0/../../../../avr/lib/avrxmega4/memx-const\libc.a(ultoa_invert.o)
                0x0000000000000ee6                __ultoa_invert

.text.GPS_Coordonates_Send
                0x0000000000000fa2       0xb8
 .text.GPS_Coordonates_Send
                0x0000000000000fa2       0xb8 build/default/production/main.o
                0x0000000000000fa2                GPS_Coordonates_Send

.text.__vector_29
                0x000000000000105a       0xb2
 .text.__vector_29
                0x000000000000105a       0xb2 build/default/production/mcc_generated_files/system/src/pins.o
                0x000000000000105a                __vector_29

.text.USART0_ReceiveISR
                0x000000000000110c       0xb2
 .text.USART0_ReceiveISR
                0x000000000000110c       0xb2 build/default/production/mcc_generated_files/uart/src/usart0.o
                0x000000000000110c                USART0_ReceiveISR

.text.USART1_ReceiveISR
                0x00000000000011be       0xb2
 .text.USART1_ReceiveISR
                0x00000000000011be       0xb2 build/default/production/mcc_generated_files/uart/src/usart1.o
                0x00000000000011be                USART1_ReceiveISR

.text.USART1_Initialize
                0x0000000000001270       0x9e
 .text.USART1_Initialize
                0x0000000000001270       0x9e build/default/production/mcc_generated_files/uart/src/usart1.o
                0x0000000000001270                USART1_Initialize

.text.USART0_Initialize
                0x000000000000130e       0x92
 .text.USART0_Initialize
                0x000000000000130e       0x92 build/default/production/mcc_generated_files/uart/src/usart0.o
                0x000000000000130e                USART0_Initialize

.text.main      0x00000000000013a0       0x92
 .text.main     0x00000000000013a0       0x92 build/default/production/main.o
                0x00000000000013a0                main

.text.avrlibc   0x0000000000001432       0x92
 .text.avrlibc  0x0000000000001432       0x92 c:/program files/microchip/xc8/v2.32/avr/bin/../lib/gcc/avr/5.4.0/../../../../avr/lib/avrxmega4/memx-const\libc.a(puts.o)
                0x0000000000001432                puts

.text.I2C_0_SendData
                0x00000000000014c4       0x88
 .text.I2C_0_SendData
                0x00000000000014c4       0x88 build/default/production/src/i2c.o
                0x00000000000014c4                I2C_0_SendData

.text.__vector_3
                0x000000000000154c       0x7e
 .text.__vector_3
                0x000000000000154c       0x7e build/default/production/mcc_generated_files/timer/src/rtc.o
                0x000000000000154c                __vector_3

.text.avrlibc   0x00000000000015ca       0x78
 .text.avrlibc  0x00000000000015ca       0x78 c:/program files/microchip/xc8/v2.32/avr/bin/../lib/gcc/avr/5.4.0/../../../../avr/lib/avrxmega4/memx-const\libc.a(fputc.o)
                0x00000000000015ca                fputc

.text.I2C_EVENT_RX
                0x0000000000001642       0x76
 .text.I2C_EVENT_RX
                0x0000000000001642       0x76 build/default/production/mcc_generated_files/i2c_host/src/twi0.o

.text.avrlibc   0x00000000000016b8       0x70
 .text.avrlibc  0x00000000000016b8       0x70 c:/program files/microchip/xc8/v2.32/avr/bin/../lib/gcc/avr/5.4.0/../../../../avr/lib/avrxmega4/memx-const\libc.a(snprintf.o)
                0x00000000000016b8                snprintf

.text.CLOCK_Initialize
                0x0000000000001728       0x6e
 .text.CLOCK_Initialize
                0x0000000000001728       0x6e build/default/production/mcc_generated_files/system/src/clock.o
                0x0000000000001728                CLOCK_Initialize

.text.__vector_6
                0x0000000000001796       0x6c
 .text.__vector_6
                0x0000000000001796       0x6c build/default/production/mcc_generated_files/system/src/pins.o
                0x0000000000001796                __vector_6

.text.__vector_4
                0x0000000000001802       0x60
 .text.__vector_4
                0x0000000000001802       0x60 build/default/production/mcc_generated_files/timer/src/rtc.o
                0x0000000000001802                __vector_4

.text.SIM808_RECIEVE
                0x0000000000001862       0x60
 .text.SIM808_RECIEVE
                0x0000000000001862       0x60 build/default/production/main.o
                0x0000000000001862                SIM808_RECIEVE

.text.__vector_22
                0x00000000000018c2       0x5e
 .text.__vector_22
                0x00000000000018c2       0x5e build/default/production/mcc_generated_files/system/src/pins.o
                0x00000000000018c2                __vector_22

.text.__vector_19
                0x0000000000001920       0x5a
 .text.__vector_19
                0x0000000000001920       0x5a build/default/production/mcc_generated_files/uart/src/usart0.o
                0x0000000000001920                __vector_19

.text.__vector_20
                0x000000000000197a       0x5a
 .text.__vector_20
                0x000000000000197a       0x5a build/default/production/mcc_generated_files/uart/src/usart0.o
                0x000000000000197a                __vector_20

.text.__vector_31
                0x00000000000019d4       0x5a
 .text.__vector_31
                0x00000000000019d4       0x5a build/default/production/mcc_generated_files/uart/src/usart1.o
                0x00000000000019d4                __vector_31

.text.__vector_32
                0x0000000000001a2e       0x5a
 .text.__vector_32
                0x0000000000001a2e       0x5a build/default/production/mcc_generated_files/uart/src/usart1.o
                0x0000000000001a2e                __vector_32

.text.Sleep_Mode_Init
                0x0000000000001a88       0x50
 .text.Sleep_Mode_Init
                0x0000000000001a88       0x50 build/default/production/main.o
                0x0000000000001a88                Sleep_Mode_Init

.text.USART0_Write
                0x0000000000001ad8       0x4c
 .text.USART0_Write
                0x0000000000001ad8       0x4c build/default/production/mcc_generated_files/uart/src/usart0.o
                0x0000000000001ad8                USART0_Write

.text.USART1_Write
                0x0000000000001b24       0x4c
 .text.USART1_Write
                0x0000000000001b24       0x4c build/default/production/mcc_generated_files/uart/src/usart1.o
                0x0000000000001b24                USART1_Write

.text.USART0_Print
                0x0000000000001b70       0x4c
 .text.USART0_Print
                0x0000000000001b70       0x4c build/default/production/main.o
                0x0000000000001b70                USART0_Print

.text.I2C_EVENT_TX
                0x0000000000001bbc       0x46
 .text.I2C_EVENT_TX
                0x0000000000001bbc       0x46 build/default/production/mcc_generated_files/i2c_host/src/twi0.o

.text.avrlibc   0x0000000000001c02       0x44
 .text.avrlibc  0x0000000000001c02       0x44 c:/program files/microchip/xc8/v2.32/avr/bin/../lib/gcc/avr/5.4.0/../../../../avr/lib/avrxmega4/memx-const\libc.a(strcmp_M.o)
                0x0000000000001c02                strcmp

.text.I2C_EVENT_STOP
                0x0000000000001c46       0x40
 .text.I2C_EVENT_STOP
                0x0000000000001c46       0x40 build/default/production/mcc_generated_files/i2c_host/src/twi0.o

.text.USART0_TransmitISR
                0x0000000000001c86       0x38
 .text.USART0_TransmitISR
                0x0000000000001c86       0x38 build/default/production/mcc_generated_files/uart/src/usart0.o
                0x0000000000001c86                USART0_TransmitISR

.text.USART1_TransmitISR
                0x0000000000001cbe       0x38
 .text.USART1_TransmitISR
                0x0000000000001cbe       0x38 build/default/production/mcc_generated_files/uart/src/usart1.o
                0x0000000000001cbe                USART1_TransmitISR

.text.avrlibc   0x0000000000001cf6       0x38
 .text.avrlibc  0x0000000000001cf6       0x38 c:/program files/microchip/xc8/v2.32/avr/bin/../lib/gcc/avr/5.4.0/../../../../avr/lib/avrxmega4/memx-const\libc.a(strnlen_M.o)
                0x0000000000001cf6                strnlen

.text.RTC_Initialize
                0x0000000000001d2e       0x34
 .text.RTC_Initialize
                0x0000000000001d2e       0x34 build/default/production/mcc_generated_files/timer/src/rtc.o
                0x0000000000001d2e                RTC_Initialize

.text.TWI0_Initialize
                0x0000000000001d62       0x32
 .text.TWI0_Initialize
                0x0000000000001d62       0x32 build/default/production/mcc_generated_files/i2c_host/src/twi0.o
                0x0000000000001d62                TWI0_Initialize

.text.__vector_21
                0x0000000000001d94       0x32
 .text.__vector_21
                0x0000000000001d94       0x32 build/default/production/mcc_generated_files/uart/src/usart0.o
                0x0000000000001d94                __vector_21

.text.__vector_33
                0x0000000000001dc6       0x32
 .text.__vector_33
                0x0000000000001dc6       0x32 build/default/production/mcc_generated_files/uart/src/usart1.o
                0x0000000000001dc6                __vector_33

.text.avrlibc   0x0000000000001df8       0x32
 .text.avrlibc  0x0000000000001df8       0x32 c:/program files/microchip/xc8/v2.32/avr/bin/../lib/gcc/avr/5.4.0/../../../../avr/lib/avrxmega4/memx-const\libc.a(memcpy_M.o)
                0x0000000000001df8                memcpy

.text.avrlibc   0x0000000000001e2a       0x2a
 .text.avrlibc  0x0000000000001e2a       0x2a c:/program files/microchip/xc8/v2.32/avr/bin/../lib/gcc/avr/5.4.0/../../../../avr/lib/avrxmega4/memx-const\libc.a(printf.o)
                0x0000000000001e2a                printf

.text.avrlibc   0x0000000000001e54       0x28
 .text.avrlibc  0x0000000000001e54       0x28 c:/program files/microchip/xc8/v2.32/avr/bin/../lib/gcc/avr/5.4.0/../../../../avr/lib/avrxmega4/memx-const\libc.a(strchr_M.o)
                0x0000000000001e54                strchr

.text.i2c_0_WaitW
                0x0000000000001e7c       0x24
 .text.i2c_0_WaitW
                0x0000000000001e7c       0x24 build/default/production/src/i2c.o

.text.avrlibc   0x0000000000001ea0       0x24
 .text.avrlibc  0x0000000000001ea0       0x24 c:/program files/microchip/xc8/v2.32/avr/bin/../lib/gcc/avr/5.4.0/../../../../avr/lib/avrxmega4/memx-const\libc.a(strlen_M.o)
                0x0000000000001ea0                strlen

.text.SYSTEM_Initialize
                0x0000000000001ec4       0x1e
 .text.SYSTEM_Initialize
                0x0000000000001ec4       0x1e build/default/production/mcc_generated_files/system/src/system.o
                0x0000000000001ec4                SYSTEM_Initialize

.text.__vector_44
                0x0000000000001ee2       0x1c
 .text.__vector_44
                0x0000000000001ee2       0x1c build/default/production/mcc_generated_files/system/src/pins.o
                0x0000000000001ee2                __vector_44

.text.__vector_45
                0x0000000000001efe       0x1c
 .text.__vector_45
                0x0000000000001efe       0x1c build/default/production/mcc_generated_files/system/src/pins.o
                0x0000000000001efe                __vector_45

.text.__vector_34
                0x0000000000001f1a       0x1c
 .text.__vector_34
                0x0000000000001f1a       0x1c build/default/production/mcc_generated_files/system/src/pins.o
                0x0000000000001f1a                __vector_34

.text.CPUINT_Initialize
                0x0000000000001f36       0x1a
 .text.CPUINT_Initialize
                0x0000000000001f36       0x1a build/default/production/mcc_generated_files/system/src/interrupt.o
                0x0000000000001f36                CPUINT_Initialize

.text.I2C_EVENT_RESET
                0x0000000000001f50       0x18
 .text.I2C_EVENT_RESET
                0x0000000000001f50       0x18 build/default/production/mcc_generated_files/i2c_host/src/twi0.o

.text.i2c_MasterResetBus
                0x0000000000001f68       0x18
 .text.i2c_MasterResetBus
                0x0000000000001f68       0x18 build/default/production/src/BMI160_INIT.o
                0x0000000000001f68                i2c_MasterResetBus

.text.I2C_0_EndSession
                0x0000000000001f80       0x18
 .text.I2C_0_EndSession
                0x0000000000001f80       0x18 build/default/production/src/BMI160_INIT.o
                0x0000000000001f80                I2C_0_EndSession

.text.DELAY_milliseconds
                0x0000000000001f98       0x16
 .text.DELAY_milliseconds
                0x0000000000001f98       0x16 build/default/production/mcc_generated_files/timer/src/delay.o
                0x0000000000001f98                DELAY_milliseconds

.text.I2C_EVENT_SEND_RD_ADDR
                0x0000000000001fae       0x14
 .text.I2C_EVENT_SEND_RD_ADDR
                0x0000000000001fae       0x14 build/default/production/mcc_generated_files/i2c_host/src/twi0.o

.text.I2C_EVENT_IDLE
                0x0000000000001fc2       0x12
 .text.I2C_EVENT_IDLE
                0x0000000000001fc2       0x12 build/default/production/mcc_generated_files/i2c_host/src/twi0.o

.text.I2C_EVENT_SEND_WR_ADDR
                0x0000000000001fd4       0x12
 .text.I2C_EVENT_SEND_WR_ADDR
                0x0000000000001fd4       0x12 build/default/production/mcc_generated_files/i2c_host/src/twi0.o

.text.USART1_printCHAR
                0x0000000000001fe6       0x12
 .text.USART1_printCHAR
                0x0000000000001fe6       0x12 build/default/production/mcc_generated_files/uart/src/usart1.o
                0x0000000000001fe6                USART1_printCHAR

.text.libgcc    0x0000000000001ff8       0x12
 .text.libgcc   0x0000000000001ff8       0x12 c:/program files/microchip/xc8/v2.32/avr/bin/../lib/gcc/avr/5.4.0/avrxmega4/memx-const\libgcc.a(_xload_2.o)
                0x0000000000001ff8                __xload_2

.text.I2C_EVENT_ERROR
                0x000000000000200a       0x10
 .text.I2C_EVENT_ERROR
                0x000000000000200a       0x10 build/default/production/mcc_generated_files/i2c_host/src/twi0.o

.text.USART0_RxCompleteCallbackRegister
                0x000000000000201a        0xe
 .text.USART0_RxCompleteCallbackRegister
                0x000000000000201a        0xe build/default/production/mcc_generated_files/uart/src/usart0.o
                0x000000000000201a                USART0_RxCompleteCallbackRegister

.text.USART1_RxCompleteCallbackRegister
                0x0000000000002028        0xe
 .text.USART1_RxCompleteCallbackRegister
                0x0000000000002028        0xe build/default/production/mcc_generated_files/uart/src/usart1.o
                0x0000000000002028                USART1_RxCompleteCallbackRegister

.text.Motion_Detected
                0x0000000000002036        0xe
 .text.Motion_Detected
                0x0000000000002036        0xe build/default/production/main.o
                0x0000000000002036                Motion_Detected

.text.libgcc    0x0000000000002044        0xe
 .text.libgcc   0x0000000000002044        0xe c:/program files/microchip/xc8/v2.32/avr/bin/../lib/gcc/avr/5.4.0/avrxmega4/memx-const\libgcc.a(_xload_1.o)
                0x0000000000002044                __xload_1

.text.i2c_write
                0x0000000000002052        0xc
 .text.i2c_write
                0x0000000000002052        0xc build/default/production/src/BMI160_INIT.o
                0x0000000000002052                i2c_write

.text.PD6_SetInterruptHandler
                0x000000000000205e        0xa
 .text.PD6_SetInterruptHandler
                0x000000000000205e        0xa build/default/production/mcc_generated_files/system/src/pins.o
                0x000000000000205e                PD6_SetInterruptHandler

.text.protected_write_io
                0x0000000000002068        0xa
 .text.protected_write_io
                0x0000000000002068        0xa build/default/production/mcc_generated_files/system/src/protected_io.o
                0x0000000000002068                protected_write_io

.text.RTC_SetOVFIsrCallback
                0x0000000000002072        0xa
 .text.RTC_SetOVFIsrCallback
                0x0000000000002072        0xa build/default/production/mcc_generated_files/timer/src/rtc.o
                0x0000000000002072                RTC_SetOVFIsrCallback

.text.CDC_TX    0x000000000000207c        0xa
 .text.CDC_TX   0x000000000000207c        0xa build/default/production/main.o
                0x000000000000207c                CDC_TX

.text.GPS_ACQUIRE_TIMESTAMP
                0x0000000000002086        0x8
 .text.GPS_ACQUIRE_TIMESTAMP
                0x0000000000002086        0x8 build/default/production/main.o
                0x0000000000002086                GPS_ACQUIRE_TIMESTAMP

.text.I2C_EVENT_NACK
                0x000000000000208e        0x6
 .text.I2C_EVENT_NACK
                0x000000000000208e        0x6 build/default/production/mcc_generated_files/i2c_host/src/twi0.o

.text           0x0000000000002094        0x4
 .text          0x0000000000002094        0x4 C:/Users/M68150/.mchp_packs/Microchip/AVR-Dx_DFP/2.1.152/xc8/avr/lib/avrxmega4/memx-const/crtavr128da48.o
                0x0000000000002094                __vector_38
                0x0000000000002094                __vector_28
                0x0000000000002094                __vector_1
                0x0000000000002094                __vector_24
                0x0000000000002094                __vector_12
                0x0000000000002094                __vector_55
                0x0000000000002094                __vector_46
                0x0000000000002094                __bad_interrupt
                0x0000000000002094                __vector_35
                0x0000000000002094                __vector_39
                0x0000000000002094                __vector_23
                0x0000000000002094                __vector_30
                0x0000000000002094                __vector_25
                0x0000000000002094                __vector_11
                0x0000000000002094                __vector_54
                0x0000000000002094                __vector_13
                0x0000000000002094                __vector_56
                0x0000000000002094                __vector_7
                0x0000000000002094                __vector_49
                0x0000000000002094                __vector_41
                0x0000000000002094                __vector_43
                0x0000000000002094                __vector_27
                0x0000000000002094                __vector_5
                0x0000000000002094                __vector_47
                0x0000000000002094                __vector_52
                0x0000000000002094                __vector_37
                0x0000000000002094                __vector_51
                0x0000000000002094                __vector_9
                0x0000000000002094                __vector_2
                0x0000000000002094                __vector_15
                0x0000000000002094                __vector_36
                0x0000000000002094                __vector_40
                0x0000000000002094                __vector_8
                0x0000000000002094                __vector_26
                0x0000000000002094                __vector_48
                0x0000000000002094                __vector_14
                0x0000000000002094                __vector_57
                0x0000000000002094                __vector_53
                0x0000000000002094                __vector_10
                0x0000000000002094                __vector_50
                0x0000000000002094                __vector_16
                0x0000000000002094                __vector_18
                0x0000000000002094                __vector_42

.text.TWI0_DefaultCallback
                0x0000000000002098        0x2
 .text.TWI0_DefaultCallback
                0x0000000000002098        0x2 build/default/production/mcc_generated_files/i2c_host/src/twi0.o

.text.PA1_DefaultInterruptHandler
                0x000000000000209a        0x2
 .text.PA1_DefaultInterruptHandler
                0x000000000000209a        0x2 build/default/production/mcc_generated_files/system/src/pins.o
                0x000000000000209a                PA1_DefaultInterruptHandler

.text.PA0_DefaultInterruptHandler
                0x000000000000209c        0x2
 .text.PA0_DefaultInterruptHandler
                0x000000000000209c        0x2 build/default/production/mcc_generated_files/system/src/pins.o
                0x000000000000209c                PA0_DefaultInterruptHandler

.text.PC3_DefaultInterruptHandler
                0x000000000000209e        0x2
 .text.PC3_DefaultInterruptHandler
                0x000000000000209e        0x2 build/default/production/mcc_generated_files/system/src/pins.o
                0x000000000000209e                PC3_DefaultInterruptHandler

.text.PC2_DefaultInterruptHandler
                0x00000000000020a0        0x2
 .text.PC2_DefaultInterruptHandler
                0x00000000000020a0        0x2 build/default/production/mcc_generated_files/system/src/pins.o
                0x00000000000020a0                PC2_DefaultInterruptHandler

.text.PC1_DefaultInterruptHandler
                0x00000000000020a2        0x2
 .text.PC1_DefaultInterruptHandler
                0x00000000000020a2        0x2 build/default/production/mcc_generated_files/system/src/pins.o
                0x00000000000020a2                PC1_DefaultInterruptHandler

.text.PC0_DefaultInterruptHandler
                0x00000000000020a4        0x2
 .text.PC0_DefaultInterruptHandler
                0x00000000000020a4        0x2 build/default/production/mcc_generated_files/system/src/pins.o
                0x00000000000020a4                PC0_DefaultInterruptHandler

.text.PD6_DefaultInterruptHandler
                0x00000000000020a6        0x2
 .text.PD6_DefaultInterruptHandler
                0x00000000000020a6        0x2 build/default/production/mcc_generated_files/system/src/pins.o
                0x00000000000020a6                PD6_DefaultInterruptHandler

.text.PC4_DefaultInterruptHandler
                0x00000000000020a8        0x2
 .text.PC4_DefaultInterruptHandler
                0x00000000000020a8        0x2 build/default/production/mcc_generated_files/system/src/pins.o
                0x00000000000020a8                PC4_DefaultInterruptHandler

.text.PC5_DefaultInterruptHandler
                0x00000000000020aa        0x2
 .text.PC5_DefaultInterruptHandler
                0x00000000000020aa        0x2 build/default/production/mcc_generated_files/system/src/pins.o
                0x00000000000020aa                PC5_DefaultInterruptHandler

.text.PC6_DefaultInterruptHandler
                0x00000000000020ac        0x2
 .text.PC6_DefaultInterruptHandler
                0x00000000000020ac        0x2 build/default/production/mcc_generated_files/system/src/pins.o
                0x00000000000020ac                PC6_DefaultInterruptHandler

.text.USART0_DefaultFramingErrorCallback
                0x00000000000020ae        0x2
 .text.USART0_DefaultFramingErrorCallback
                0x00000000000020ae        0x2 build/default/production/mcc_generated_files/uart/src/usart0.o

.text.USART0_DefaultOverrunErrorCallback
                0x00000000000020b0        0x2
 .text.USART0_DefaultOverrunErrorCallback
                0x00000000000020b0        0x2 build/default/production/mcc_generated_files/uart/src/usart0.o

.text.USART0_DefaultParityErrorCallback
                0x00000000000020b2        0x2
 .text.USART0_DefaultParityErrorCallback
                0x00000000000020b2        0x2 build/default/production/mcc_generated_files/uart/src/usart0.o

.text.USART1_DefaultFramingErrorCallback
                0x00000000000020b4        0x2
 .text.USART1_DefaultFramingErrorCallback
                0x00000000000020b4        0x2 build/default/production/mcc_generated_files/uart/src/usart1.o

.text.USART1_DefaultOverrunErrorCallback
                0x00000000000020b6        0x2
 .text.USART1_DefaultOverrunErrorCallback
                0x00000000000020b6        0x2 build/default/production/mcc_generated_files/uart/src/usart1.o

.text.USART1_DefaultParityErrorCallback
                0x00000000000020b8        0x2
 .text.USART1_DefaultParityErrorCallback
                0x00000000000020b8        0x2 build/default/production/mcc_generated_files/uart/src/usart1.o

.data.USART1_stream
                0x0000000000804599        0xf load address 0x00000000000020ba
 .data.USART1_stream
                0x0000000000804599        0xf build/default/production/mcc_generated_files/uart/src/usart1.o
                0x0000000000804599                USART1_stream

.data.Get_GPS_Cnt
                0x00000000008045e0        0x1 load address 0x00000000000020c9
 .data.Get_GPS_Cnt
                0x00000000008045e0        0x1 build/default/production/main.o
                0x00000000008045e0                Get_GPS_Cnt
