Archive member included to satisfy reference by file (symbol)

c:/program files/microchip/xc8/v2.32/avr/bin/../lib/gcc/avr/5.4.0/avrxmega4/memx-const\libgcc.a(_exit.o)
                              C:/Users/M68150/.mchp_packs/Microchip/AVR-Dx_DFP/2.1.152/xc8/avr/lib/avrxmega4/memx-const/crtavr128da48.o (exit)
c:/program files/microchip/xc8/v2.32/avr/bin/../lib/gcc/avr/5.4.0/avrxmega4/memx-const\libgcc.a(_copy_data.o)
                              build/default/debug/mcc_generated_files/system/src/config_bits.o (__do_copy_data)
c:/program files/microchip/xc8/v2.32/avr/bin/../lib/gcc/avr/5.4.0/avrxmega4/memx-const\libgcc.a(_xload_1.o)
                              build/default/debug/main.o (__xload_1)
c:/program files/microchip/xc8/v2.32/avr/bin/../lib/gcc/avr/5.4.0/avrxmega4/memx-const\libgcc.a(_xload_2.o)
                              build/default/debug/mcc_generated_files/i2c_host/src/twi0.o (__xload_2)
c:/program files/microchip/xc8/v2.32/avr/bin/../lib/gcc/avr/5.4.0/../../../../avr/lib/avrxmega4/memx-const\libc.a(memcpy_M.o)
                              build/default/debug/main.o (memcpy)
c:/program files/microchip/xc8/v2.32/avr/bin/../lib/gcc/avr/5.4.0/../../../../avr/lib/avrxmega4/memx-const\libc.a(strchr_M.o)
                              build/default/debug/main.o (strchr)
c:/program files/microchip/xc8/v2.32/avr/bin/../lib/gcc/avr/5.4.0/../../../../avr/lib/avrxmega4/memx-const\libc.a(strcmp_M.o)
                              build/default/debug/main.o (strcmp)
c:/program files/microchip/xc8/v2.32/avr/bin/../lib/gcc/avr/5.4.0/../../../../avr/lib/avrxmega4/memx-const\libc.a(strlen_M.o)
                              build/default/debug/main.o (strlen)
c:/program files/microchip/xc8/v2.32/avr/bin/../lib/gcc/avr/5.4.0/../../../../avr/lib/avrxmega4/memx-const\libc.a(strncat_M.o)
                              build/default/debug/main.o (strncat)
c:/program files/microchip/xc8/v2.32/avr/bin/../lib/gcc/avr/5.4.0/../../../../avr/lib/avrxmega4/memx-const\libc.a(iob.o)
                              build/default/debug/mcc_generated_files/uart/src/usart1.o (__iob)
c:/program files/microchip/xc8/v2.32/avr/bin/../lib/gcc/avr/5.4.0/../../../../avr/lib/avrxmega4/memx-const\libc.a(printf.o)
                              build/default/debug/main.o (printf)
c:/program files/microchip/xc8/v2.32/avr/bin/../lib/gcc/avr/5.4.0/../../../../avr/lib/avrxmega4/memx-const\libc.a(puts.o)
                              build/default/debug/main.o (puts)
c:/program files/microchip/xc8/v2.32/avr/bin/../lib/gcc/avr/5.4.0/../../../../avr/lib/avrxmega4/memx-const\libc.a(snprintf.o)
                              build/default/debug/main.o (snprintf)
c:/program files/microchip/xc8/v2.32/avr/bin/../lib/gcc/avr/5.4.0/../../../../avr/lib/avrxmega4/memx-const\libc.a(vfprintf_std.o)
                              c:/program files/microchip/xc8/v2.32/avr/bin/../lib/gcc/avr/5.4.0/../../../../avr/lib/avrxmega4/memx-const\libc.a(printf.o) (vfprintf)
c:/program files/microchip/xc8/v2.32/avr/bin/../lib/gcc/avr/5.4.0/../../../../avr/lib/avrxmega4/memx-const\libc.a(strnlen_M.o)
                              c:/program files/microchip/xc8/v2.32/avr/bin/../lib/gcc/avr/5.4.0/../../../../avr/lib/avrxmega4/memx-const\libc.a(vfprintf_std.o) (strnlen)
c:/program files/microchip/xc8/v2.32/avr/bin/../lib/gcc/avr/5.4.0/../../../../avr/lib/avrxmega4/memx-const\libc.a(fputc.o)
                              c:/program files/microchip/xc8/v2.32/avr/bin/../lib/gcc/avr/5.4.0/../../../../avr/lib/avrxmega4/memx-const\libc.a(vfprintf_std.o) (fputc)
c:/program files/microchip/xc8/v2.32/avr/bin/../lib/gcc/avr/5.4.0/../../../../avr/lib/avrxmega4/memx-const\libc.a(ultoa_invert.o)
                              c:/program files/microchip/xc8/v2.32/avr/bin/../lib/gcc/avr/5.4.0/../../../../avr/lib/avrxmega4/memx-const\libc.a(vfprintf_std.o) (__ultoa_invert)

Allocating common symbols
Common symbol       size              file

USART1_TxInterruptHandler
                    0x2               build/default/debug/mcc_generated_files/uart/src/usart1.o
Get_GPS_Cnt_String  0x5               build/default/debug/main.o
USART_DummyBuffer   0x1               build/default/debug/main.o
USART1_RxInterruptHandler
                    0x2               build/default/debug/mcc_generated_files/uart/src/usart1.o
USART0_RxInterruptHandler
                    0x2               build/default/debug/mcc_generated_files/uart/src/usart0.o
USART1_FramingErrorHandler
                    0x2               build/default/debug/mcc_generated_files/uart/src/usart1.o
USART1_OverrunErrorHandler
                    0x2               build/default/debug/mcc_generated_files/uart/src/usart1.o
USART0_TxInterruptHandler
                    0x2               build/default/debug/mcc_generated_files/uart/src/usart0.o
usart1TxBufferRemaining
                    0x1               build/default/debug/mcc_generated_files/uart/src/usart1.o
GPS_USART0_Buffer   0xc8              build/default/debug/main.o
USART0_OverrunErrorHandler
                    0x2               build/default/debug/mcc_generated_files/uart/src/usart0.o
usart0TxBufferRemaining
                    0x1               build/default/debug/mcc_generated_files/uart/src/usart0.o
receiveData         0x1               build/default/debug/main.o
usart0RxCount       0x1               build/default/debug/mcc_generated_files/uart/src/usart0.o
usart1RxCount       0x1               build/default/debug/mcc_generated_files/uart/src/usart1.o
USART0_FramingErrorHandler
                    0x2               build/default/debug/mcc_generated_files/uart/src/usart0.o
USART0_ParityErrorHandler
                    0x2               build/default/debug/mcc_generated_files/uart/src/usart0.o
USART1_ParityErrorHandler
                    0x2               build/default/debug/mcc_generated_files/uart/src/usart1.o
GPS_Data            0x64              build/default/debug/main.o
__iob               0x6               c:/program files/microchip/xc8/v2.32/avr/bin/../lib/gcc/avr/5.4.0/../../../../avr/lib/avrxmega4/memx-const\libc.a(iob.o)
GPRMC_Fields        0x18              build/default/debug/main.o

Discarded input sections

 .data          0x0000000000000000        0x0 C:/Users/M68150/.mchp_packs/Microchip/AVR-Dx_DFP/2.1.152/xc8/avr/lib/avrxmega4/memx-const/crtavr128da48.o
 .bss           0x0000000000000000        0x0 C:/Users/M68150/.mchp_packs/Microchip/AVR-Dx_DFP/2.1.152/xc8/avr/lib/avrxmega4/memx-const/crtavr128da48.o
 .text          0x0000000000000000        0x0 build/default/debug/mcc_generated_files/system/src/pins.o
 .data          0x0000000000000000        0x0 build/default/debug/mcc_generated_files/system/src/pins.o
 .bss           0x0000000000000000        0x0 build/default/debug/mcc_generated_files/system/src/pins.o
 .text.PA1_SetInterruptHandler
                0x0000000000000000        0xa build/default/debug/mcc_generated_files/system/src/pins.o
 .text.PA0_SetInterruptHandler
                0x0000000000000000        0xa build/default/debug/mcc_generated_files/system/src/pins.o
 .text.PC3_SetInterruptHandler
                0x0000000000000000        0xa build/default/debug/mcc_generated_files/system/src/pins.o
 .text.PC2_SetInterruptHandler
                0x0000000000000000        0xa build/default/debug/mcc_generated_files/system/src/pins.o
 .text.PC1_SetInterruptHandler
                0x0000000000000000        0xa build/default/debug/mcc_generated_files/system/src/pins.o
 .text.PC0_SetInterruptHandler
                0x0000000000000000        0xa build/default/debug/mcc_generated_files/system/src/pins.o
 .text.PC6_SetInterruptHandler
                0x0000000000000000        0xa build/default/debug/mcc_generated_files/system/src/pins.o
 .text          0x0000000000000000        0x0 build/default/debug/mcc_generated_files/system/src/clock.o
 .data          0x0000000000000000        0x0 build/default/debug/mcc_generated_files/system/src/clock.o
 .bss           0x0000000000000000        0x0 build/default/debug/mcc_generated_files/system/src/clock.o
 .text          0x0000000000000000        0x0 build/default/debug/mcc_generated_files/system/src/config_bits.o
 .data          0x0000000000000000        0x0 build/default/debug/mcc_generated_files/system/src/config_bits.o
 .bss           0x0000000000000000        0x0 build/default/debug/mcc_generated_files/system/src/config_bits.o
 .text          0x0000000000000000        0x0 build/default/debug/mcc_generated_files/system/src/system.o
 .data          0x0000000000000000        0x0 build/default/debug/mcc_generated_files/system/src/system.o
 .bss           0x0000000000000000        0x0 build/default/debug/mcc_generated_files/system/src/system.o
 .text          0x0000000000000000        0x0 build/default/debug/mcc_generated_files/system/src/protected_io.o
 .data          0x0000000000000000        0x0 build/default/debug/mcc_generated_files/system/src/protected_io.o
 .bss           0x0000000000000000        0x0 build/default/debug/mcc_generated_files/system/src/protected_io.o
 .text          0x0000000000000000        0x0 build/default/debug/mcc_generated_files/system/src/interrupt.o
 .data          0x0000000000000000        0x0 build/default/debug/mcc_generated_files/system/src/interrupt.o
 .bss           0x0000000000000000        0x0 build/default/debug/mcc_generated_files/system/src/interrupt.o
 .text          0x0000000000000000        0x0 build/default/debug/mcc_generated_files/timer/src/rtc.o
 .data          0x0000000000000000        0x0 build/default/debug/mcc_generated_files/timer/src/rtc.o
 .bss           0x0000000000000000        0x0 build/default/debug/mcc_generated_files/timer/src/rtc.o
 .text.RTC_Start
                0x0000000000000000        0xc build/default/debug/mcc_generated_files/timer/src/rtc.o
 .text.RTC_Stop
                0x0000000000000000        0xc build/default/debug/mcc_generated_files/timer/src/rtc.o
 .text.RTC_SetCMPIsrCallback
                0x0000000000000000        0xa build/default/debug/mcc_generated_files/timer/src/rtc.o
 .text.RTC_SetPITIsrCallback
                0x0000000000000000        0xa build/default/debug/mcc_generated_files/timer/src/rtc.o
 .text.RTC_WriteCounter
                0x0000000000000000       0x16 build/default/debug/mcc_generated_files/timer/src/rtc.o
 .text.RTC_ReadCounter
                0x0000000000000000        0xa build/default/debug/mcc_generated_files/timer/src/rtc.o
 .text.RTC_WritePeriod
                0x0000000000000000       0x16 build/default/debug/mcc_generated_files/timer/src/rtc.o
 .text.RTC_ReadPeriod
                0x0000000000000000        0xa build/default/debug/mcc_generated_files/timer/src/rtc.o
 .text.RTC_EnableCMPInterrupt
                0x0000000000000000        0xc build/default/debug/mcc_generated_files/timer/src/rtc.o
 .text.RTC_DisableCMPInterrupt
                0x0000000000000000        0xc build/default/debug/mcc_generated_files/timer/src/rtc.o
 .text.RTC_EnableOVFInterrupt
                0x0000000000000000        0xc build/default/debug/mcc_generated_files/timer/src/rtc.o
 .text.RTC_DisableOVFInterrupt
                0x0000000000000000        0xc build/default/debug/mcc_generated_files/timer/src/rtc.o
 .text.RTC_EnablePITInterrupt
                0x0000000000000000        0xc build/default/debug/mcc_generated_files/timer/src/rtc.o
 .text.RTC_DisablePITInterrupt
                0x0000000000000000        0xc build/default/debug/mcc_generated_files/timer/src/rtc.o
 .text.RTC_ClearOVFInterruptFlag
                0x0000000000000000        0x8 build/default/debug/mcc_generated_files/timer/src/rtc.o
 .text.RTC_IsOVFInterruptEnabled
                0x0000000000000000        0xc build/default/debug/mcc_generated_files/timer/src/rtc.o
 .text          0x0000000000000000        0x0 build/default/debug/mcc_generated_files/timer/src/delay.o
 .data          0x0000000000000000        0x0 build/default/debug/mcc_generated_files/timer/src/delay.o
 .bss           0x0000000000000000        0x0 build/default/debug/mcc_generated_files/timer/src/delay.o
 .text.DELAY_microseconds
                0x0000000000000000       0x2c build/default/debug/mcc_generated_files/timer/src/delay.o
 .text          0x0000000000000000        0x0 build/default/debug/mcc_generated_files/uart/src/usart0.o
 .data          0x0000000000000000        0x0 build/default/debug/mcc_generated_files/uart/src/usart0.o
 .bss           0x0000000000000000        0x0 build/default/debug/mcc_generated_files/uart/src/usart0.o
 .text.USART0_Deinitialize
                0x0000000000000000       0x24 build/default/debug/mcc_generated_files/uart/src/usart0.o
 .text.USART0_TransmitEnable
                0x0000000000000000        0xc build/default/debug/mcc_generated_files/uart/src/usart0.o
 .text.USART0_TransmitDisable
                0x0000000000000000        0xc build/default/debug/mcc_generated_files/uart/src/usart0.o
 .text.USART0_IsRxReady
                0x0000000000000000        0xe build/default/debug/mcc_generated_files/uart/src/usart0.o
 .text.USART0_IsTxReady
                0x0000000000000000        0xe build/default/debug/mcc_generated_files/uart/src/usart0.o
 .text.USART0_IsTxDone
                0x0000000000000000        0xc build/default/debug/mcc_generated_files/uart/src/usart0.o
 .text.USART0_ErrorGet
                0x0000000000000000       0x2a build/default/debug/mcc_generated_files/uart/src/usart0.o
 .text.USART0_Read
                0x0000000000000000       0x40 build/default/debug/mcc_generated_files/uart/src/usart0.o
 .text.USART0_FramingErrorCallbackRegister
                0x0000000000000000        0xe build/default/debug/mcc_generated_files/uart/src/usart0.o
 .text.USART0_OverrunErrorCallbackRegister
                0x0000000000000000        0xe build/default/debug/mcc_generated_files/uart/src/usart0.o
 .text.USART0_ParityErrorCallbackRegister
                0x0000000000000000        0xe build/default/debug/mcc_generated_files/uart/src/usart0.o
 .text.USART0_TxCompleteCallbackRegister
                0x0000000000000000        0xe build/default/debug/mcc_generated_files/uart/src/usart0.o
 .text.USART0_Enable
                0x0000000000000000        0xc build/default/debug/mcc_generated_files/uart/src/usart0.o
 .text.USART0_Disable
                0x0000000000000000        0xc build/default/debug/mcc_generated_files/uart/src/usart0.o
 .text.USART0_ReceiveEnable
                0x0000000000000000        0xc build/default/debug/mcc_generated_files/uart/src/usart0.o
 .text.USART0_ReceiveDisable
                0x0000000000000000        0xc build/default/debug/mcc_generated_files/uart/src/usart0.o
 .text.USART0_TransmitInterruptEnable
                0x0000000000000000        0xc build/default/debug/mcc_generated_files/uart/src/usart0.o
 .text.USART0_TransmitInterruptDisable
                0x0000000000000000        0xc build/default/debug/mcc_generated_files/uart/src/usart0.o
 .text.USART0_ReceiveInterruptEnable
                0x0000000000000000        0xc build/default/debug/mcc_generated_files/uart/src/usart0.o
 .text.USART0_ReceiveInterruptDisable
                0x0000000000000000        0xc build/default/debug/mcc_generated_files/uart/src/usart0.o
 .progmemx.data.UART0
                0x0000000000000000       0x2e build/default/debug/mcc_generated_files/uart/src/usart0.o
 .text          0x0000000000000000        0x0 build/default/debug/mcc_generated_files/uart/src/usart1.o
 .data          0x0000000000000000        0x0 build/default/debug/mcc_generated_files/uart/src/usart1.o
 .bss           0x0000000000000000        0x0 build/default/debug/mcc_generated_files/uart/src/usart1.o
 .text.USART1_Deinitialize
                0x0000000000000000       0x24 build/default/debug/mcc_generated_files/uart/src/usart1.o
 .text.USART1_TransmitEnable
                0x0000000000000000        0xc build/default/debug/mcc_generated_files/uart/src/usart1.o
 .text.USART1_TransmitDisable
                0x0000000000000000        0xc build/default/debug/mcc_generated_files/uart/src/usart1.o
 .text.USART1_IsRxReady
                0x0000000000000000        0xe build/default/debug/mcc_generated_files/uart/src/usart1.o
 .text.USART1_IsTxReady
                0x0000000000000000        0xe build/default/debug/mcc_generated_files/uart/src/usart1.o
 .text.USART1_IsTxDone
                0x0000000000000000        0xc build/default/debug/mcc_generated_files/uart/src/usart1.o
 .text.USART1_ErrorGet
                0x0000000000000000       0x2a build/default/debug/mcc_generated_files/uart/src/usart1.o
 .text.USART1_Read
                0x0000000000000000       0x40 build/default/debug/mcc_generated_files/uart/src/usart1.o
 .text.USART1_FramingErrorCallbackRegister
                0x0000000000000000        0xe build/default/debug/mcc_generated_files/uart/src/usart1.o
 .text.USART1_OverrunErrorCallbackRegister
                0x0000000000000000        0xe build/default/debug/mcc_generated_files/uart/src/usart1.o
 .text.USART1_ParityErrorCallbackRegister
                0x0000000000000000        0xe build/default/debug/mcc_generated_files/uart/src/usart1.o
 .text.USART1_TxCompleteCallbackRegister
                0x0000000000000000        0xe build/default/debug/mcc_generated_files/uart/src/usart1.o
 .text.USART1_Enable
                0x0000000000000000        0xc build/default/debug/mcc_generated_files/uart/src/usart1.o
 .text.USART1_Disable
                0x0000000000000000        0xc build/default/debug/mcc_generated_files/uart/src/usart1.o
 .text.USART1_ReceiveEnable
                0x0000000000000000        0xc build/default/debug/mcc_generated_files/uart/src/usart1.o
 .text.USART1_ReceiveDisable
                0x0000000000000000        0xc build/default/debug/mcc_generated_files/uart/src/usart1.o
 .text.USART1_TransmitInterruptEnable
                0x0000000000000000        0xc build/default/debug/mcc_generated_files/uart/src/usart1.o
 .text.USART1_TransmitInterruptDisable
                0x0000000000000000        0xc build/default/debug/mcc_generated_files/uart/src/usart1.o
 .text.USART1_ReceiveInterruptEnable
                0x0000000000000000        0xc build/default/debug/mcc_generated_files/uart/src/usart1.o
 .text.USART1_ReceiveInterruptDisable
                0x0000000000000000        0xc build/default/debug/mcc_generated_files/uart/src/usart1.o
 .progmemx.data.UART1
                0x0000000000000000       0x2e build/default/debug/mcc_generated_files/uart/src/usart1.o
 .text          0x0000000000000000        0x0 build/default/debug/main.o
 .data          0x0000000000000000        0x0 build/default/debug/main.o
 .bss           0x0000000000000000        0x0 build/default/debug/main.o
 .text.SET_DTR  0x0000000000000000       0x14 build/default/debug/main.o
 .text.SET_PWKEY
                0x0000000000000000       0x14 build/default/debug/main.o
 .text.parse_comma_delimited_str
                0x0000000000000000       0xbe build/default/debug/main.o
 .bss.Timer_Cnt
                0x0000000000000000        0x1 build/default/debug/main.o
 .text          0x0000000000000000        0x0 build/default/debug/src/BMI160_INIT.o
 .data          0x0000000000000000        0x0 build/default/debug/src/BMI160_INIT.o
 .bss           0x0000000000000000        0x0 build/default/debug/src/BMI160_INIT.o
 .text.i2c_read
                0x0000000000000000       0x52 build/default/debug/src/BMI160_INIT.o
 .text          0x0000000000000000        0x0 build/default/debug/mcc_generated_files/i2c_host/src/twi0.o
 .data          0x0000000000000000        0x0 build/default/debug/mcc_generated_files/i2c_host/src/twi0.o
 .bss           0x0000000000000000        0x0 build/default/debug/mcc_generated_files/i2c_host/src/twi0.o
 .text.TWI0_ErrorGet
                0x0000000000000000        0xa build/default/debug/mcc_generated_files/i2c_host/src/twi0.o
 .text.TWI0_CallbackRegister
                0x0000000000000000        0xe build/default/debug/mcc_generated_files/i2c_host/src/twi0.o
 .text.TWI0_Read
                0x0000000000000000       0x5c build/default/debug/mcc_generated_files/i2c_host/src/twi0.o
 .text.TWI0_WriteRead
                0x0000000000000000       0x6e build/default/debug/mcc_generated_files/i2c_host/src/twi0.o
 .text.TWI0_Deinitialize
                0x0000000000000000       0x30 build/default/debug/mcc_generated_files/i2c_host/src/twi0.o
 .progmemx.data.I2C0_Host
                0x0000000000000000       0x14 build/default/debug/mcc_generated_files/i2c_host/src/twi0.o
 .text          0x0000000000000000        0x0 c:/program files/microchip/xc8/v2.32/avr/bin/../lib/gcc/avr/5.4.0/avrxmega4/memx-const\libgcc.a(_exit.o)
 .data          0x0000000000000000        0x0 c:/program files/microchip/xc8/v2.32/avr/bin/../lib/gcc/avr/5.4.0/avrxmega4/memx-const\libgcc.a(_exit.o)
 .bss           0x0000000000000000        0x0 c:/program files/microchip/xc8/v2.32/avr/bin/../lib/gcc/avr/5.4.0/avrxmega4/memx-const\libgcc.a(_exit.o)
 .text.libgcc.mul
                0x0000000000000000        0x0 c:/program files/microchip/xc8/v2.32/avr/bin/../lib/gcc/avr/5.4.0/avrxmega4/memx-const\libgcc.a(_exit.o)
 .text.libgcc.div
                0x0000000000000000        0x0 c:/program files/microchip/xc8/v2.32/avr/bin/../lib/gcc/avr/5.4.0/avrxmega4/memx-const\libgcc.a(_exit.o)
 .text.libgcc   0x0000000000000000        0x0 c:/program files/microchip/xc8/v2.32/avr/bin/../lib/gcc/avr/5.4.0/avrxmega4/memx-const\libgcc.a(_exit.o)
 .text.libgcc.prologue
                0x0000000000000000        0x0 c:/program files/microchip/xc8/v2.32/avr/bin/../lib/gcc/avr/5.4.0/avrxmega4/memx-const\libgcc.a(_exit.o)
 .stack.descriptors
                0x0000000000000000       0x13 c:/program files/microchip/xc8/v2.32/avr/bin/../lib/gcc/avr/5.4.0/avrxmega4/memx-const\libgcc.a(_exit.o)
 .text.libgcc.builtins
                0x0000000000000000        0x0 c:/program files/microchip/xc8/v2.32/avr/bin/../lib/gcc/avr/5.4.0/avrxmega4/memx-const\libgcc.a(_exit.o)
 .text.libgcc.fmul
                0x0000000000000000        0x0 c:/program files/microchip/xc8/v2.32/avr/bin/../lib/gcc/avr/5.4.0/avrxmega4/memx-const\libgcc.a(_exit.o)
 .text.libgcc.fixed
                0x0000000000000000        0x0 c:/program files/microchip/xc8/v2.32/avr/bin/../lib/gcc/avr/5.4.0/avrxmega4/memx-const\libgcc.a(_exit.o)
 .text          0x0000000000000000        0x0 c:/program files/microchip/xc8/v2.32/avr/bin/../lib/gcc/avr/5.4.0/avrxmega4/memx-const\libgcc.a(_copy_data.o)
 .data          0x0000000000000000        0x0 c:/program files/microchip/xc8/v2.32/avr/bin/../lib/gcc/avr/5.4.0/avrxmega4/memx-const\libgcc.a(_copy_data.o)
 .bss           0x0000000000000000        0x0 c:/program files/microchip/xc8/v2.32/avr/bin/../lib/gcc/avr/5.4.0/avrxmega4/memx-const\libgcc.a(_copy_data.o)
 .text.libgcc.mul
                0x0000000000000000        0x0 c:/program files/microchip/xc8/v2.32/avr/bin/../lib/gcc/avr/5.4.0/avrxmega4/memx-const\libgcc.a(_copy_data.o)
 .text.libgcc.div
                0x0000000000000000        0x0 c:/program files/microchip/xc8/v2.32/avr/bin/../lib/gcc/avr/5.4.0/avrxmega4/memx-const\libgcc.a(_copy_data.o)
 .text.libgcc   0x0000000000000000        0x0 c:/program files/microchip/xc8/v2.32/avr/bin/../lib/gcc/avr/5.4.0/avrxmega4/memx-const\libgcc.a(_copy_data.o)
 .text.libgcc.prologue
                0x0000000000000000        0x0 c:/program files/microchip/xc8/v2.32/avr/bin/../lib/gcc/avr/5.4.0/avrxmega4/memx-const\libgcc.a(_copy_data.o)
 .text.libgcc.builtins
                0x0000000000000000        0x0 c:/program files/microchip/xc8/v2.32/avr/bin/../lib/gcc/avr/5.4.0/avrxmega4/memx-const\libgcc.a(_copy_data.o)
 .text.libgcc.fmul
                0x0000000000000000        0x0 c:/program files/microchip/xc8/v2.32/avr/bin/../lib/gcc/avr/5.4.0/avrxmega4/memx-const\libgcc.a(_copy_data.o)
 .text.libgcc.fixed
                0x0000000000000000        0x0 c:/program files/microchip/xc8/v2.32/avr/bin/../lib/gcc/avr/5.4.0/avrxmega4/memx-const\libgcc.a(_copy_data.o)
 .text          0x0000000000000000        0x0 c:/program files/microchip/xc8/v2.32/avr/bin/../lib/gcc/avr/5.4.0/avrxmega4/memx-const\libgcc.a(_xload_1.o)
 .data          0x0000000000000000        0x0 c:/program files/microchip/xc8/v2.32/avr/bin/../lib/gcc/avr/5.4.0/avrxmega4/memx-const\libgcc.a(_xload_1.o)
 .bss           0x0000000000000000        0x0 c:/program files/microchip/xc8/v2.32/avr/bin/../lib/gcc/avr/5.4.0/avrxmega4/memx-const\libgcc.a(_xload_1.o)
 .text.libgcc.mul
                0x0000000000000000        0x0 c:/program files/microchip/xc8/v2.32/avr/bin/../lib/gcc/avr/5.4.0/avrxmega4/memx-const\libgcc.a(_xload_1.o)
 .text.libgcc.div
                0x0000000000000000        0x0 c:/program files/microchip/xc8/v2.32/avr/bin/../lib/gcc/avr/5.4.0/avrxmega4/memx-const\libgcc.a(_xload_1.o)
 .text.libgcc.prologue
                0x0000000000000000        0x0 c:/program files/microchip/xc8/v2.32/avr/bin/../lib/gcc/avr/5.4.0/avrxmega4/memx-const\libgcc.a(_xload_1.o)
 .stack.descriptors
                0x0000000000000000       0x17 c:/program files/microchip/xc8/v2.32/avr/bin/../lib/gcc/avr/5.4.0/avrxmega4/memx-const\libgcc.a(_xload_1.o)
 .text.libgcc.builtins
                0x0000000000000000        0x0 c:/program files/microchip/xc8/v2.32/avr/bin/../lib/gcc/avr/5.4.0/avrxmega4/memx-const\libgcc.a(_xload_1.o)
 .text.libgcc.fmul
                0x0000000000000000        0x0 c:/program files/microchip/xc8/v2.32/avr/bin/../lib/gcc/avr/5.4.0/avrxmega4/memx-const\libgcc.a(_xload_1.o)
 .text.libgcc.fixed
                0x0000000000000000        0x0 c:/program files/microchip/xc8/v2.32/avr/bin/../lib/gcc/avr/5.4.0/avrxmega4/memx-const\libgcc.a(_xload_1.o)
 .text          0x0000000000000000        0x0 c:/program files/microchip/xc8/v2.32/avr/bin/../lib/gcc/avr/5.4.0/avrxmega4/memx-const\libgcc.a(_xload_2.o)
 .data          0x0000000000000000        0x0 c:/program files/microchip/xc8/v2.32/avr/bin/../lib/gcc/avr/5.4.0/avrxmega4/memx-const\libgcc.a(_xload_2.o)
 .bss           0x0000000000000000        0x0 c:/program files/microchip/xc8/v2.32/avr/bin/../lib/gcc/avr/5.4.0/avrxmega4/memx-const\libgcc.a(_xload_2.o)
 .text.libgcc.mul
                0x0000000000000000        0x0 c:/program files/microchip/xc8/v2.32/avr/bin/../lib/gcc/avr/5.4.0/avrxmega4/memx-const\libgcc.a(_xload_2.o)
 .text.libgcc.div
                0x0000000000000000        0x0 c:/program files/microchip/xc8/v2.32/avr/bin/../lib/gcc/avr/5.4.0/avrxmega4/memx-const\libgcc.a(_xload_2.o)
 .text.libgcc.prologue
                0x0000000000000000        0x0 c:/program files/microchip/xc8/v2.32/avr/bin/../lib/gcc/avr/5.4.0/avrxmega4/memx-const\libgcc.a(_xload_2.o)
 .stack.descriptors
                0x0000000000000000       0x17 c:/program files/microchip/xc8/v2.32/avr/bin/../lib/gcc/avr/5.4.0/avrxmega4/memx-const\libgcc.a(_xload_2.o)
 .text.libgcc.builtins
                0x0000000000000000        0x0 c:/program files/microchip/xc8/v2.32/avr/bin/../lib/gcc/avr/5.4.0/avrxmega4/memx-const\libgcc.a(_xload_2.o)
 .text.libgcc.fmul
                0x0000000000000000        0x0 c:/program files/microchip/xc8/v2.32/avr/bin/../lib/gcc/avr/5.4.0/avrxmega4/memx-const\libgcc.a(_xload_2.o)
 .text.libgcc.fixed
                0x0000000000000000        0x0 c:/program files/microchip/xc8/v2.32/avr/bin/../lib/gcc/avr/5.4.0/avrxmega4/memx-const\libgcc.a(_xload_2.o)
 .text          0x0000000000000000        0x0 c:/program files/microchip/xc8/v2.32/avr/bin/../lib/gcc/avr/5.4.0/../../../../avr/lib/avrxmega4/memx-const\libc.a(memcpy_M.o)
 .data          0x0000000000000000        0x0 c:/program files/microchip/xc8/v2.32/avr/bin/../lib/gcc/avr/5.4.0/../../../../avr/lib/avrxmega4/memx-const\libc.a(memcpy_M.o)
 .bss           0x0000000000000000        0x0 c:/program files/microchip/xc8/v2.32/avr/bin/../lib/gcc/avr/5.4.0/../../../../avr/lib/avrxmega4/memx-const\libc.a(memcpy_M.o)
 .stack.descriptors
                0x0000000000000000       0x14 c:/program files/microchip/xc8/v2.32/avr/bin/../lib/gcc/avr/5.4.0/../../../../avr/lib/avrxmega4/memx-const\libc.a(memcpy_M.o)
 .text          0x0000000000000000        0x0 c:/program files/microchip/xc8/v2.32/avr/bin/../lib/gcc/avr/5.4.0/../../../../avr/lib/avrxmega4/memx-const\libc.a(strchr_M.o)
 .data          0x0000000000000000        0x0 c:/program files/microchip/xc8/v2.32/avr/bin/../lib/gcc/avr/5.4.0/../../../../avr/lib/avrxmega4/memx-const\libc.a(strchr_M.o)
 .bss           0x0000000000000000        0x0 c:/program files/microchip/xc8/v2.32/avr/bin/../lib/gcc/avr/5.4.0/../../../../avr/lib/avrxmega4/memx-const\libc.a(strchr_M.o)
 .stack.descriptors
                0x0000000000000000       0x14 c:/program files/microchip/xc8/v2.32/avr/bin/../lib/gcc/avr/5.4.0/../../../../avr/lib/avrxmega4/memx-const\libc.a(strchr_M.o)
 .text.avrlibc  0x0000000000000000       0x28 c:/program files/microchip/xc8/v2.32/avr/bin/../lib/gcc/avr/5.4.0/../../../../avr/lib/avrxmega4/memx-const\libc.a(strchr_M.o)
 .comment       0x0000000000000000       0x2d c:/program files/microchip/xc8/v2.32/avr/bin/../lib/gcc/avr/5.4.0/../../../../avr/lib/avrxmega4/memx-const\libc.a(strchr_M.o)
 .stack.descriptors.hdr
                0x0000000000000000        0xe c:/program files/microchip/xc8/v2.32/avr/bin/../lib/gcc/avr/5.4.0/../../../../avr/lib/avrxmega4/memx-const\libc.a(strchr_M.o)
 .text          0x0000000000000000        0x0 c:/program files/microchip/xc8/v2.32/avr/bin/../lib/gcc/avr/5.4.0/../../../../avr/lib/avrxmega4/memx-const\libc.a(strcmp_M.o)
 .data          0x0000000000000000        0x0 c:/program files/microchip/xc8/v2.32/avr/bin/../lib/gcc/avr/5.4.0/../../../../avr/lib/avrxmega4/memx-const\libc.a(strcmp_M.o)
 .bss           0x0000000000000000        0x0 c:/program files/microchip/xc8/v2.32/avr/bin/../lib/gcc/avr/5.4.0/../../../../avr/lib/avrxmega4/memx-const\libc.a(strcmp_M.o)
 .stack.descriptors
                0x0000000000000000       0x14 c:/program files/microchip/xc8/v2.32/avr/bin/../lib/gcc/avr/5.4.0/../../../../avr/lib/avrxmega4/memx-const\libc.a(strcmp_M.o)
 .text          0x0000000000000000        0x0 c:/program files/microchip/xc8/v2.32/avr/bin/../lib/gcc/avr/5.4.0/../../../../avr/lib/avrxmega4/memx-const\libc.a(strlen_M.o)
 .data          0x0000000000000000        0x0 c:/program files/microchip/xc8/v2.32/avr/bin/../lib/gcc/avr/5.4.0/../../../../avr/lib/avrxmega4/memx-const\libc.a(strlen_M.o)
 .bss           0x0000000000000000        0x0 c:/program files/microchip/xc8/v2.32/avr/bin/../lib/gcc/avr/5.4.0/../../../../avr/lib/avrxmega4/memx-const\libc.a(strlen_M.o)
 .stack.descriptors
                0x0000000000000000       0x14 c:/program files/microchip/xc8/v2.32/avr/bin/../lib/gcc/avr/5.4.0/../../../../avr/lib/avrxmega4/memx-const\libc.a(strlen_M.o)
 .text          0x0000000000000000        0x0 c:/program files/microchip/xc8/v2.32/avr/bin/../lib/gcc/avr/5.4.0/../../../../avr/lib/avrxmega4/memx-const\libc.a(strncat_M.o)
 .data          0x0000000000000000        0x0 c:/program files/microchip/xc8/v2.32/avr/bin/../lib/gcc/avr/5.4.0/../../../../avr/lib/avrxmega4/memx-const\libc.a(strncat_M.o)
 .bss           0x0000000000000000        0x0 c:/program files/microchip/xc8/v2.32/avr/bin/../lib/gcc/avr/5.4.0/../../../../avr/lib/avrxmega4/memx-const\libc.a(strncat_M.o)
 .stack.descriptors
                0x0000000000000000       0x15 c:/program files/microchip/xc8/v2.32/avr/bin/../lib/gcc/avr/5.4.0/../../../../avr/lib/avrxmega4/memx-const\libc.a(strncat_M.o)
 .text          0x0000000000000000        0x0 c:/program files/microchip/xc8/v2.32/avr/bin/../lib/gcc/avr/5.4.0/../../../../avr/lib/avrxmega4/memx-const\libc.a(iob.o)
 .data          0x0000000000000000        0x0 c:/program files/microchip/xc8/v2.32/avr/bin/../lib/gcc/avr/5.4.0/../../../../avr/lib/avrxmega4/memx-const\libc.a(iob.o)
 .bss           0x0000000000000000        0x0 c:/program files/microchip/xc8/v2.32/avr/bin/../lib/gcc/avr/5.4.0/../../../../avr/lib/avrxmega4/memx-const\libc.a(iob.o)
 .text          0x0000000000000000        0x0 c:/program files/microchip/xc8/v2.32/avr/bin/../lib/gcc/avr/5.4.0/../../../../avr/lib/avrxmega4/memx-const\libc.a(printf.o)
 .data          0x0000000000000000        0x0 c:/program files/microchip/xc8/v2.32/avr/bin/../lib/gcc/avr/5.4.0/../../../../avr/lib/avrxmega4/memx-const\libc.a(printf.o)
 .bss           0x0000000000000000        0x0 c:/program files/microchip/xc8/v2.32/avr/bin/../lib/gcc/avr/5.4.0/../../../../avr/lib/avrxmega4/memx-const\libc.a(printf.o)
 .stack.descriptors
                0x0000000000000000       0x14 c:/program files/microchip/xc8/v2.32/avr/bin/../lib/gcc/avr/5.4.0/../../../../avr/lib/avrxmega4/memx-const\libc.a(printf.o)
 .text          0x0000000000000000        0x0 c:/program files/microchip/xc8/v2.32/avr/bin/../lib/gcc/avr/5.4.0/../../../../avr/lib/avrxmega4/memx-const\libc.a(puts.o)
 .data          0x0000000000000000        0x0 c:/program files/microchip/xc8/v2.32/avr/bin/../lib/gcc/avr/5.4.0/../../../../avr/lib/avrxmega4/memx-const\libc.a(puts.o)
 .bss           0x0000000000000000        0x0 c:/program files/microchip/xc8/v2.32/avr/bin/../lib/gcc/avr/5.4.0/../../../../avr/lib/avrxmega4/memx-const\libc.a(puts.o)
 .stack.descriptors
                0x0000000000000000       0x12 c:/program files/microchip/xc8/v2.32/avr/bin/../lib/gcc/avr/5.4.0/../../../../avr/lib/avrxmega4/memx-const\libc.a(puts.o)
 .text          0x0000000000000000        0x0 c:/program files/microchip/xc8/v2.32/avr/bin/../lib/gcc/avr/5.4.0/../../../../avr/lib/avrxmega4/memx-const\libc.a(snprintf.o)
 .data          0x0000000000000000        0x0 c:/program files/microchip/xc8/v2.32/avr/bin/../lib/gcc/avr/5.4.0/../../../../avr/lib/avrxmega4/memx-const\libc.a(snprintf.o)
 .bss           0x0000000000000000        0x0 c:/program files/microchip/xc8/v2.32/avr/bin/../lib/gcc/avr/5.4.0/../../../../avr/lib/avrxmega4/memx-const\libc.a(snprintf.o)
 .stack.descriptors
                0x0000000000000000       0x16 c:/program files/microchip/xc8/v2.32/avr/bin/../lib/gcc/avr/5.4.0/../../../../avr/lib/avrxmega4/memx-const\libc.a(snprintf.o)
 .text          0x0000000000000000        0x0 c:/program files/microchip/xc8/v2.32/avr/bin/../lib/gcc/avr/5.4.0/../../../../avr/lib/avrxmega4/memx-const\libc.a(vfprintf_std.o)
 .data          0x0000000000000000        0x0 c:/program files/microchip/xc8/v2.32/avr/bin/../lib/gcc/avr/5.4.0/../../../../avr/lib/avrxmega4/memx-const\libc.a(vfprintf_std.o)
 .bss           0x0000000000000000        0x0 c:/program files/microchip/xc8/v2.32/avr/bin/../lib/gcc/avr/5.4.0/../../../../avr/lib/avrxmega4/memx-const\libc.a(vfprintf_std.o)
 .stack.descriptors
                0x0000000000000000       0x16 c:/program files/microchip/xc8/v2.32/avr/bin/../lib/gcc/avr/5.4.0/../../../../avr/lib/avrxmega4/memx-const\libc.a(vfprintf_std.o)
 .text          0x0000000000000000        0x0 c:/program files/microchip/xc8/v2.32/avr/bin/../lib/gcc/avr/5.4.0/../../../../avr/lib/avrxmega4/memx-const\libc.a(strnlen_M.o)
 .data          0x0000000000000000        0x0 c:/program files/microchip/xc8/v2.32/avr/bin/../lib/gcc/avr/5.4.0/../../../../avr/lib/avrxmega4/memx-const\libc.a(strnlen_M.o)
 .bss           0x0000000000000000        0x0 c:/program files/microchip/xc8/v2.32/avr/bin/../lib/gcc/avr/5.4.0/../../../../avr/lib/avrxmega4/memx-const\libc.a(strnlen_M.o)
 .stack.descriptors
                0x0000000000000000       0x15 c:/program files/microchip/xc8/v2.32/avr/bin/../lib/gcc/avr/5.4.0/../../../../avr/lib/avrxmega4/memx-const\libc.a(strnlen_M.o)
 .text          0x0000000000000000        0x0 c:/program files/microchip/xc8/v2.32/avr/bin/../lib/gcc/avr/5.4.0/../../../../avr/lib/avrxmega4/memx-const\libc.a(fputc.o)
 .data          0x0000000000000000        0x0 c:/program files/microchip/xc8/v2.32/avr/bin/../lib/gcc/avr/5.4.0/../../../../avr/lib/avrxmega4/memx-const\libc.a(fputc.o)
 .bss           0x0000000000000000        0x0 c:/program files/microchip/xc8/v2.32/avr/bin/../lib/gcc/avr/5.4.0/../../../../avr/lib/avrxmega4/memx-const\libc.a(fputc.o)
 .stack.descriptors
                0x0000000000000000       0x13 c:/program files/microchip/xc8/v2.32/avr/bin/../lib/gcc/avr/5.4.0/../../../../avr/lib/avrxmega4/memx-const\libc.a(fputc.o)
 .text          0x0000000000000000        0x0 c:/program files/microchip/xc8/v2.32/avr/bin/../lib/gcc/avr/5.4.0/../../../../avr/lib/avrxmega4/memx-const\libc.a(ultoa_invert.o)
 .data          0x0000000000000000        0x0 c:/program files/microchip/xc8/v2.32/avr/bin/../lib/gcc/avr/5.4.0/../../../../avr/lib/avrxmega4/memx-const\libc.a(ultoa_invert.o)
 .bss           0x0000000000000000        0x0 c:/program files/microchip/xc8/v2.32/avr/bin/../lib/gcc/avr/5.4.0/../../../../avr/lib/avrxmega4/memx-const\libc.a(ultoa_invert.o)
 .stack.descriptors
                0x0000000000000000       0x1c c:/program files/microchip/xc8/v2.32/avr/bin/../lib/gcc/avr/5.4.0/../../../../avr/lib/avrxmega4/memx-const\libc.a(ultoa_invert.o)

Memory Configuration

Name             Origin             Length             Attributes
text             0x0000000000000000 0x0000000000020000 xr
data             0x0000000000804000 0x0000000000004000 rw !x
eeprom           0x0000000000810000 0x0000000000000200 rw !x
fuse             0x0000000000820000 0x0000000000000010 rw !x
lock             0x0000000000830000 0x0000000000000400 rw !x
signature        0x0000000000840000 0x0000000000000400 rw !x
user_signatures  0x0000000000850000 0x0000000000000400 rw !x
*default*        0x0000000000000000 0xffffffffffffffff

Linker script and memory map

Address of section .data set to 0x804000
                0x0000000000008000                __RODATA_PM_OFFSET__ = 0x8000
LOAD C:/Users/M68150/.mchp_packs/Microchip/AVR-Dx_DFP/2.1.152/xc8/avr/lib/avrxmega4/memx-const/crtavr128da48.o
                0x0000000000000001                __MPLAB_BUILD = 0x1
LOAD build/default/debug/mcc_generated_files/system/src/pins.o
LOAD build/default/debug/mcc_generated_files/system/src/clock.o
LOAD build/default/debug/mcc_generated_files/system/src/config_bits.o
LOAD build/default/debug/mcc_generated_files/system/src/system.o
LOAD build/default/debug/mcc_generated_files/system/src/protected_io.o
LOAD build/default/debug/mcc_generated_files/system/src/interrupt.o
LOAD build/default/debug/mcc_generated_files/timer/src/rtc.o
LOAD build/default/debug/mcc_generated_files/timer/src/delay.o
LOAD build/default/debug/mcc_generated_files/uart/src/usart0.o
LOAD build/default/debug/mcc_generated_files/uart/src/usart1.o
LOAD build/default/debug/main.o
LOAD build/default/debug/src/BMI160_INIT.o
LOAD build/default/debug/mcc_generated_files/i2c_host/src/twi0.o
START GROUP
LOAD c:/program files/microchip/xc8/v2.32/avr/bin/../lib/gcc/avr/5.4.0/../../../../avr/lib/avrxmega4/memx-const\libm.a
END GROUP
                0x0000000000000001                __MPLAB_DEBUG = 0x1
                0x0000000000000001                __DEBUG = 0x1
START GROUP
LOAD c:/program files/microchip/xc8/v2.32/avr/bin/../lib/gcc/avr/5.4.0/avrxmega4/memx-const\libgcc.a
LOAD c:/program files/microchip/xc8/v2.32/avr/bin/../lib/gcc/avr/5.4.0/../../../../avr/lib/avrxmega4/memx-const\libm.a
LOAD c:/program files/microchip/xc8/v2.32/avr/bin/../lib/gcc/avr/5.4.0/../../../../avr/lib/avrxmega4/memx-const\libc.a
LOAD C:/Users/M68150/.mchp_packs/Microchip/AVR-Dx_DFP/2.1.152/xc8/avr/lib/avrxmega4/memx-const\libavr128da48.a
END GROUP
                [0x0000000000000000]                __TEXT_REGION_ORIGIN__ = DEFINED (__TEXT_REGION_ORIGIN__)?__TEXT_REGION_ORIGIN__:0x0
                [0x0000000000804000]                __DATA_REGION_ORIGIN__ = DEFINED (__DATA_REGION_ORIGIN__)?__DATA_REGION_ORIGIN__:0x802000
                [0x0000000000020000]                __TEXT_REGION_LENGTH__ = DEFINED (__TEXT_REGION_LENGTH__)?__TEXT_REGION_LENGTH__:0x100000
                [0x0000000000004000]                __DATA_REGION_LENGTH__ = DEFINED (__DATA_REGION_LENGTH__)?__DATA_REGION_LENGTH__:0xffa0
                [0x0000000000000200]                __EEPROM_REGION_LENGTH__ = DEFINED (__EEPROM_REGION_LENGTH__)?__EEPROM_REGION_LENGTH__:0x10000
                [0x0000000000000010]                __FUSE_REGION_LENGTH__ = DEFINED (__FUSE_REGION_LENGTH__)?__FUSE_REGION_LENGTH__:0x400
                0x0000000000000400                __LOCK_REGION_LENGTH__ = DEFINED (__LOCK_REGION_LENGTH__)?__LOCK_REGION_LENGTH__:0x400
                0x0000000000000400                __SIGNATURE_REGION_LENGTH__ = DEFINED (__SIGNATURE_REGION_LENGTH__)?__SIGNATURE_REGION_LENGTH__:0x400
                0x0000000000000400                __USER_SIGNATURE_REGION_LENGTH__ = DEFINED (__USER_SIGNATURE_REGION_LENGTH__)?__USER_SIGNATURE_REGION_LENGTH__:0x400

.hash
 *(.hash)

.dynsym
 *(.dynsym)

.dynstr
 *(.dynstr)

.gnu.version
 *(.gnu.version)

.gnu.version_d
 *(.gnu.version_d)

.gnu.version_r
 *(.gnu.version_r)

.rel.init
 *(.rel.init)

.rela.init
 *(.rela.init)

.rel.text
 *(.rel.text)
 *(.rel.text.*)
 *(.rel.gnu.linkonce.t*)

.rela.text
 *(.rela.text)
 *(.rela.text.*)
 *(.rela.gnu.linkonce.t*)

.rel.fini
 *(.rel.fini)

.rela.fini
 *(.rela.fini)

.rel.rodata
 *(.rel.rodata)
 *(.rel.rodata.*)
 *(.rel.gnu.linkonce.r*)

.rela.rodata
 *(.rela.rodata)
 *(.rela.rodata.*)
 *(.rela.gnu.linkonce.r*)

.rel.data
 *(.rel.data)
 *(.rel.data.*)
 *(.rel.gnu.linkonce.d*)

.rela.data
 *(.rela.data)
 *(.rela.data.*)
 *(.rela.gnu.linkonce.d*)

.rel.ctors
 *(.rel.ctors)

.rela.ctors
 *(.rela.ctors)

.rel.dtors
 *(.rel.dtors)

.rela.dtors
 *(.rela.dtors)

.rel.got
 *(.rel.got)

.rela.got
 *(.rela.got)

.rel.bss
 *(.rel.bss)

.rela.bss
 *(.rela.bss)

.rel.plt
 *(.rel.plt)

.rela.plt
 *(.rela.plt)

.text           0x0000000000000000      0x15e
 *(.vectors)
 .vectors       0x0000000000000000       0xe8 C:/Users/M68150/.mchp_packs/Microchip/AVR-Dx_DFP/2.1.152/xc8/avr/lib/avrxmega4/memx-const/crtavr128da48.o
                0x0000000000000000                __vector_default
                0x0000000000000000                __vectors
 *(.vectors)
 *(.progmem.gcc*)
 *(.dinit)
 .dinit         0x00000000000000e8       0x1d data_init
                0x0000000000000106                . = ALIGN (0x2)
 *fill*         0x0000000000000105        0x1 
                0x0000000000000106                __trampolines_start = .
 *(.trampolines)
 .trampolines   0x0000000000000106        0x0 linker stubs
 *(.trampolines*)
                0x0000000000000106                __trampolines_end = .
 *libprintf_flt.a:*(.progmem.data)
 *libc.a:*(.progmem.data)
                0x0000000000000106                . = ALIGN (0x2)
 *(.jumptables)
 *(.jumptables*)
 *(.lowtext)
 *(.lowtext*)
                0x0000000000000106                __ctors_start = .
 *(.ctors)
                0x0000000000000106                __ctors_end = .
                0x0000000000000106                __dtors_start = .
 *(.dtors)
                0x0000000000000106                __dtors_end = .
 SORT(*)(.ctors)
 SORT(*)(.dtors)
 *(.init0)
 .init0         0x0000000000000106        0x0 C:/Users/M68150/.mchp_packs/Microchip/AVR-Dx_DFP/2.1.152/xc8/avr/lib/avrxmega4/memx-const/crtavr128da48.o
                0x0000000000000106                __init
 *(.init0)
 *(.init1)
 *(.init1)
 *(.init2)
 .init2         0x0000000000000106        0xc C:/Users/M68150/.mchp_packs/Microchip/AVR-Dx_DFP/2.1.152/xc8/avr/lib/avrxmega4/memx-const/crtavr128da48.o
 *(.init2)
 *(.init3)
 *(.init3)
 *(.init4)
 .init4         0x0000000000000112       0x40 c:/program files/microchip/xc8/v2.32/avr/bin/../lib/gcc/avr/5.4.0/avrxmega4/memx-const\libgcc.a(_copy_data.o)
                0x0000000000000112                __do_copy_data
                0x0000000000000144                __do_clear_bss
 *(.init4)
 *(.init5)
 *(.init5)
 *(.init6)
 *(.init6)
 *(.init7)
 *(.init7)
 *(.init8)
 *(.init8)
 *(.init9)
 .init9         0x0000000000000152        0x8 C:/Users/M68150/.mchp_packs/Microchip/AVR-Dx_DFP/2.1.152/xc8/avr/lib/avrxmega4/memx-const/crtavr128da48.o
 *(.init9)
                0x000000000000015a                . = ALIGN (0x2)
 *(.fini9)
 .fini9         0x000000000000015a        0x0 c:/program files/microchip/xc8/v2.32/avr/bin/../lib/gcc/avr/5.4.0/avrxmega4/memx-const\libgcc.a(_exit.o)
                0x000000000000015a                _exit
                0x000000000000015a                exit
 *(.fini9)
 *(.fini8)
 *(.fini8)
 *(.fini7)
 *(.fini7)
 *(.fini6)
 *(.fini6)
 *(.fini5)
 *(.fini5)
 *(.fini4)
 *(.fini4)
 *(.fini3)
 *(.fini3)
 *(.fini2)
 *(.fini2)
 *(.fini1)
 *(.fini1)
 *(.fini0)
 .fini0         0x000000000000015a        0x4 c:/program files/microchip/xc8/v2.32/avr/bin/../lib/gcc/avr/5.4.0/avrxmega4/memx-const\libgcc.a(_exit.o)
 *(.fini0)
                0x000000000000015e                _etext = .

.data           0x0000000000804000        0x0 load address 0x000000000000015e
                [!provide]                        PROVIDE (__data_start, .)
 *(.gnu.linkonce.d*)
 *(.gnu.linkonce.r*)
                0x0000000000804000                . = ALIGN (0x2)
                0x0000000000804000                _edata = .
                [!provide]                        PROVIDE (__data_end, .)

.bss            0x0000000000804000      0x169
                [!provide]                        PROVIDE (__bss_start, .)
 *(COMMON)
 COMMON         0x0000000000804000        0xc build/default/debug/mcc_generated_files/uart/src/usart0.o
                0x0000000000804000                USART0_RxInterruptHandler
                0x0000000000804002                USART0_TxInterruptHandler
                0x0000000000804004                USART0_OverrunErrorHandler
                0x0000000000804006                usart0TxBufferRemaining
                0x0000000000804007                usart0RxCount
                0x0000000000804008                USART0_FramingErrorHandler
                0x000000000080400a                USART0_ParityErrorHandler
 COMMON         0x000000000080400c        0xc build/default/debug/mcc_generated_files/uart/src/usart1.o
                0x000000000080400c                USART1_TxInterruptHandler
                0x000000000080400e                USART1_RxInterruptHandler
                0x0000000000804010                USART1_FramingErrorHandler
                0x0000000000804012                USART1_OverrunErrorHandler
                0x0000000000804014                usart1TxBufferRemaining
                0x0000000000804015                usart1RxCount
                0x0000000000804016                USART1_ParityErrorHandler
 COMMON         0x0000000000804018      0x14b build/default/debug/main.o
                0x0000000000804018                Get_GPS_Cnt_String
                0x000000000080401d                USART_DummyBuffer
                0x000000000080401e                GPS_USART0_Buffer
                0x00000000008040e6                receiveData
                0x00000000008040e7                GPS_Data
                0x000000000080414b                GPRMC_Fields
 COMMON         0x0000000000804163        0x6 c:/program files/microchip/xc8/v2.32/avr/bin/../lib/gcc/avr/5.4.0/../../../../avr/lib/avrxmega4/memx-const\libc.a(iob.o)
                0x0000000000804163                __iob
                [!provide]                        PROVIDE (__bss_end, .)
                0x000000000000015e                __data_load_start = LOADADDR (.data)
                0x000000000000015e                __data_load_end = (__data_load_start + SIZEOF (.data))

.noinit         0x0000000000804169        0x0
                [!provide]                        PROVIDE (__noinit_start, .)
 *(.noinit*)
                [!provide]                        PROVIDE (__noinit_end, .)
                0x0000000000804169                _end = .

.eeprom         0x0000000000810000        0x0
 *(.eeprom*)
                0x0000000000810000                __eeprom_end = .

.fuse           0x0000000000820000        0x9
 *(.fuse)
 .fuse          0x0000000000820000        0x9 build/default/debug/mcc_generated_files/system/src/config_bits.o
                0x0000000000820000                __fuse
 *(.lfuse)
 *(.hfuse)
 *(.efuse)

.lock
 *(.lock*)

.signature
 *(.signature*)

.user_signatures
 *(.user_signatures*)

.stab
 *(.stab)

.stabstr
 *(.stabstr)

.stab.excl
 *(.stab.excl)

.stab.exclstr
 *(.stab.exclstr)

.stab.index
 *(.stab.index)

.stab.indexstr
 *(.stab.indexstr)

.comment        0x0000000000000000       0x5b
 *(.comment)
 .comment       0x0000000000000000       0x2f build/default/debug/mcc_generated_files/system/src/pins.o
                                         0x30 (size before relaxing)
 .comment       0x000000000000002f       0x30 build/default/debug/mcc_generated_files/system/src/clock.o
 .comment       0x000000000000002f       0x30 build/default/debug/mcc_generated_files/system/src/config_bits.o
 .comment       0x000000000000002f       0x30 build/default/debug/mcc_generated_files/system/src/system.o
 .comment       0x000000000000002f       0x30 build/default/debug/mcc_generated_files/system/src/interrupt.o
 .comment       0x000000000000002f       0x30 build/default/debug/mcc_generated_files/timer/src/rtc.o
 .comment       0x000000000000002f       0x30 build/default/debug/mcc_generated_files/timer/src/delay.o
 .comment       0x000000000000002f       0x30 build/default/debug/mcc_generated_files/uart/src/usart0.o
 .comment       0x000000000000002f       0x30 build/default/debug/mcc_generated_files/uart/src/usart1.o
 .comment       0x000000000000002f       0x30 build/default/debug/main.o
 .comment       0x000000000000002f       0x30 build/default/debug/src/BMI160_INIT.o
 .comment       0x000000000000002f       0x30 build/default/debug/mcc_generated_files/i2c_host/src/twi0.o
 .comment       0x000000000000002f       0x2c c:/program files/microchip/xc8/v2.32/avr/bin/../lib/gcc/avr/5.4.0/../../../../avr/lib/avrxmega4/memx-const\libc.a(memcpy_M.o)
                                         0x2d (size before relaxing)
 .comment       0x000000000000005b       0x2d c:/program files/microchip/xc8/v2.32/avr/bin/../lib/gcc/avr/5.4.0/../../../../avr/lib/avrxmega4/memx-const\libc.a(strcmp_M.o)
 .comment       0x000000000000005b       0x2d c:/program files/microchip/xc8/v2.32/avr/bin/../lib/gcc/avr/5.4.0/../../../../avr/lib/avrxmega4/memx-const\libc.a(strlen_M.o)
 .comment       0x000000000000005b       0x2d c:/program files/microchip/xc8/v2.32/avr/bin/../lib/gcc/avr/5.4.0/../../../../avr/lib/avrxmega4/memx-const\libc.a(strncat_M.o)
 .comment       0x000000000000005b       0x2d c:/program files/microchip/xc8/v2.32/avr/bin/../lib/gcc/avr/5.4.0/../../../../avr/lib/avrxmega4/memx-const\libc.a(iob.o)
 .comment       0x000000000000005b       0x2d c:/program files/microchip/xc8/v2.32/avr/bin/../lib/gcc/avr/5.4.0/../../../../avr/lib/avrxmega4/memx-const\libc.a(printf.o)
 .comment       0x000000000000005b       0x2d c:/program files/microchip/xc8/v2.32/avr/bin/../lib/gcc/avr/5.4.0/../../../../avr/lib/avrxmega4/memx-const\libc.a(puts.o)
 .comment       0x000000000000005b       0x2d c:/program files/microchip/xc8/v2.32/avr/bin/../lib/gcc/avr/5.4.0/../../../../avr/lib/avrxmega4/memx-const\libc.a(snprintf.o)
 .comment       0x000000000000005b       0x2d c:/program files/microchip/xc8/v2.32/avr/bin/../lib/gcc/avr/5.4.0/../../../../avr/lib/avrxmega4/memx-const\libc.a(vfprintf_std.o)
 .comment       0x000000000000005b       0x2d c:/program files/microchip/xc8/v2.32/avr/bin/../lib/gcc/avr/5.4.0/../../../../avr/lib/avrxmega4/memx-const\libc.a(strnlen_M.o)
 .comment       0x000000000000005b       0x2d c:/program files/microchip/xc8/v2.32/avr/bin/../lib/gcc/avr/5.4.0/../../../../avr/lib/avrxmega4/memx-const\libc.a(fputc.o)

.stack.descriptors.hdr
                0x0000000000000000       0xd2
 .stack.descriptors.hdr
                0x0000000000000000        0xe c:/program files/microchip/xc8/v2.32/avr/bin/../lib/gcc/avr/5.4.0/avrxmega4/memx-const\libgcc.a(_exit.o)
 .stack.descriptors.hdr
                0x000000000000000e        0xe c:/program files/microchip/xc8/v2.32/avr/bin/../lib/gcc/avr/5.4.0/avrxmega4/memx-const\libgcc.a(_xload_1.o)
 .stack.descriptors.hdr
                0x000000000000001c        0xe c:/program files/microchip/xc8/v2.32/avr/bin/../lib/gcc/avr/5.4.0/avrxmega4/memx-const\libgcc.a(_xload_2.o)
 .stack.descriptors.hdr
                0x000000000000002a        0xe c:/program files/microchip/xc8/v2.32/avr/bin/../lib/gcc/avr/5.4.0/../../../../avr/lib/avrxmega4/memx-const\libc.a(memcpy_M.o)
 .stack.descriptors.hdr
                0x0000000000000038        0xe c:/program files/microchip/xc8/v2.32/avr/bin/../lib/gcc/avr/5.4.0/../../../../avr/lib/avrxmega4/memx-const\libc.a(strcmp_M.o)
 .stack.descriptors.hdr
                0x0000000000000046        0xe c:/program files/microchip/xc8/v2.32/avr/bin/../lib/gcc/avr/5.4.0/../../../../avr/lib/avrxmega4/memx-const\libc.a(strlen_M.o)
 .stack.descriptors.hdr
                0x0000000000000054        0xe c:/program files/microchip/xc8/v2.32/avr/bin/../lib/gcc/avr/5.4.0/../../../../avr/lib/avrxmega4/memx-const\libc.a(strncat_M.o)
 .stack.descriptors.hdr
                0x0000000000000062        0xe c:/program files/microchip/xc8/v2.32/avr/bin/../lib/gcc/avr/5.4.0/../../../../avr/lib/avrxmega4/memx-const\libc.a(iob.o)
 .stack.descriptors.hdr
                0x0000000000000070        0xe c:/program files/microchip/xc8/v2.32/avr/bin/../lib/gcc/avr/5.4.0/../../../../avr/lib/avrxmega4/memx-const\libc.a(printf.o)
 .stack.descriptors.hdr
                0x000000000000007e        0xe c:/program files/microchip/xc8/v2.32/avr/bin/../lib/gcc/avr/5.4.0/../../../../avr/lib/avrxmega4/memx-const\libc.a(puts.o)
 .stack.descriptors.hdr
                0x000000000000008c        0xe c:/program files/microchip/xc8/v2.32/avr/bin/../lib/gcc/avr/5.4.0/../../../../avr/lib/avrxmega4/memx-const\libc.a(snprintf.o)
 .stack.descriptors.hdr
                0x000000000000009a        0xe c:/program files/microchip/xc8/v2.32/avr/bin/../lib/gcc/avr/5.4.0/../../../../avr/lib/avrxmega4/memx-const\libc.a(vfprintf_std.o)
 .stack.descriptors.hdr
                0x00000000000000a8        0xe c:/program files/microchip/xc8/v2.32/avr/bin/../lib/gcc/avr/5.4.0/../../../../avr/lib/avrxmega4/memx-const\libc.a(strnlen_M.o)
 .stack.descriptors.hdr
                0x00000000000000b6        0xe c:/program files/microchip/xc8/v2.32/avr/bin/../lib/gcc/avr/5.4.0/../../../../avr/lib/avrxmega4/memx-const\libc.a(fputc.o)
 .stack.descriptors.hdr
                0x00000000000000c4        0xe c:/program files/microchip/xc8/v2.32/avr/bin/../lib/gcc/avr/5.4.0/../../../../avr/lib/avrxmega4/memx-const\libc.a(ultoa_invert.o)

.note.gnu.build-id
 *(.note.gnu.build-id)

.debug
 *(.debug)

.line
 *(.line)

.debug_srcinfo
 *(.debug_srcinfo)

.debug_sfnames
 *(.debug_sfnames)

.debug_aranges  0x0000000000000000      0x5e8
 *(.debug_aranges)
 .debug_aranges
                0x0000000000000000       0xd0 build/default/debug/mcc_generated_files/system/src/pins.o
 .debug_aranges
                0x00000000000000d0       0x20 build/default/debug/mcc_generated_files/system/src/clock.o
 .debug_aranges
                0x00000000000000f0       0x18 build/default/debug/mcc_generated_files/system/src/config_bits.o
 .debug_aranges
                0x0000000000000108       0x20 build/default/debug/mcc_generated_files/system/src/system.o
 .debug_aranges
                0x0000000000000128       0x20 build/default/debug/mcc_generated_files/system/src/protected_io.o
 .debug_aranges
                0x0000000000000148       0x20 build/default/debug/mcc_generated_files/system/src/interrupt.o
 .debug_aranges
                0x0000000000000168       0xb8 build/default/debug/mcc_generated_files/timer/src/rtc.o
 .debug_aranges
                0x0000000000000220       0x28 build/default/debug/mcc_generated_files/timer/src/delay.o
 .debug_aranges
                0x0000000000000248      0x110 build/default/debug/mcc_generated_files/uart/src/usart0.o
 .debug_aranges
                0x0000000000000358      0x118 build/default/debug/mcc_generated_files/uart/src/usart1.o
 .debug_aranges
                0x0000000000000470       0x80 build/default/debug/main.o
 .debug_aranges
                0x00000000000004f0       0x40 build/default/debug/src/BMI160_INIT.o
 .debug_aranges
                0x0000000000000530       0xb8 build/default/debug/mcc_generated_files/i2c_host/src/twi0.o

.debug_pubnames
 *(.debug_pubnames)

.debug_info     0x0000000000000000     0xb374
 *(.debug_info .gnu.linkonce.wi.*)
 .debug_info    0x0000000000000000     0x3227 C:/Users/M68150/.mchp_packs/Microchip/AVR-Dx_DFP/2.1.152/xc8/avr/lib/avrxmega4/memx-const/crtavr128da48.o
 .debug_info    0x0000000000003227      0xc9e build/default/debug/mcc_generated_files/system/src/pins.o
 .debug_info    0x0000000000003ec5      0x745 build/default/debug/mcc_generated_files/system/src/clock.o
 .debug_info    0x000000000000460a      0x866 build/default/debug/mcc_generated_files/system/src/config_bits.o
 .debug_info    0x0000000000004e70      0x34f build/default/debug/mcc_generated_files/system/src/system.o
 .debug_info    0x00000000000051bf       0xbb build/default/debug/mcc_generated_files/system/src/protected_io.o
 .debug_info    0x000000000000527a      0x3fe build/default/debug/mcc_generated_files/system/src/interrupt.o
 .debug_info    0x0000000000005678      0x8df build/default/debug/mcc_generated_files/timer/src/rtc.o
 .debug_info    0x0000000000005f57      0x44b build/default/debug/mcc_generated_files/timer/src/delay.o
 .debug_info    0x00000000000063a2     0x119f build/default/debug/mcc_generated_files/uart/src/usart0.o
 .debug_info    0x0000000000007541     0x1348 build/default/debug/mcc_generated_files/uart/src/usart1.o
 .debug_info    0x0000000000008889      0xf65 build/default/debug/main.o
 .debug_info    0x00000000000097ee      0x9bc build/default/debug/src/BMI160_INIT.o
 .debug_info    0x000000000000a1aa     0x11ca build/default/debug/mcc_generated_files/i2c_host/src/twi0.o

.debug_abbrev   0x0000000000000000     0x4496
 *(.debug_abbrev)
 .debug_abbrev  0x0000000000000000     0x2f80 C:/Users/M68150/.mchp_packs/Microchip/AVR-Dx_DFP/2.1.152/xc8/avr/lib/avrxmega4/memx-const/crtavr128da48.o
 .debug_abbrev  0x0000000000002f80      0x17a build/default/debug/mcc_generated_files/system/src/pins.o
 .debug_abbrev  0x00000000000030fa      0x11d build/default/debug/mcc_generated_files/system/src/clock.o
 .debug_abbrev  0x0000000000003217       0x97 build/default/debug/mcc_generated_files/system/src/config_bits.o
 .debug_abbrev  0x00000000000032ae       0x58 build/default/debug/mcc_generated_files/system/src/system.o
 .debug_abbrev  0x0000000000003306       0x14 build/default/debug/mcc_generated_files/system/src/protected_io.o
 .debug_abbrev  0x000000000000331a       0xfa build/default/debug/mcc_generated_files/system/src/interrupt.o
 .debug_abbrev  0x0000000000003414      0x14c build/default/debug/mcc_generated_files/timer/src/rtc.o
 .debug_abbrev  0x0000000000003560      0x11e build/default/debug/mcc_generated_files/timer/src/delay.o
 .debug_abbrev  0x000000000000367e      0x2de build/default/debug/mcc_generated_files/uart/src/usart0.o
 .debug_abbrev  0x000000000000395c      0x39f build/default/debug/mcc_generated_files/uart/src/usart1.o
 .debug_abbrev  0x0000000000003cfb      0x2b5 build/default/debug/main.o
 .debug_abbrev  0x0000000000003fb0      0x1c8 build/default/debug/src/BMI160_INIT.o
 .debug_abbrev  0x0000000000004178      0x31e build/default/debug/mcc_generated_files/i2c_host/src/twi0.o

.debug_line     0x0000000000000000     0x2d61
 *(.debug_line .debug_line.* .debug_line_end)
 .debug_line    0x0000000000000000      0x1f6 C:/Users/M68150/.mchp_packs/Microchip/AVR-Dx_DFP/2.1.152/xc8/avr/lib/avrxmega4/memx-const/crtavr128da48.o
 .debug_line    0x00000000000001f6      0x528 build/default/debug/mcc_generated_files/system/src/pins.o
 .debug_line    0x000000000000071e      0x165 build/default/debug/mcc_generated_files/system/src/clock.o
 .debug_line    0x0000000000000883       0xea build/default/debug/mcc_generated_files/system/src/config_bits.o
 .debug_line    0x000000000000096d      0x17d build/default/debug/mcc_generated_files/system/src/system.o
 .debug_line    0x0000000000000aea       0x73 build/default/debug/mcc_generated_files/system/src/protected_io.o
 .debug_line    0x0000000000000b5d      0x183 build/default/debug/mcc_generated_files/system/src/interrupt.o
 .debug_line    0x0000000000000ce0      0x38e build/default/debug/mcc_generated_files/timer/src/rtc.o
 .debug_line    0x000000000000106e      0x137 build/default/debug/mcc_generated_files/timer/src/delay.o
 .debug_line    0x00000000000011a5      0x66d build/default/debug/mcc_generated_files/uart/src/usart0.o
 .debug_line    0x0000000000001812      0x6b1 build/default/debug/mcc_generated_files/uart/src/usart1.o
 .debug_line    0x0000000000001ec3      0x4db build/default/debug/main.o
 .debug_line    0x000000000000239e      0x2bb build/default/debug/src/BMI160_INIT.o
 .debug_line    0x0000000000002659      0x708 build/default/debug/mcc_generated_files/i2c_host/src/twi0.o

.debug_frame    0x0000000000000000      0xf10
 *(.debug_frame)
 .debug_frame   0x0000000000000000      0x298 build/default/debug/mcc_generated_files/system/src/pins.o
 .debug_frame   0x0000000000000298       0x24 build/default/debug/mcc_generated_files/system/src/clock.o
 .debug_frame   0x00000000000002bc       0x24 build/default/debug/mcc_generated_files/system/src/system.o
 .debug_frame   0x00000000000002e0       0x24 build/default/debug/mcc_generated_files/system/src/interrupt.o
 .debug_frame   0x0000000000000304      0x1e4 build/default/debug/mcc_generated_files/timer/src/rtc.o
 .debug_frame   0x00000000000004e8       0x34 build/default/debug/mcc_generated_files/timer/src/delay.o
 .debug_frame   0x000000000000051c      0x2b0 build/default/debug/mcc_generated_files/uart/src/usart0.o
 .debug_frame   0x00000000000007cc      0x2c0 build/default/debug/mcc_generated_files/uart/src/usart1.o
 .debug_frame   0x0000000000000a8c      0x1a0 build/default/debug/main.o
 .debug_frame   0x0000000000000c2c       0xa8 build/default/debug/src/BMI160_INIT.o
 .debug_frame   0x0000000000000cd4      0x23c build/default/debug/mcc_generated_files/i2c_host/src/twi0.o

.debug_str      0x0000000000000000     0x17ab
 *(.debug_str)
 .debug_str     0x0000000000000000     0x153f C:/Users/M68150/.mchp_packs/Microchip/AVR-Dx_DFP/2.1.152/xc8/avr/lib/avrxmega4/memx-const/crtavr128da48.o
 .debug_str     0x000000000000153f       0x25 build/default/debug/mcc_generated_files/system/src/pins.o
 .debug_str     0x0000000000001564       0x13 build/default/debug/mcc_generated_files/system/src/clock.o
 .debug_str     0x0000000000001577        0x0 build/default/debug/mcc_generated_files/system/src/config_bits.o
 .debug_str     0x0000000000001577       0x7d build/default/debug/mcc_generated_files/system/src/system.o
 .debug_str     0x00000000000015f4       0x13 build/default/debug/mcc_generated_files/system/src/interrupt.o
 .debug_str     0x0000000000001607        0x9 build/default/debug/mcc_generated_files/timer/src/rtc.o
 .debug_str     0x0000000000001610       0x26 build/default/debug/mcc_generated_files/timer/src/delay.o
 .debug_str     0x0000000000001636       0x10 build/default/debug/mcc_generated_files/uart/src/usart0.o
 .debug_str     0x0000000000001646       0x10 build/default/debug/mcc_generated_files/uart/src/usart1.o
 .debug_str     0x0000000000001656       0xc9 build/default/debug/main.o
 .debug_str     0x000000000000171f       0x4a build/default/debug/src/BMI160_INIT.o
 .debug_str     0x0000000000001769       0x42 build/default/debug/mcc_generated_files/i2c_host/src/twi0.o

.debug_loc      0x0000000000000000      0xd8f
 *(.debug_loc)
 .debug_loc     0x0000000000000000      0x171 build/default/debug/mcc_generated_files/system/src/clock.o
 .debug_loc     0x0000000000000171       0x2a build/default/debug/mcc_generated_files/system/src/interrupt.o
 .debug_loc     0x000000000000019b      0x15d build/default/debug/mcc_generated_files/timer/src/delay.o
 .debug_loc     0x00000000000002f8       0xb9 build/default/debug/mcc_generated_files/uart/src/usart0.o
 .debug_loc     0x00000000000003b1      0x100 build/default/debug/mcc_generated_files/uart/src/usart1.o
 .debug_loc     0x00000000000004b1      0x31f build/default/debug/main.o
 .debug_loc     0x00000000000007d0      0x246 build/default/debug/src/BMI160_INIT.o
 .debug_loc     0x0000000000000a16      0x379 build/default/debug/mcc_generated_files/i2c_host/src/twi0.o

.debug_macinfo
 *(.debug_macinfo)

.debug_weaknames
 *(.debug_weaknames)

.debug_funcnames
 *(.debug_funcnames)

.debug_typenames
 *(.debug_typenames)

.debug_varnames
 *(.debug_varnames)

.debug_pubtypes
 *(.debug_pubtypes)

.debug_ranges   0x0000000000000000      0x500
 *(.debug_ranges)
 .debug_ranges  0x0000000000000000       0xc0 build/default/debug/mcc_generated_files/system/src/pins.o
 .debug_ranges  0x00000000000000c0       0x10 build/default/debug/mcc_generated_files/system/src/clock.o
 .debug_ranges  0x00000000000000d0       0x10 build/default/debug/mcc_generated_files/system/src/system.o
 .debug_ranges  0x00000000000000e0       0x10 build/default/debug/mcc_generated_files/system/src/interrupt.o
 .debug_ranges  0x00000000000000f0       0xa8 build/default/debug/mcc_generated_files/timer/src/rtc.o
 .debug_ranges  0x0000000000000198       0x18 build/default/debug/mcc_generated_files/timer/src/delay.o
 .debug_ranges  0x00000000000001b0      0x100 build/default/debug/mcc_generated_files/uart/src/usart0.o
 .debug_ranges  0x00000000000002b0      0x108 build/default/debug/mcc_generated_files/uart/src/usart1.o
 .debug_ranges  0x00000000000003b8       0x70 build/default/debug/main.o
 .debug_ranges  0x0000000000000428       0x30 build/default/debug/src/BMI160_INIT.o
 .debug_ranges  0x0000000000000458       0xa8 build/default/debug/mcc_generated_files/i2c_host/src/twi0.o

.debug_macro
 *(.debug_macro)
OUTPUT(dist/default/debug/gps_tracker_p.X.debug.elf elf32-avr)
LOAD linker stubs
LOAD data_init

.note.gnu.avr.deviceinfo
                0x0000000000000000       0x40
 .note.gnu.avr.deviceinfo
                0x0000000000000000       0x40 C:/Users/M68150/.mchp_packs/Microchip/AVR-Dx_DFP/2.1.152/xc8/avr/lib/avrxmega4/memx-const/crtavr128da48.o

.bss.PC6_InterruptHandler
                0x0000000000804586        0x2
 .bss.PC6_InterruptHandler
                0x0000000000804586        0x2 build/default/debug/mcc_generated_files/system/src/pins.o

.bss.PD6_InterruptHandler
                0x0000000000804588        0x2
 .bss.PD6_InterruptHandler
                0x0000000000804588        0x2 build/default/debug/mcc_generated_files/system/src/pins.o

.bss.PC0_InterruptHandler
                0x000000000080458a        0x2
 .bss.PC0_InterruptHandler
                0x000000000080458a        0x2 build/default/debug/mcc_generated_files/system/src/pins.o

.bss.PC1_InterruptHandler
                0x000000000080458c        0x2
 .bss.PC1_InterruptHandler
                0x000000000080458c        0x2 build/default/debug/mcc_generated_files/system/src/pins.o

.bss.PC2_InterruptHandler
                0x000000000080458e        0x2
 .bss.PC2_InterruptHandler
                0x000000000080458e        0x2 build/default/debug/mcc_generated_files/system/src/pins.o

.bss.PC3_InterruptHandler
                0x0000000000804590        0x2
 .bss.PC3_InterruptHandler
                0x0000000000804590        0x2 build/default/debug/mcc_generated_files/system/src/pins.o

.bss.PA0_InterruptHandler
                0x0000000000804592        0x2
 .bss.PA0_InterruptHandler
                0x0000000000804592        0x2 build/default/debug/mcc_generated_files/system/src/pins.o

.bss.PA1_InterruptHandler
                0x0000000000804594        0x2
 .bss.PA1_InterruptHandler
                0x0000000000804594        0x2 build/default/debug/mcc_generated_files/system/src/pins.o

.bss.RTC_PIT_isr_cb
                0x0000000000804596        0x2
 .bss.RTC_PIT_isr_cb
                0x0000000000804596        0x2 build/default/debug/mcc_generated_files/timer/src/rtc.o
                0x0000000000804596                RTC_PIT_isr_cb

.bss.RTC_CMP_isr_cb
                0x0000000000804598        0x2
 .bss.RTC_CMP_isr_cb
                0x0000000000804598        0x2 build/default/debug/mcc_generated_files/timer/src/rtc.o
                0x0000000000804598                RTC_CMP_isr_cb

.bss.RTC_OVF_isr_cb
                0x000000000080459a        0x2
 .bss.RTC_OVF_isr_cb
                0x000000000080459a        0x2 build/default/debug/mcc_generated_files/timer/src/rtc.o
                0x000000000080459a                RTC_OVF_isr_cb

.bss.usart0RxLastError
                0x000000000080459c        0x2
 .bss.usart0RxLastError
                0x000000000080459c        0x2 build/default/debug/mcc_generated_files/uart/src/usart0.o

.bss.usart0RxStatusBuffer
                0x0000000000804169      0x100
 .bss.usart0RxStatusBuffer
                0x0000000000804169      0x100 build/default/debug/mcc_generated_files/uart/src/usart0.o

.bss.usart0RxBuffer
                0x0000000000804369       0x80
 .bss.usart0RxBuffer
                0x0000000000804369       0x80 build/default/debug/mcc_generated_files/uart/src/usart0.o

.bss.usart0RxTail
                0x00000000008045a4        0x1
 .bss.usart0RxTail
                0x00000000008045a4        0x1 build/default/debug/mcc_generated_files/uart/src/usart0.o

.bss.usart0RxHead
                0x00000000008045a5        0x1
 .bss.usart0RxHead
                0x00000000008045a5        0x1 build/default/debug/mcc_generated_files/uart/src/usart0.o

.bss.usart0TxBuffer
                0x00000000008043e9       0x80
 .bss.usart0TxBuffer
                0x00000000008043e9       0x80 build/default/debug/mcc_generated_files/uart/src/usart0.o

.bss.usart0TxTail
                0x00000000008045a6        0x1
 .bss.usart0TxTail
                0x00000000008045a6        0x1 build/default/debug/mcc_generated_files/uart/src/usart0.o

.bss.usart0TxHead
                0x00000000008045a7        0x1
 .bss.usart0TxHead
                0x00000000008045a7        0x1 build/default/debug/mcc_generated_files/uart/src/usart0.o

.bss.usart1RxLastError
                0x000000000080459e        0x2
 .bss.usart1RxLastError
                0x000000000080459e        0x2 build/default/debug/mcc_generated_files/uart/src/usart1.o

.bss.usart1RxStatusBuffer
                0x0000000000804269      0x100
 .bss.usart1RxStatusBuffer
                0x0000000000804269      0x100 build/default/debug/mcc_generated_files/uart/src/usart1.o

.bss.usart1RxBuffer
                0x0000000000804469       0x80
 .bss.usart1RxBuffer
                0x0000000000804469       0x80 build/default/debug/mcc_generated_files/uart/src/usart1.o

.bss.usart1RxTail
                0x00000000008045a8        0x1
 .bss.usart1RxTail
                0x00000000008045a8        0x1 build/default/debug/mcc_generated_files/uart/src/usart1.o

.bss.usart1RxHead
                0x00000000008045a9        0x1
 .bss.usart1RxHead
                0x00000000008045a9        0x1 build/default/debug/mcc_generated_files/uart/src/usart1.o

.bss.usart1TxBuffer
                0x00000000008044e9       0x80
 .bss.usart1TxBuffer
                0x00000000008044e9       0x80 build/default/debug/mcc_generated_files/uart/src/usart1.o

.bss.usart1TxTail
                0x00000000008045aa        0x1
 .bss.usart1TxTail
                0x00000000008045aa        0x1 build/default/debug/mcc_generated_files/uart/src/usart1.o

.bss.usart1TxHead
                0x00000000008045ab        0x1
 .bss.usart1TxHead
                0x00000000008045ab        0x1 build/default/debug/mcc_generated_files/uart/src/usart1.o

.bss.do_once_flag
                0x00000000008045ad        0x1
 .bss.do_once_flag
                0x00000000008045ad        0x1 build/default/debug/main.o
                0x00000000008045ad                do_once_flag

.bss.Movement_Sensor_Status
                0x00000000008045ae        0x1
 .bss.Movement_Sensor_Status
                0x00000000008045ae        0x1 build/default/debug/main.o
                0x00000000008045ae                Movement_Sensor_Status

.bss.GPS_Info_Flag
                0x00000000008045af        0x1
 .bss.GPS_Info_Flag
                0x00000000008045af        0x1 build/default/debug/main.o
                0x00000000008045af                GPS_Info_Flag

.bss.Delay_Flag
                0x00000000008045b0        0x1
 .bss.Delay_Flag
                0x00000000008045b0        0x1 build/default/debug/main.o
                0x00000000008045b0                Delay_Flag

.bss.GPS_Buffer_Index
                0x00000000008045a0        0x2
 .bss.GPS_Buffer_Index
                0x00000000008045a0        0x2 build/default/debug/main.o
                0x00000000008045a0                GPS_Buffer_Index

.bss.twi0_Status
                0x0000000000804578        0xe
 .bss.twi0_Status
                0x0000000000804578        0xe build/default/debug/mcc_generated_files/i2c_host/src/twi0.o
                0x0000000000804578                twi0_Status

.bss.TWI0_Callback
                0x00000000008045a2        0x2
 .bss.TWI0_Callback
                0x00000000008045a2        0x2 build/default/debug/mcc_generated_files/i2c_host/src/twi0.o

.progmemx.data  0x000000000000015e       0xb7
 .progmemx.data
                0x000000000000015e       0xb7 build/default/debug/main.o

.progmemx.data.twi0_eventTable
                0x0000000000000215       0x12
 .progmemx.data.twi0_eventTable
                0x0000000000000215       0x12 build/default/debug/mcc_generated_files/i2c_host/src/twi0.o
                0x0000000000000215                twi0_eventTable

.data.Get_GPS_Cnt
                0x00000000008045ac        0x1 load address 0x0000000000000227
 .data.Get_GPS_Cnt
                0x00000000008045ac        0x1 build/default/debug/main.o
                0x00000000008045ac                Get_GPS_Cnt

.text.avrlibc   0x0000000000000228      0x444
 .text.avrlibc  0x0000000000000228      0x444 c:/program files/microchip/xc8/v2.32/avr/bin/../lib/gcc/avr/5.4.0/../../../../avr/lib/avrxmega4/memx-const\libc.a(vfprintf_std.o)
                0x0000000000000228                vfprintf

.text.PIN_MANAGER_Initialize
                0x000000000000066c      0x154
 .text.PIN_MANAGER_Initialize
                0x000000000000066c      0x154 build/default/debug/mcc_generated_files/system/src/pins.o
                0x000000000000066c                PIN_MANAGER_Initialize

.text.BMI_160_INIT
                0x00000000000007c0      0x120
 .text.BMI_160_INIT
                0x00000000000007c0      0x120 build/default/debug/src/BMI160_INIT.o
                0x00000000000007c0                BMI_160_INIT

.text.NMEA_Parse
                0x00000000000008e0      0x108
 .text.NMEA_Parse
                0x00000000000008e0      0x108 build/default/debug/main.o
                0x00000000000008e0                NMEA_Parse

.text.TWI0_ErrorEventHandler
                0x00000000000009e8       0xce
 .text.TWI0_ErrorEventHandler
                0x00000000000009e8       0xce build/default/debug/mcc_generated_files/i2c_host/src/twi0.o

.text.__vector_17
                0x0000000000000ab6       0xc2
 .text.__vector_17
                0x0000000000000ab6       0xc2 build/default/debug/mcc_generated_files/i2c_host/src/twi0.o
                0x0000000000000ab6                __vector_17

.text.avrlibc   0x0000000000000b78       0xbc
 .text.avrlibc  0x0000000000000b78       0xbc c:/program files/microchip/xc8/v2.32/avr/bin/../lib/gcc/avr/5.4.0/../../../../avr/lib/avrxmega4/memx-const\libc.a(ultoa_invert.o)
                0x0000000000000b78                __ultoa_invert

.text.USART0_ReceiveISR
                0x0000000000000c34       0xb2
 .text.USART0_ReceiveISR
                0x0000000000000c34       0xb2 build/default/debug/mcc_generated_files/uart/src/usart0.o
                0x0000000000000c34                USART0_ReceiveISR

.text.USART1_ReceiveISR
                0x0000000000000ce6       0xb2
 .text.USART1_ReceiveISR
                0x0000000000000ce6       0xb2 build/default/debug/mcc_generated_files/uart/src/usart1.o
                0x0000000000000ce6                USART1_ReceiveISR

.text.GPS_Coordonates_Send
                0x0000000000000d98       0xa4
 .text.GPS_Coordonates_Send
                0x0000000000000d98       0xa4 build/default/debug/main.o
                0x0000000000000d98                GPS_Coordonates_Send

.text.USART1_Initialize
                0x0000000000000e3c       0x9e
 .text.USART1_Initialize
                0x0000000000000e3c       0x9e build/default/debug/mcc_generated_files/uart/src/usart1.o
                0x0000000000000e3c                USART1_Initialize

.text.__vector_29
                0x0000000000000eda       0x96
 .text.__vector_29
                0x0000000000000eda       0x96 build/default/debug/mcc_generated_files/system/src/pins.o
                0x0000000000000eda                __vector_29

.text.USART0_Initialize
                0x0000000000000f70       0x92
 .text.USART0_Initialize
                0x0000000000000f70       0x92 build/default/debug/mcc_generated_files/uart/src/usart0.o
                0x0000000000000f70                USART0_Initialize

.text.main      0x0000000000001002       0x92
 .text.main     0x0000000000001002       0x92 build/default/debug/main.o
                0x0000000000001002                main

.text.avrlibc   0x0000000000001094       0x92
 .text.avrlibc  0x0000000000001094       0x92 c:/program files/microchip/xc8/v2.32/avr/bin/../lib/gcc/avr/5.4.0/../../../../avr/lib/avrxmega4/memx-const\libc.a(puts.o)
                0x0000000000001094                puts

.text.__vector_3
                0x0000000000001126       0x7e
 .text.__vector_3
                0x0000000000001126       0x7e build/default/debug/mcc_generated_files/timer/src/rtc.o
                0x0000000000001126                __vector_3

.text.avrlibc   0x00000000000011a4       0x78
 .text.avrlibc  0x00000000000011a4       0x78 c:/program files/microchip/xc8/v2.32/avr/bin/../lib/gcc/avr/5.4.0/../../../../avr/lib/avrxmega4/memx-const\libc.a(fputc.o)
                0x00000000000011a4                fputc

.text.I2C_EVENT_RX
                0x000000000000121c       0x76
 .text.I2C_EVENT_RX
                0x000000000000121c       0x76 build/default/debug/mcc_generated_files/i2c_host/src/twi0.o

.text.avrlibc   0x0000000000001292       0x70
 .text.avrlibc  0x0000000000001292       0x70 c:/program files/microchip/xc8/v2.32/avr/bin/../lib/gcc/avr/5.4.0/../../../../avr/lib/avrxmega4/memx-const\libc.a(snprintf.o)
                0x0000000000001292                snprintf

.text.CLOCK_Initialize
                0x0000000000001302       0x6e
 .text.CLOCK_Initialize
                0x0000000000001302       0x6e build/default/debug/mcc_generated_files/system/src/clock.o
                0x0000000000001302                CLOCK_Initialize

.text.__vector_6
                0x0000000000001370       0x6c
 .text.__vector_6
                0x0000000000001370       0x6c build/default/debug/mcc_generated_files/system/src/pins.o
                0x0000000000001370                __vector_6

.text.__vector_4
                0x00000000000013dc       0x60
 .text.__vector_4
                0x00000000000013dc       0x60 build/default/debug/mcc_generated_files/timer/src/rtc.o
                0x00000000000013dc                __vector_4

.text.SIM808_RECIEVE
                0x000000000000143c       0x60
 .text.SIM808_RECIEVE
                0x000000000000143c       0x60 build/default/debug/main.o
                0x000000000000143c                SIM808_RECIEVE

.text.__vector_22
                0x000000000000149c       0x5e
 .text.__vector_22
                0x000000000000149c       0x5e build/default/debug/mcc_generated_files/system/src/pins.o
                0x000000000000149c                __vector_22

.text.TWI0_Write
                0x00000000000014fa       0x5c
 .text.TWI0_Write
                0x00000000000014fa       0x5c build/default/debug/mcc_generated_files/i2c_host/src/twi0.o
                0x00000000000014fa                TWI0_Write

.text.__vector_19
                0x0000000000001556       0x5a
 .text.__vector_19
                0x0000000000001556       0x5a build/default/debug/mcc_generated_files/uart/src/usart0.o
                0x0000000000001556                __vector_19

.text.__vector_20
                0x00000000000015b0       0x5a
 .text.__vector_20
                0x00000000000015b0       0x5a build/default/debug/mcc_generated_files/uart/src/usart0.o
                0x00000000000015b0                __vector_20

.text.__vector_31
                0x000000000000160a       0x5a
 .text.__vector_31
                0x000000000000160a       0x5a build/default/debug/mcc_generated_files/uart/src/usart1.o
                0x000000000000160a                __vector_31

.text.__vector_32
                0x0000000000001664       0x5a
 .text.__vector_32
                0x0000000000001664       0x5a build/default/debug/mcc_generated_files/uart/src/usart1.o
                0x0000000000001664                __vector_32

.text.avrlibc   0x00000000000016be       0x52
 .text.avrlibc  0x00000000000016be       0x52 c:/program files/microchip/xc8/v2.32/avr/bin/../lib/gcc/avr/5.4.0/../../../../avr/lib/avrxmega4/memx-const\libc.a(strncat_M.o)
                0x00000000000016be                strncat

.text.USART0_Write
                0x0000000000001710       0x4c
 .text.USART0_Write
                0x0000000000001710       0x4c build/default/debug/mcc_generated_files/uart/src/usart0.o
                0x0000000000001710                USART0_Write

.text.USART1_Write
                0x000000000000175c       0x4c
 .text.USART1_Write
                0x000000000000175c       0x4c build/default/debug/mcc_generated_files/uart/src/usart1.o
                0x000000000000175c                USART1_Write

.text.USART0_Print
                0x00000000000017a8       0x4c
 .text.USART0_Print
                0x00000000000017a8       0x4c build/default/debug/main.o
                0x00000000000017a8                USART0_Print

.text.I2C_EVENT_TX
                0x00000000000017f4       0x46
 .text.I2C_EVENT_TX
                0x00000000000017f4       0x46 build/default/debug/mcc_generated_files/i2c_host/src/twi0.o

.text.send_sms_message_AT
                0x000000000000183a       0x44
 .text.send_sms_message_AT
                0x000000000000183a       0x44 build/default/debug/main.o
                0x000000000000183a                send_sms_message_AT

.text.avrlibc   0x000000000000187e       0x44
 .text.avrlibc  0x000000000000187e       0x44 c:/program files/microchip/xc8/v2.32/avr/bin/../lib/gcc/avr/5.4.0/../../../../avr/lib/avrxmega4/memx-const\libc.a(strcmp_M.o)
                0x000000000000187e                strcmp

.text.I2C_EVENT_STOP
                0x00000000000018c2       0x40
 .text.I2C_EVENT_STOP
                0x00000000000018c2       0x40 build/default/debug/mcc_generated_files/i2c_host/src/twi0.o

.text.RTC_Initialize
                0x0000000000001902       0x38
 .text.RTC_Initialize
                0x0000000000001902       0x38 build/default/debug/mcc_generated_files/timer/src/rtc.o
                0x0000000000001902                RTC_Initialize

.text.USART0_TransmitISR
                0x000000000000193a       0x38
 .text.USART0_TransmitISR
                0x000000000000193a       0x38 build/default/debug/mcc_generated_files/uart/src/usart0.o
                0x000000000000193a                USART0_TransmitISR

.text.USART1_TransmitISR
                0x0000000000001972       0x38
 .text.USART1_TransmitISR
                0x0000000000001972       0x38 build/default/debug/mcc_generated_files/uart/src/usart1.o
                0x0000000000001972                USART1_TransmitISR

.text.avrlibc   0x00000000000019aa       0x38
 .text.avrlibc  0x00000000000019aa       0x38 c:/program files/microchip/xc8/v2.32/avr/bin/../lib/gcc/avr/5.4.0/../../../../avr/lib/avrxmega4/memx-const\libc.a(strnlen_M.o)
                0x00000000000019aa                strnlen

.text.__vector_21
                0x00000000000019e2       0x32
 .text.__vector_21
                0x00000000000019e2       0x32 build/default/debug/mcc_generated_files/uart/src/usart0.o
                0x00000000000019e2                __vector_21

.text.__vector_33
                0x0000000000001a14       0x32
 .text.__vector_33
                0x0000000000001a14       0x32 build/default/debug/mcc_generated_files/uart/src/usart1.o
                0x0000000000001a14                __vector_33

.text.TWI0_Initialize
                0x0000000000001a46       0x32
 .text.TWI0_Initialize
                0x0000000000001a46       0x32 build/default/debug/mcc_generated_files/i2c_host/src/twi0.o
                0x0000000000001a46                TWI0_Initialize

.text.avrlibc   0x0000000000001a78       0x32
 .text.avrlibc  0x0000000000001a78       0x32 c:/program files/microchip/xc8/v2.32/avr/bin/../lib/gcc/avr/5.4.0/../../../../avr/lib/avrxmega4/memx-const\libc.a(memcpy_M.o)
                0x0000000000001a78                memcpy

.text.Sleep_Mode_Init
                0x0000000000001aaa       0x2e
 .text.Sleep_Mode_Init
                0x0000000000001aaa       0x2e build/default/debug/main.o
                0x0000000000001aaa                Sleep_Mode_Init

.text.avrlibc   0x0000000000001ad8       0x2a
 .text.avrlibc  0x0000000000001ad8       0x2a c:/program files/microchip/xc8/v2.32/avr/bin/../lib/gcc/avr/5.4.0/../../../../avr/lib/avrxmega4/memx-const\libc.a(printf.o)
                0x0000000000001ad8                printf

.text.avrlibc   0x0000000000001b02       0x24
 .text.avrlibc  0x0000000000001b02       0x24 c:/program files/microchip/xc8/v2.32/avr/bin/../lib/gcc/avr/5.4.0/../../../../avr/lib/avrxmega4/memx-const\libc.a(strlen_M.o)
                0x0000000000001b02                strlen

.text.SYSTEM_Initialize
                0x0000000000001b26       0x1e
 .text.SYSTEM_Initialize
                0x0000000000001b26       0x1e build/default/debug/mcc_generated_files/system/src/system.o
                0x0000000000001b26                SYSTEM_Initialize

.text.__vector_44
                0x0000000000001b44       0x1c
 .text.__vector_44
                0x0000000000001b44       0x1c build/default/debug/mcc_generated_files/system/src/pins.o
                0x0000000000001b44                __vector_44

.text.__vector_45
                0x0000000000001b60       0x1c
 .text.__vector_45
                0x0000000000001b60       0x1c build/default/debug/mcc_generated_files/system/src/pins.o
                0x0000000000001b60                __vector_45

.text.__vector_34
                0x0000000000001b7c       0x1c
 .text.__vector_34
                0x0000000000001b7c       0x1c build/default/debug/mcc_generated_files/system/src/pins.o
                0x0000000000001b7c                __vector_34

.text.CPUINT_Initialize
                0x0000000000001b98       0x1a
 .text.CPUINT_Initialize
                0x0000000000001b98       0x1a build/default/debug/mcc_generated_files/system/src/interrupt.o
                0x0000000000001b98                CPUINT_Initialize

.text.i2c_MasterResetBus
                0x0000000000001bb2       0x18
 .text.i2c_MasterResetBus
                0x0000000000001bb2       0x18 build/default/debug/src/BMI160_INIT.o
                0x0000000000001bb2                i2c_MasterResetBus

.text.I2C_0_EndSession
                0x0000000000001bca       0x18
 .text.I2C_0_EndSession
                0x0000000000001bca       0x18 build/default/debug/src/BMI160_INIT.o
                0x0000000000001bca                I2C_0_EndSession

.text.TWI0_IsBusy
                0x0000000000001be2       0x18
 .text.TWI0_IsBusy
                0x0000000000001be2       0x18 build/default/debug/mcc_generated_files/i2c_host/src/twi0.o
                0x0000000000001be2                TWI0_IsBusy

.text.I2C_EVENT_RESET
                0x0000000000001bfa       0x18
 .text.I2C_EVENT_RESET
                0x0000000000001bfa       0x18 build/default/debug/mcc_generated_files/i2c_host/src/twi0.o

.text.DELAY_milliseconds
                0x0000000000001c12       0x16
 .text.DELAY_milliseconds
                0x0000000000001c12       0x16 build/default/debug/mcc_generated_files/timer/src/delay.o
                0x0000000000001c12                DELAY_milliseconds

.text.I2C_EVENT_SEND_RD_ADDR
                0x0000000000001c28       0x14
 .text.I2C_EVENT_SEND_RD_ADDR
                0x0000000000001c28       0x14 build/default/debug/mcc_generated_files/i2c_host/src/twi0.o

.text.USART1_printCHAR
                0x0000000000001c3c       0x12
 .text.USART1_printCHAR
                0x0000000000001c3c       0x12 build/default/debug/mcc_generated_files/uart/src/usart1.o
                0x0000000000001c3c                USART1_printCHAR

.text.I2C_EVENT_IDLE
                0x0000000000001c4e       0x12
 .text.I2C_EVENT_IDLE
                0x0000000000001c4e       0x12 build/default/debug/mcc_generated_files/i2c_host/src/twi0.o

.text.I2C_EVENT_SEND_WR_ADDR
                0x0000000000001c60       0x12
 .text.I2C_EVENT_SEND_WR_ADDR
                0x0000000000001c60       0x12 build/default/debug/mcc_generated_files/i2c_host/src/twi0.o

.text.libgcc    0x0000000000001c72       0x12
 .text.libgcc   0x0000000000001c72       0x12 c:/program files/microchip/xc8/v2.32/avr/bin/../lib/gcc/avr/5.4.0/avrxmega4/memx-const\libgcc.a(_xload_2.o)
                0x0000000000001c72                __xload_2

.text.i2c_write
                0x0000000000001c84       0x10
 .text.i2c_write
                0x0000000000001c84       0x10 build/default/debug/src/BMI160_INIT.o
                0x0000000000001c84                i2c_write

.text.I2C_EVENT_ERROR
                0x0000000000001c94       0x10
 .text.I2C_EVENT_ERROR
                0x0000000000001c94       0x10 build/default/debug/mcc_generated_files/i2c_host/src/twi0.o

.text.USART0_RxCompleteCallbackRegister
                0x0000000000001ca4        0xe
 .text.USART0_RxCompleteCallbackRegister
                0x0000000000001ca4        0xe build/default/debug/mcc_generated_files/uart/src/usart0.o
                0x0000000000001ca4                USART0_RxCompleteCallbackRegister

.text.USART1_RxCompleteCallbackRegister
                0x0000000000001cb2        0xe
 .text.USART1_RxCompleteCallbackRegister
                0x0000000000001cb2        0xe build/default/debug/mcc_generated_files/uart/src/usart1.o
                0x0000000000001cb2                USART1_RxCompleteCallbackRegister

.text.Motion_Detected
                0x0000000000001cc0        0xe
 .text.Motion_Detected
                0x0000000000001cc0        0xe build/default/debug/main.o
                0x0000000000001cc0                Motion_Detected

.text.libgcc    0x0000000000001cce        0xe
 .text.libgcc   0x0000000000001cce        0xe c:/program files/microchip/xc8/v2.32/avr/bin/../lib/gcc/avr/5.4.0/avrxmega4/memx-const\libgcc.a(_xload_1.o)
                0x0000000000001cce                __xload_1

.text.PD6_SetInterruptHandler
                0x0000000000001cdc        0xa
 .text.PD6_SetInterruptHandler
                0x0000000000001cdc        0xa build/default/debug/mcc_generated_files/system/src/pins.o
                0x0000000000001cdc                PD6_SetInterruptHandler

.text.protected_write_io
                0x0000000000001ce6        0xa
 .text.protected_write_io
                0x0000000000001ce6        0xa build/default/debug/mcc_generated_files/system/src/protected_io.o
                0x0000000000001ce6                protected_write_io

.text.RTC_SetOVFIsrCallback
                0x0000000000001cf0        0xa
 .text.RTC_SetOVFIsrCallback
                0x0000000000001cf0        0xa build/default/debug/mcc_generated_files/timer/src/rtc.o
                0x0000000000001cf0                RTC_SetOVFIsrCallback

.text.CDC_TX    0x0000000000001cfa        0xa
 .text.CDC_TX   0x0000000000001cfa        0xa build/default/debug/main.o
                0x0000000000001cfa                CDC_TX

.text.GPS_ACQUIRE_TIMESTAMP
                0x0000000000001d04        0x8
 .text.GPS_ACQUIRE_TIMESTAMP
                0x0000000000001d04        0x8 build/default/debug/main.o
                0x0000000000001d04                GPS_ACQUIRE_TIMESTAMP

.text.I2C_EVENT_NACK
                0x0000000000001d0c        0x6
 .text.I2C_EVENT_NACK
                0x0000000000001d0c        0x6 build/default/debug/mcc_generated_files/i2c_host/src/twi0.o

.text           0x0000000000001d12        0x4
 .text          0x0000000000001d12        0x4 C:/Users/M68150/.mchp_packs/Microchip/AVR-Dx_DFP/2.1.152/xc8/avr/lib/avrxmega4/memx-const/crtavr128da48.o
                0x0000000000001d12                __vector_38
                0x0000000000001d12                __vector_28
                0x0000000000001d12                __vector_1
                0x0000000000001d12                __vector_24
                0x0000000000001d12                __vector_12
                0x0000000000001d12                __vector_55
                0x0000000000001d12                __vector_46
                0x0000000000001d12                __bad_interrupt
                0x0000000000001d12                __vector_35
                0x0000000000001d12                __vector_39
                0x0000000000001d12                __vector_23
                0x0000000000001d12                __vector_30
                0x0000000000001d12                __vector_25
                0x0000000000001d12                __vector_11
                0x0000000000001d12                __vector_54
                0x0000000000001d12                __vector_13
                0x0000000000001d12                __vector_56
                0x0000000000001d12                __vector_7
                0x0000000000001d12                __vector_49
                0x0000000000001d12                __vector_41
                0x0000000000001d12                __vector_43
                0x0000000000001d12                __vector_27
                0x0000000000001d12                __vector_5
                0x0000000000001d12                __vector_47
                0x0000000000001d12                __vector_52
                0x0000000000001d12                __vector_37
                0x0000000000001d12                __vector_51
                0x0000000000001d12                __vector_9
                0x0000000000001d12                __vector_2
                0x0000000000001d12                __vector_15
                0x0000000000001d12                __vector_36
                0x0000000000001d12                __vector_40
                0x0000000000001d12                __vector_8
                0x0000000000001d12                __vector_26
                0x0000000000001d12                __vector_48
                0x0000000000001d12                __vector_14
                0x0000000000001d12                __vector_57
                0x0000000000001d12                __vector_53
                0x0000000000001d12                __vector_10
                0x0000000000001d12                __vector_50
                0x0000000000001d12                __vector_16
                0x0000000000001d12                __vector_18
                0x0000000000001d12                __vector_42

.text.PA1_DefaultInterruptHandler
                0x0000000000001d16        0x2
 .text.PA1_DefaultInterruptHandler
                0x0000000000001d16        0x2 build/default/debug/mcc_generated_files/system/src/pins.o
                0x0000000000001d16                PA1_DefaultInterruptHandler

.text.PA0_DefaultInterruptHandler
                0x0000000000001d18        0x2
 .text.PA0_DefaultInterruptHandler
                0x0000000000001d18        0x2 build/default/debug/mcc_generated_files/system/src/pins.o
                0x0000000000001d18                PA0_DefaultInterruptHandler

.text.PC3_DefaultInterruptHandler
                0x0000000000001d1a        0x2
 .text.PC3_DefaultInterruptHandler
                0x0000000000001d1a        0x2 build/default/debug/mcc_generated_files/system/src/pins.o
                0x0000000000001d1a                PC3_DefaultInterruptHandler

.text.PC2_DefaultInterruptHandler
                0x0000000000001d1c        0x2
 .text.PC2_DefaultInterruptHandler
                0x0000000000001d1c        0x2 build/default/debug/mcc_generated_files/system/src/pins.o
                0x0000000000001d1c                PC2_DefaultInterruptHandler

.text.PC1_DefaultInterruptHandler
                0x0000000000001d1e        0x2
 .text.PC1_DefaultInterruptHandler
                0x0000000000001d1e        0x2 build/default/debug/mcc_generated_files/system/src/pins.o
                0x0000000000001d1e                PC1_DefaultInterruptHandler

.text.PC0_DefaultInterruptHandler
                0x0000000000001d20        0x2
 .text.PC0_DefaultInterruptHandler
                0x0000000000001d20        0x2 build/default/debug/mcc_generated_files/system/src/pins.o
                0x0000000000001d20                PC0_DefaultInterruptHandler

.text.PD6_DefaultInterruptHandler
                0x0000000000001d22        0x2
 .text.PD6_DefaultInterruptHandler
                0x0000000000001d22        0x2 build/default/debug/mcc_generated_files/system/src/pins.o
                0x0000000000001d22                PD6_DefaultInterruptHandler

.text.PC6_DefaultInterruptHandler
                0x0000000000001d24        0x2
 .text.PC6_DefaultInterruptHandler
                0x0000000000001d24        0x2 build/default/debug/mcc_generated_files/system/src/pins.o
                0x0000000000001d24                PC6_DefaultInterruptHandler

.text.USART0_DefaultFramingErrorCallback
                0x0000000000001d26        0x2
 .text.USART0_DefaultFramingErrorCallback
                0x0000000000001d26        0x2 build/default/debug/mcc_generated_files/uart/src/usart0.o

.text.USART0_DefaultOverrunErrorCallback
                0x0000000000001d28        0x2
 .text.USART0_DefaultOverrunErrorCallback
                0x0000000000001d28        0x2 build/default/debug/mcc_generated_files/uart/src/usart0.o

.text.USART0_DefaultParityErrorCallback
                0x0000000000001d2a        0x2
 .text.USART0_DefaultParityErrorCallback
                0x0000000000001d2a        0x2 build/default/debug/mcc_generated_files/uart/src/usart0.o

.text.USART1_DefaultFramingErrorCallback
                0x0000000000001d2c        0x2
 .text.USART1_DefaultFramingErrorCallback
                0x0000000000001d2c        0x2 build/default/debug/mcc_generated_files/uart/src/usart1.o

.text.USART1_DefaultOverrunErrorCallback
                0x0000000000001d2e        0x2
 .text.USART1_DefaultOverrunErrorCallback
                0x0000000000001d2e        0x2 build/default/debug/mcc_generated_files/uart/src/usart1.o

.text.USART1_DefaultParityErrorCallback
                0x0000000000001d30        0x2
 .text.USART1_DefaultParityErrorCallback
                0x0000000000001d30        0x2 build/default/debug/mcc_generated_files/uart/src/usart1.o

.text.TWI0_DefaultCallback
                0x0000000000001d32        0x2
 .text.TWI0_DefaultCallback
                0x0000000000001d32        0x2 build/default/debug/mcc_generated_files/i2c_host/src/twi0.o

.data.USART1_stream
                0x0000000000804569        0xf load address 0x0000000000001d34
 .data.USART1_stream
                0x0000000000804569        0xf build/default/debug/mcc_generated_files/uart/src/usart1.o
                0x0000000000804569                USART1_stream
